Component: Arm Compiler for Embedded 6.23 Tool: armlink [5f102400]

==============================================================================

Section Cross References

    startup_stm32h723xx.o(STACK) refers (Special) to heapauxi.o(.text) for __use_two_region_memory
    startup_stm32h723xx.o(HEAP) refers (Special) to heapauxi.o(.text) for __use_two_region_memory
    startup_stm32h723xx.o(RESET) refers (Special) to heapauxi.o(.text) for __use_two_region_memory
    startup_stm32h723xx.o(RESET) refers to startup_stm32h723xx.o(STACK) for __initial_sp
    startup_stm32h723xx.o(RESET) refers to startup_stm32h723xx.o(.text) for Reset_Handler
    startup_stm32h723xx.o(RESET) refers to stm32h7xx_it.o(.text.NMI_Handler) for NMI_Handler
    startup_stm32h723xx.o(RESET) refers to stm32h7xx_it.o(.text.HardFault_Handler) for HardFault_Handler
    startup_stm32h723xx.o(RESET) refers to stm32h7xx_it.o(.text.MemManage_Handler) for MemManage_Handler
    startup_stm32h723xx.o(RESET) refers to stm32h7xx_it.o(.text.BusFault_Handler) for BusFault_Handler
    startup_stm32h723xx.o(RESET) refers to stm32h7xx_it.o(.text.UsageFault_Handler) for UsageFault_Handler
    startup_stm32h723xx.o(RESET) refers to stm32h7xx_it.o(.text.SVC_Handler) for SVC_Handler
    startup_stm32h723xx.o(RESET) refers to stm32h7xx_it.o(.text.DebugMon_Handler) for DebugMon_Handler
    startup_stm32h723xx.o(RESET) refers to stm32h7xx_it.o(.text.PendSV_Handler) for PendSV_Handler
    startup_stm32h723xx.o(RESET) refers to stm32h7xx_it.o(.text.SysTick_Handler) for SysTick_Handler
    startup_stm32h723xx.o(RESET) refers to stm32h7xx_it.o(.text.DMA1_Stream0_IRQHandler) for DMA1_Stream0_IRQHandler
    startup_stm32h723xx.o(RESET) refers to stm32h7xx_it.o(.text.DMA1_Stream1_IRQHandler) for DMA1_Stream1_IRQHandler
    startup_stm32h723xx.o(RESET) refers to stm32h7xx_it.o(.text.DMA1_Stream2_IRQHandler) for DMA1_Stream2_IRQHandler
    startup_stm32h723xx.o(RESET) refers to stm32h7xx_it.o(.text.DMA1_Stream3_IRQHandler) for DMA1_Stream3_IRQHandler
    startup_stm32h723xx.o(RESET) refers to stm32h7xx_it.o(.text.DMA1_Stream4_IRQHandler) for DMA1_Stream4_IRQHandler
    startup_stm32h723xx.o(RESET) refers to stm32h7xx_it.o(.text.DMA1_Stream5_IRQHandler) for DMA1_Stream5_IRQHandler
    startup_stm32h723xx.o(RESET) refers to stm32h7xx_it.o(.text.DMA1_Stream6_IRQHandler) for DMA1_Stream6_IRQHandler
    startup_stm32h723xx.o(RESET) refers to stm32h7xx_it.o(.text.FDCAN1_IT0_IRQHandler) for FDCAN1_IT0_IRQHandler
    startup_stm32h723xx.o(RESET) refers to stm32h7xx_it.o(.text.FDCAN2_IT0_IRQHandler) for FDCAN2_IT0_IRQHandler
    startup_stm32h723xx.o(RESET) refers to stm32h7xx_it.o(.text.FDCAN1_IT1_IRQHandler) for FDCAN1_IT1_IRQHandler
    startup_stm32h723xx.o(RESET) refers to stm32h7xx_it.o(.text.FDCAN2_IT1_IRQHandler) for FDCAN2_IT1_IRQHandler
    startup_stm32h723xx.o(RESET) refers to stm32h7xx_it.o(.text.SPI2_IRQHandler) for SPI2_IRQHandler
    startup_stm32h723xx.o(RESET) refers to stm32h7xx_it.o(.text.USART1_IRQHandler) for USART1_IRQHandler
    startup_stm32h723xx.o(RESET) refers to stm32h7xx_it.o(.text.USART2_IRQHandler) for USART2_IRQHandler
    startup_stm32h723xx.o(RESET) refers to stm32h7xx_it.o(.text.USART3_IRQHandler) for USART3_IRQHandler
    startup_stm32h723xx.o(RESET) refers to stm32h7xx_it.o(.text.TIM8_UP_TIM13_IRQHandler) for TIM8_UP_TIM13_IRQHandler
    startup_stm32h723xx.o(RESET) refers to stm32h7xx_it.o(.text.DMA1_Stream7_IRQHandler) for DMA1_Stream7_IRQHandler
    startup_stm32h723xx.o(RESET) refers to stm32h7xx_it.o(.text.UART5_IRQHandler) for UART5_IRQHandler
    startup_stm32h723xx.o(RESET) refers to stm32h7xx_it.o(.text.TIM7_IRQHandler) for TIM7_IRQHandler
    startup_stm32h723xx.o(RESET) refers to stm32h7xx_it.o(.text.DMA2_Stream0_IRQHandler) for DMA2_Stream0_IRQHandler
    startup_stm32h723xx.o(RESET) refers to stm32h7xx_it.o(.text.DMA2_Stream1_IRQHandler) for DMA2_Stream1_IRQHandler
    startup_stm32h723xx.o(RESET) refers to stm32h7xx_it.o(.text.DMA2_Stream2_IRQHandler) for DMA2_Stream2_IRQHandler
    startup_stm32h723xx.o(RESET) refers to stm32h7xx_it.o(.text.DMA2_Stream3_IRQHandler) for DMA2_Stream3_IRQHandler
    startup_stm32h723xx.o(RESET) refers to stm32h7xx_it.o(.text.DMA2_Stream4_IRQHandler) for DMA2_Stream4_IRQHandler
    startup_stm32h723xx.o(RESET) refers to stm32h7xx_it.o(.text.DMA2_Stream5_IRQHandler) for DMA2_Stream5_IRQHandler
    startup_stm32h723xx.o(RESET) refers to stm32h7xx_it.o(.text.DMA2_Stream6_IRQHandler) for DMA2_Stream6_IRQHandler
    startup_stm32h723xx.o(RESET) refers to stm32h7xx_it.o(.text.OTG_HS_IRQHandler) for OTG_HS_IRQHandler
    startup_stm32h723xx.o(RESET) refers to stm32h7xx_it.o(.text.UART7_IRQHandler) for UART7_IRQHandler
    startup_stm32h723xx.o(RESET) refers to stm32h7xx_it.o(.text.BDMA_Channel0_IRQHandler) for BDMA_Channel0_IRQHandler
    startup_stm32h723xx.o(RESET) refers to stm32h7xx_it.o(.text.USART10_IRQHandler) for USART10_IRQHandler
[...]
    uwTick                                   0x200030b4   Data           4  stm32h7xx_hal.o(.bss.uwTick)
    Usart5_recv_Data                         0x24000000   Data          18  uart.o(.AXI_SRAM)
    motor_YS_send_Temp_buffer                0x24000058   Data          17  motor_ys.o(.AXI_SRAM)
    motor_YS_recv_Temp_buffer                0x24000069   Data          16  motor_ys.o(.AXI_SRAM)



==============================================================================

Memory Map of the image

  Image Entry point : 0x080002cd

  Load Region LR_IROM1 (Base: 0x08000000, Size: 0x00017f4c, Max: 0x00100000, ABSOLUTE)

    Execution Region ER_IROM1 (Exec base: 0x08000000, Load base: 0x08000000, Size: 0x00017db8, Max: 0x00100000, ABSOLUTE)

    Exec Addr    Load Addr    Size         Type   Attr      Idx    E Section Name        Object

    0x08000000   0x08000000   0x000002cc   Data   RO            3    RESET               startup_stm32h723xx.o
    0x080002cc   0x080002cc   0x00000008   Code   RO         3406  * !!!main             c_w.l(__main.o)
    0x080002d4   0x080002d4   0x0000005c   Code   RO         3627    !!!scatter          c_w.l(__scatter.o)
    0x08000330   0x08000330   0x0000003a   Code   RO         3625    !!dczerorl          c_w.l(__dczerorl.o)
    0x0800036a   0x0800036a   0x00000002   PAD
    0x0800036c   0x0800036c   0x0000001a   Code   RO         3631    !!handler_copy      c_w.l(__scatter_copy.o)
    0x08000386   0x08000386   0x00000002   PAD
    0x08000388   0x08000388   0x00000002   Code   RO         3628    !!handler_null      c_w.l(__scatter.o)
    0x0800038a   0x0800038a   0x00000002   PAD
    0x0800038c   0x0800038c   0x0000001c   Code   RO         3633    !!handler_zi        c_w.l(__scatter_zi.o)
    0x080003a8   0x080003a8   0x00000002   Code   RO         3545    .ARM.Collect$$libinit$$00000000  c_w.l(libinit.o)
    0x080003aa   0x080003aa   0x00000004   Code   RO         3433    .ARM.Collect$$libinit$$00000001  c_w.l(libinit2.o)
    0x080003ae   0x080003ae   0x00000000   Code   RO         3436    .ARM.Collect$$libinit$$00000004  c_w.l(libinit2.o)
    0x080003ae   0x080003ae   0x00000000   Code   RO         3438    .ARM.Collect$$libinit$$00000006  c_w.l(libinit2.o)
    0x080003ae   0x080003ae   0x00000000   Code   RO         3441    .ARM.Collect$$libinit$$0000000C  c_w.l(libinit2.o)
    0x080003ae   0x080003ae   0x00000000   Code   RO         3443    .ARM.Collect$$libinit$$0000000E  c_w.l(libinit2.o)
    0x080003ae   0x080003ae   0x00000000   Code   RO         3445    .ARM.Collect$$libinit$$00000010  c_w.l(libinit2.o)
    0x080003ae   0x080003ae   0x00000000   Code   RO         3448    .ARM.Collect$$libinit$$00000013  c_w.l(libinit2.o)
    0x080003ae   0x080003ae   0x00000000   Code   RO         3450    .ARM.Collect$$libinit$$00000015  c_w.l(libinit2.o)
    0x080003ae   0x080003ae   0x00000000   Code   RO         3452    .ARM.Collect$$libinit$$00000017  c_w.l(libinit2.o)
    0x080003ae   0x080003ae   0x00000000   Code   RO         3454    .ARM.Collect$$libinit$$00000019  c_w.l(libinit2.o)
    0x080003ae   0x080003ae   0x00000000   Code   RO         3456    .ARM.Collect$$libinit$$0000001B  c_w.l(libinit2.o)
    0x080003ae   0x080003ae   0x00000000   Code   RO         3458    .ARM.Collect$$libinit$$0000001D  c_w.l(libinit2.o)
    0x080003ae   0x080003ae   0x00000000   Code   RO         3460    .ARM.Collect$$libinit$$0000001F  c_w.l(libinit2.o)
    0x080003ae   0x080003ae   0x00000000   Code   RO         3462    .ARM.Collect$$libinit$$00000021  c_w.l(libinit2.o)
    0x080003ae   0x080003ae   0x00000000   Code   RO         3464    .ARM.Collect$$libinit$$00000023  c_w.l(libinit2.o)
    0x080003ae   0x080003ae   0x00000000   Code   RO         3466    .ARM.Collect$$libinit$$00000025  c_w.l(libinit2.o)
    0x080003ae   0x080003ae   0x00000000   Code   RO         3468    .ARM.Collect$$libinit$$00000027  c_w.l(libinit2.o)
    0x080003ae   0x080003ae   0x00000000   Code   RO         3472    .ARM.Collect$$libinit$$0000002E  c_w.l(libinit2.o)
    0x080003ae   0x080003ae   0x00000000   Code   RO         3474    .ARM.Collect$$libinit$$00000030  c_w.l(libinit2.o)
    0x080003ae   0x080003ae   0x00000000   Code   RO         3476    .ARM.Collect$$libinit$$00000032  c_w.l(libinit2.o)
    0x080003ae   0x080003ae   0x00000004   Code   RO         3477    .ARM.Collect$$libinit$$00000033  c_w.l(libinit2.o)
    0x080003b2   0x080003b2   0x00000000   Code   RO         3478    .ARM.Collect$$libinit$$00000034  c_w.l(libinit2.o)
    0x080003b2   0x080003b2   0x00000002   Code   RO         3479    .ARM.Collect$$libinit$$00000035  c_w.l(libinit2.o)
    0x080003b4   0x080003b4   0x00000002   Code   RO         3592    .ARM.Collect$$libshutdown$$00000000  c_w.l(libshutdown.o)
    0x080003b6   0x080003b6   0x00000000   Code   RO         3608    .ARM.Collect$$libshutdown$$00000002  c_w.l(libshutdown2.o)
    0x080003b6   0x080003b6   0x00000000   Code   RO         3610    .ARM.Collect$$libshutdown$$00000004  c_w.l(libshutdown2.o)
    0x080003b6   0x080003b6   0x00000000   Code   RO         3613    .ARM.Collect$$libshutdown$$00000007  c_w.l(libshutdown2.o)
    0x080003b6   0x080003b6   0x00000000   Code   RO         3616    .ARM.Collect$$libshutdown$$0000000A  c_w.l(libshutdown2.o)
    0x080003b6   0x080003b6   0x00000000   Code   RO         3618    .ARM.Collect$$libshutdown$$0000000C  c_w.l(libshutdown2.o)
    0x080003b6   0x080003b6   0x00000000   Code   RO         3621    .ARM.Collect$$libshutdown$$0000000F  c_w.l(libshutdown2.o)
    0x080003b6   0x080003b6   0x00000002   Code   RO         3622    .ARM.Collect$$libshutdown$$00000010  c_w.l(libshutdown2.o)
    0x080003b8   0x080003b8   0x00000000   Code   RO         3426    .ARM.Collect$$rtentry$$00000000  c_w.l(__rtentry.o)
    0x080003b8   0x080003b8   0x00000000   Code   RO         3500    .ARM.Collect$$rtentry$$00000002  c_w.l(__rtentry2.o)
    0x080003b8   0x080003b8   0x00000006   Code   RO         3512    .ARM.Collect$$rtentry$$00000004  c_w.l(__rtentry4.o)
    0x080003be   0x080003be   0x00000000   Code   RO         3502    .ARM.Collect$$rtentry$$00000009  c_w.l(__rtentry2.o)
    0x080003be   0x080003be   0x00000004   Code   RO         3503    .ARM.Collect$$rtentry$$0000000A  c_w.l(__rtentry2.o)
    0x080003c2   0x080003c2   0x00000000   Code   RO         3505    .ARM.Collect$$rtentry$$0000000C  c_w.l(__rtentry2.o)
    0x080003c2   0x080003c2   0x00000008   Code   RO         3506    .ARM.Collect$$rtentry$$0000000D  c_w.l(__rtentry2.o)
    0x080003ca   0x080003ca   0x00000002   Code   RO         3550    .ARM.Collect$$rtexit$$00000000  c_w.l(rtexit.o)
    0x080003cc   0x080003cc   0x00000000   Code   RO         3572    .ARM.Collect$$rtexit$$00000002  c_w.l(rtexit2.o)
    0x080003cc   0x080003cc   0x00000004   Code   RO         3573    .ARM.Collect$$rtexit$$00000003  c_w.l(rtexit2.o)
    0x080003d0   0x080003d0   0x00000006   Code   RO         3574    .ARM.Collect$$rtexit$$00000004  c_w.l(rtexit2.o)
    0x080003d6   0x080003d6   0x00000002   PAD
    0x080003d8   0x080003d8   0x00000040   Code   RO            4    .text               startup_stm32h723xx.o
    0x08000418   0x08000418   0x000000f0   Code   RO         3398    .text               c_w.l(lludivv7m.o)
    0x08000508   0x08000508   0x00000064   Code   RO         3400    .text               c_w.l(rt_memcpy_w.o)
    0x0800056c   0x0800056c   0x0000004e   Code   RO         3402    .text               c_w.l(rt_memclr_w.o)
    0x080005ba   0x080005ba   0x00000006   Code   RO         3404    .text               c_w.l(heapauxi.o)
    0x080005c0   0x080005c0   0x0000002c   Code   RO         3411    .text               c_w.l(init_aeabi.o)
    0x080005ec   0x080005ec   0x00000008   Code   RO         3525    .text               c_w.l(libspace.o)
    0x080005f4   0x080005f4   0x0000004a   Code   RO         3528    .text               c_w.l(sys_stackheap_outer.o)
    0x0800063e   0x0800063e   0x00000012   Code   RO         3530    .text               c_w.l(exit.o)
    0x08000650   0x08000650   0x0000000c   Code   RO         3564    .text               c_w.l(sys_exit.o)
    0x0800065c   0x0800065c   0x00000002   Code   RO         3568    .text               c_w.l(use_no_semi.o)
    0x0800065e   0x0800065e   0x00000000   Code   RO         3570    .text               c_w.l(indicate_semi.o)
    0x0800065e   0x0800065e   0x00000002   PAD
    0x08000660   0x08000660   0x000001da   Code   RO         1547    .text.ADC_ConfigureBoostMode  stm32h7xx_hal_adc.o
    0x0800083a   0x0800083a   0x00000006   PAD
    0x08000840   0x08000840   0x00000010   Code   RO          256    .text.BDMA_Channel0_IRQHandler  stm32h7xx_it.o
    0x08000850   0x08000850   0x00000004   Code   RO          188    .text.BusFault_Handler  stm32h7xx_it.o
    0x08000854   0x08000854   0x00000004   PAD
    0x08000858   0x08000858   0x0000005c   Code   RO          326    .text.CDC_Control_HS  usbd_cdc_if.o
    0x080008b4   0x080008b4   0x00000004   PAD
    0x080008b8   0x080008b8   0x00000004   Code   RO          324    .text.CDC_DeInit_HS  usbd_cdc_if.o
    0x080008bc   0x080008bc   0x00000004   PAD
    0x080008c0   0x080008c0   0x00000032   Code   RO          322    .text.CDC_Init_HS   usbd_cdc_if.o
    0x080008f2   0x080008f2   0x00000006   PAD
    0x080008f8   0x080008f8   0x00000024   Code   RO          328    .text.CDC_Receive_HS  usbd_cdc_if.o
    0x0800091c   0x0800091c   0x00000004   PAD
    0x08000920   0x08000920   0x00000018   Code   RO          330    .text.CDC_TransmitCplt_HS  usbd_cdc_if.o
    0x08000938   0x08000938   0x00000010   Code   RO          200    .text.DMA1_Stream0_IRQHandler  stm32h7xx_it.o
    0x08000948   0x08000948   0x00000010   Code   RO          202    .text.DMA1_Stream1_IRQHandler  stm32h7xx_it.o
    0x08000958   0x08000958   0x00000010   Code   RO          204    .text.DMA1_Stream2_IRQHandler  stm32h7xx_it.o
    0x08000968   0x08000968   0x00000010   Code   RO          206    .text.DMA1_Stream3_IRQHandler  stm32h7xx_it.o
    0x08000978   0x08000978   0x00000010   Code   RO          208    .text.DMA1_Stream4_IRQHandler  stm32h7xx_it.o
    0x08000988   0x08000988   0x00000010   Code   RO          210    .text.DMA1_Stream5_IRQHandler  stm32h7xx_it.o
    0x08000998   0x08000998   0x00000010   Code   RO          212    .text.DMA1_Stream6_IRQHandler  stm32h7xx_it.o
    0x080009a8   0x080009a8   0x00000010   Code   RO          232    .text.DMA1_Stream7_IRQHandler  stm32h7xx_it.o
    0x080009b8   0x080009b8   0x00000010   Code   RO          238    .text.DMA2_Stream0_IRQHandler  stm32h7xx_it.o
    0x080009c8   0x080009c8   0x00000010   Code   RO          240    .text.DMA2_Stream1_IRQHandler  stm32h7xx_it.o
    0x080009d8   0x080009d8   0x00000010   Code   RO          242    .text.DMA2_Stream2_IRQHandler  stm32h7xx_it.o
    0x080009e8   0x080009e8   0x00000010   Code   RO          244    .text.DMA2_Stream3_IRQHandler  stm32h7xx_it.o
    0x080009f8   0x080009f8   0x00000010   Code   RO          246    .text.DMA2_Stream4_IRQHandler  stm32h7xx_it.o
    0x08000a08   0x08000a08   0x00000010   Code   RO          248    .text.DMA2_Stream5_IRQHandler  stm32h7xx_it.o
    0x08000a18   0x08000a18   0x00000010   Code   RO          250    .text.DMA2_Stream6_IRQHandler  stm32h7xx_it.o
    0x08000a28   0x08000a28   0x000001ca   Code   RO          883    .text.DMA_CalcBaseAndBitshift  stm32h7xx_hal_dma.o
    0x08000bf2   0x08000bf2   0x00000006   PAD
    0x08000bf8   0x08000bf8   0x00000178   Code   RO          885    .text.DMA_CalcDMAMUXChannelBaseAndMask  stm32h7xx_hal_dma.o
    0x08000d70   0x08000d70   0x0000012a   Code   RO          887    .text.DMA_CalcDMAMUXRequestGenBaseAndMask  stm32h7xx_hal_dma.o
    0x08000e9a   0x08000e9a   0x00000006   PAD
    0x08000ea0   0x08000ea0   0x000000f0   Code   RO          881    .text.DMA_CheckFifoParam  stm32h7xx_hal_dma.o
    0x08000f90   0x08000f90   0x00000514   Code   RO          893    .text.DMA_SetConfig  stm32h7xx_hal_dma.o
    0x080014a4   0x080014a4   0x00000004   PAD
    0x080014a8   0x080014a8   0x00000002   Code   RO          194    .text.DebugMon_Handler  stm32h7xx_it.o
    0x080014aa   0x080014aa   0x00000006   PAD
    0x080014b0   0x080014b0   0x0000000e   Code   RO           19    .text.Error_Handler  main.o
    0x080014be   0x080014be   0x00000002   PAD
    0x080014c0   0x080014c0   0x00000010   Code   RO          214    .text.FDCAN1_IT0_IRQHandler  stm32h7xx_it.o
    0x080014d0   0x080014d0   0x00000010   Code   RO          218    .text.FDCAN1_IT1_IRQHandler  stm32h7xx_it.o
    0x080014e0   0x080014e0   0x00000010   Code   RO          216    .text.FDCAN2_IT0_IRQHandler  stm32h7xx_it.o
    0x080014f0   0x080014f0   0x00000010   Code   RO          220    .text.FDCAN2_IT1_IRQHandler  stm32h7xx_it.o
    0x08001500   0x08001500   0x00000010   Code   RO          260    .text.FDCAN3_IT0_IRQHandler  stm32h7xx_it.o
    0x08001510   0x08001510   0x00000010   Code   RO          262    .text.FDCAN3_IT1_IRQHandler  stm32h7xx_it.o
    0x08001520   0x08001520   0x000002c2   Code   RO         1809    .text.FDCAN_CalcultateRamBlockAddresses  stm32h7xx_hal_fdcan.o
    0x080017e2   0x080017e2   0x00000006   PAD
    0x080017e8   0x080017e8   0x000000b8   Code   RO         1879    .text.FDCAN_CopyMessageToRAM  stm32h7xx_hal_fdcan.o
    0x080018a0   0x080018a0   0x0000005c   Code   RO          302    .text.Get_SerialNum  usbd_desc.o
    0x080018fc   0x080018fc   0x00000004   PAD
    0x08001900   0x08001900   0x00000292   Code   RO         1782    .text.HAL_ADCEx_MultiModeConfigChannel  stm32h7xx_hal_adc_ex.o
    0x08001b92   0x08001b92   0x00000006   PAD
    0x08001b98   0x08001b98   0x00000ba0   Code   RO         1609    .text.HAL_ADC_ConfigChannel  stm32h7xx_hal_adc.o
    0x08002738   0x08002738   0x00000502   Code   RO         1527    .text.HAL_ADC_Init  stm32h7xx_hal_adc.o
    0x08002c3a   0x08002c3a   0x00000006   PAD
    0x08002c40   0x08002c40   0x000001b4   Code   RO           41    .text.HAL_ADC_MspInit  adc.o
    0x08002df4   0x08002df4   0x00000004   PAD
    0x08002df8   0x08002df8   0x00000978   Code   RO          897    .text.HAL_DMA_Abort  stm32h7xx_hal_dma.o
    0x08003770   0x08003770   0x000006aa   Code   RO          899    .text.HAL_DMA_Abort_IT  stm32h7xx_hal_dma.o
    0x08003e1a   0x08003e1a   0x00000006   PAD
    0x08003e20   0x08003e20   0x000011c0   Code   RO          903    .text.HAL_DMA_IRQHandler  stm32h7xx_hal_dma.o
    0x08004fe0   0x08004fe0   0x00000960   Code   RO          879    .text.HAL_DMA_Init  stm32h7xx_hal_dma.o
    0x08005940   0x08005940   0x00000702   Code   RO          895    .text.HAL_DMA_Start_IT  stm32h7xx_hal_dma.o
    0x08006042   0x08006042   0x00000006   PAD
    0x08006048   0x08006048   0x00000042   Code   RO         1216    .text.HAL_Delay     stm32h7xx_hal.o
    0x0800608a   0x0800608a   0x00000006   PAD
    0x08006090   0x08006090   0x000000ca   Code   RO         1877    .text.HAL_FDCAN_AddMessageToTxFifoQ  stm32h7xx_hal_fdcan.o
    0x0800615a   0x0800615a   0x00000006   PAD
    0x08006160   0x08006160   0x0000000a   Code   RO         1971    .text.HAL_FDCAN_ClockCalibrationCallback  stm32h7xx_hal_fdcan.o
    0x0800616a   0x0800616a   0x00000006   PAD
    0x08006170   0x08006170   0x00000008   Code   RO         1999    .text.HAL_FDCAN_ErrorCallback  stm32h7xx_hal_fdcan.o
    0x08006178   0x08006178   0x0000000a   Code   RO         1989    .text.HAL_FDCAN_ErrorStatusCallback  stm32h7xx_hal_fdcan.o
    0x08006182   0x08006182   0x00000006   PAD
    0x08006188   0x08006188   0x000002f8   Code   RO         1889    .text.HAL_FDCAN_GetRxMessage  stm32h7xx_hal_fdcan.o
    0x08006480   0x08006480   0x00000008   Code   RO         1967    .text.HAL_FDCAN_HighPriorityMessageCallback  stm32h7xx_hal_fdcan.o
    0x08006488   0x08006488   0x000005e2   Code   RO         1965    .text.HAL_FDCAN_IRQHandler  stm32h7xx_hal_fdcan.o
    0x08006a6a   0x08006a6a   0x00000006   PAD
    0x08006a70   0x08006a70   0x000003e0   Code   RO         1805    .text.HAL_FDCAN_Init  stm32h7xx_hal_fdcan.o
    0x08006e50   0x08006e50   0x0000028e   Code   RO           79    .text.HAL_FDCAN_MspInit  fdcan.o
    0x080070de   0x080070de   0x00000002   PAD
    0x080070e0   0x080070e0   0x00000008   Code   RO         1983    .text.HAL_FDCAN_RxBufferNewMessageCallback  stm32h7xx_hal_fdcan.o
    0x080070e8   0x080070e8   0x00000112   Code   RO         2933    .text.HAL_FDCAN_RxFifo0Callback  bsp_fdcan.o
    0x080071fa   0x080071fa   0x00000006   PAD
    0x08007200   0x08007200   0x0000000a   Code   RO         1977    .text.HAL_FDCAN_RxFifo1Callback  stm32h7xx_hal_fdcan.o
    0x0800720a   0x0800720a   0x00000006   PAD
    0x08007210   0x08007210   0x0000000a   Code   RO         1997    .text.HAL_FDCAN_TT_GlobalTimeCallback  stm32h7xx_hal_fdcan.o
    0x0800721a   0x0800721a   0x00000006   PAD
    0x08007220   0x08007220   0x0000000a   Code   RO         1991    .text.HAL_FDCAN_TT_ScheduleSyncCallback  stm32h7xx_hal_fdcan.o
    0x0800722a   0x0800722a   0x00000006   PAD
    0x08007230   0x08007230   0x0000000c   Code   RO         1995    .text.HAL_FDCAN_TT_StopWatchCallback  stm32h7xx_hal_fdcan.o
    0x0800723c   0x0800723c   0x00000004   PAD
    0x08007240   0x08007240   0x0000000a   Code   RO         1993    .text.HAL_FDCAN_TT_TimeMarkCallback  stm32h7xx_hal_fdcan.o
    0x0800724a   0x0800724a   0x00000006   PAD
    0x08007250   0x08007250   0x00000008   Code   RO         1987    .text.HAL_FDCAN_TimeoutOccurredCallback  stm32h7xx_hal_fdcan.o
    0x08007258   0x08007258   0x00000008   Code   RO         1985    .text.HAL_FDCAN_TimestampWraparoundCallback  stm32h7xx_hal_fdcan.o
    0x08007260   0x08007260   0x0000000a   Code   RO         1969    .text.HAL_FDCAN_TxBufferAbortCallback  stm32h7xx_hal_fdcan.o
    0x0800726a   0x0800726a   0x00000006   PAD
    0x08007270   0x08007270   0x0000000a   Code   RO         1981    .text.HAL_FDCAN_TxBufferCompleteCallback  stm32h7xx_hal_fdcan.o
    0x0800727a   0x0800727a   0x00000006   PAD
    0x08007280   0x08007280   0x0000000a   Code   RO         1973    .text.HAL_FDCAN_TxEventFifoCallback  stm32h7xx_hal_fdcan.o
    0x0800728a   0x0800728a   0x00000006   PAD
    0x08007290   0x08007290   0x00000008   Code   RO         1979    .text.HAL_FDCAN_TxFifoEmptyCallback  stm32h7xx_hal_fdcan.o
    0x08007298   0x08007298   0x000003a8   Code   RO          827    .text.HAL_GPIO_Init  stm32h7xx_hal_gpio.o
    0x08007640   0x08007640   0x0000002e   Code   RO          833    .text.HAL_GPIO_WritePin  stm32h7xx_hal_gpio.o
    0x0800766e   0x0800766e   0x00000002   PAD
    0x08007670   0x08007670   0x0000000c   Code   RO         1208    .text.HAL_GetTick   stm32h7xx_hal.o
    0x0800767c   0x0800767c   0x00000004   PAD
    0x08007680   0x08007680   0x0000001a   Code   RO         1206    .text.HAL_IncTick   stm32h7xx_hal.o
    0x0800769a   0x0800769a   0x00000006   PAD
    0x080076a0   0x080076a0   0x0000007a   Code   RO         1196    .text.HAL_Init      stm32h7xx_hal.o
    0x0800771a   0x0800771a   0x00000006   PAD
    0x08007720   0x08007720   0x00000086   Code   RO         1198    .text.HAL_InitTick  stm32h7xx_hal.o
    0x080077a6   0x080077a6   0x00000002   PAD
    0x080077a8   0x080077a8   0x00000080   Code   RO         1155    .text.HAL_MPU_ConfigRegion  stm32h7xx_hal_cortex.o
    0x08007828   0x08007828   0x00000022   Code   RO         1147    .text.HAL_MPU_Disable  stm32h7xx_hal_cortex.o
    0x0800784a   0x0800784a   0x00000006   PAD
    0x08007850   0x08007850   0x00000030   Code   RO         1149    .text.HAL_MPU_Enable  stm32h7xx_hal_cortex.o
    0x08007880   0x08007880   0x00000024   Code   RO          271    .text.HAL_MspInit   stm32h7xx_hal_msp.o
    0x080078a4   0x080078a4   0x00000004   PAD
    0x080078a8   0x080078a8   0x00000014   Code   RO         1131    .text.HAL_NVIC_EnableIRQ  stm32h7xx_hal_cortex.o
    0x080078bc   0x080078bc   0x00000004   PAD
    0x080078c0   0x080078c0   0x0000002e   Code   RO         1123    .text.HAL_NVIC_SetPriority  stm32h7xx_hal_cortex.o
    0x080078ee   0x080078ee   0x00000002   PAD
    0x080078f0   0x080078f0   0x00000010   Code   RO         1119    .text.HAL_NVIC_SetPriorityGrouping  stm32h7xx_hal_cortex.o
    0x08007900   0x08007900   0x00000036   Code   RO          500    .text.HAL_PCDEx_ActivateLPM  stm32h7xx_hal_pcd_ex.o
    0x08007936   0x08007936   0x00000002   PAD
    0x08007938   0x08007938   0x0000000c   Code   RO          512    .text.HAL_PCDEx_LPM_Callback  stm32h7xx_hal_pcd_ex.o
    0x08007944   0x08007944   0x00000004   PAD
    0x08007948   0x08007948   0x00000018   Code   RO          498    .text.HAL_PCDEx_SetRxFiFo  stm32h7xx_hal_pcd_ex.o
    0x08007960   0x08007960   0x0000009c   Code   RO          496    .text.HAL_PCDEx_SetTxFiFo  stm32h7xx_hal_pcd_ex.o
    0x080079fc   0x080079fc   0x00000004   PAD
    0x08007a00   0x08007a00   0x00000014   Code   RO          366    .text.HAL_PCD_ConnectCallback  usbd_conf.o
    0x08007a14   0x08007a14   0x00000004   PAD
    0x08007a18   0x08007a18   0x00000026   Code   RO          352    .text.HAL_PCD_DataInStageCallback  usbd_conf.o
    0x08007a3e   0x08007a3e   0x00000002   PAD
    0x08007a40   0x08007a40   0x00000028   Code   RO          350    .text.HAL_PCD_DataOutStageCallback  usbd_conf.o
    0x08007a68   0x08007a68   0x00000014   Code   RO          368    .text.HAL_PCD_DisconnectCallback  usbd_conf.o
    0x08007a7c   0x08007a7c   0x00000004   PAD
    0x08007a80   0x08007a80   0x0000005e   Code   RO          449    .text.HAL_PCD_EP_Abort  stm32h7xx_hal_pcd.o
    0x08007ade   0x08007ade   0x00000002   PAD
    0x08007ae0   0x08007ae0   0x000000a8   Code   RO          467    .text.HAL_PCD_EP_Close  stm32h7xx_hal_pcd.o
    0x08007b88   0x08007b88   0x000000c8   Code   RO          477    .text.HAL_PCD_EP_ClrStall  stm32h7xx_hal_pcd.o
    0x08007c50   0x08007c50   0x00000022   Code   RO          471    .text.HAL_PCD_EP_GetRxCount  stm32h7xx_hal_pcd.o
    0x08007c72   0x08007c72   0x00000006   PAD
    0x08007c78   0x08007c78   0x000000ea   Code   RO          465    .text.HAL_PCD_EP_Open  stm32h7xx_hal_pcd.o
    0x08007d62   0x08007d62   0x00000006   PAD
    0x08007d68   0x08007d68   0x0000006c   Code   RO          469    .text.HAL_PCD_EP_Receive  stm32h7xx_hal_pcd.o
    0x08007dd4   0x08007dd4   0x00000004   PAD
    0x08007dd8   0x08007dd8   0x000000de   Code   RO          475    .text.HAL_PCD_EP_SetStall  stm32h7xx_hal_pcd.o
    0x08007eb6   0x08007eb6   0x00000002   PAD
    0x08007eb8   0x08007eb8   0x0000006c   Code   RO          473    .text.HAL_PCD_EP_Transmit  stm32h7xx_hal_pcd.o
    0x08007f24   0x08007f24   0x00000004   PAD
    0x08007f28   0x08007f28   0x00000888   Code   RO          427    .text.HAL_PCD_IRQHandler  stm32h7xx_hal_pcd.o
    0x080087b0   0x080087b0   0x0000001c   Code   RO          364    .text.HAL_PCD_ISOINIncompleteCallback  usbd_conf.o
    0x080087cc   0x080087cc   0x00000004   PAD
    0x080087d0   0x080087d0   0x0000001c   Code   RO          362    .text.HAL_PCD_ISOOUTIncompleteCallback  usbd_conf.o
    0x080087ec   0x080087ec   0x00000004   PAD
    0x080087f0   0x080087f0   0x0000023a   Code   RO          415    .text.HAL_PCD_Init  stm32h7xx_hal_pcd.o
    0x08008a2a   0x08008a2a   0x00000006   PAD
    0x08008a30   0x08008a30   0x00000078   Code   RO          344    .text.HAL_PCD_MspInit  usbd_conf.o
    0x08008aa8   0x08008aa8   0x00000052   Code   RO          356    .text.HAL_PCD_ResetCallback  usbd_conf.o
    0x08008afa   0x08008afa   0x00000006   PAD
    0x08008b00   0x08008b00   0x00000014   Code   RO          360    .text.HAL_PCD_ResumeCallback  usbd_conf.o
    0x08008b14   0x08008b14   0x00000004   PAD
    0x08008b18   0x08008b18   0x00000014   Code   RO          354    .text.HAL_PCD_SOFCallback  usbd_conf.o
    0x08008b2c   0x08008b2c   0x00000004   PAD
    0x08008b30   0x08008b30   0x0000005c   Code   RO          463    .text.HAL_PCD_SetAddress  stm32h7xx_hal_pcd.o
    0x08008b8c   0x08008b8c   0x00000004   PAD
    0x08008b90   0x08008b90   0x00000018   Code   RO          348    .text.HAL_PCD_SetupStageCallback  usbd_conf.o
    0x08008ba8   0x08008ba8   0x0000007c   Code   RO          423    .text.HAL_PCD_Start  stm32h7xx_hal_pcd.o
    0x08008c24   0x08008c24   0x00000004   PAD
    0x08008c28   0x08008c28   0x0000003e   Code   RO          358    .text.HAL_PCD_SuspendCallback  usbd_conf.o
    0x08008c66   0x08008c66   0x00000002   PAD
    0x08008c68   0x08008c68   0x000000a2   Code   RO         1036    .text.HAL_PWREx_ConfigSupply  stm32h7xx_hal_pwr_ex.o
    0x08008d0a   0x08008d0a   0x00000006   PAD
    0x08008d10   0x08008d10   0x00000012   Code   RO         1086    .text.HAL_PWREx_EnableUSBVoltageDetector  stm32h7xx_hal_pwr_ex.o
    0x08008d22   0x08008d22   0x00000006   PAD
    0x08008d28   0x08008d28   0x00000026   Code   RO          677    .text.HAL_RCCEx_GetD3PCLK1Freq  stm32h7xx_hal_rcc_ex.o
    0x08008d4e   0x08008d4e   0x00000002   PAD
    0x08008d50   0x08008d50   0x00000298   Code   RO          671    .text.HAL_RCCEx_GetPLL1ClockFreq  stm32h7xx_hal_rcc_ex.o
    0x08008fe8   0x08008fe8   0x00000298   Code   RO          673    .text.HAL_RCCEx_GetPLL2ClockFreq  stm32h7xx_hal_rcc_ex.o
    0x08009280   0x08009280   0x00000298   Code   RO          675    .text.HAL_RCCEx_GetPLL3ClockFreq  stm32h7xx_hal_rcc_ex.o
    0x08009518   0x08009518   0x00000ad2   Code   RO          669    .text.HAL_RCCEx_GetPeriphCLKFreq  stm32h7xx_hal_rcc_ex.o
    0x08009fea   0x08009fea   0x00000006   PAD
    0x08009ff0   0x08009ff0   0x00000fec   Code   RO          661    .text.HAL_RCCEx_PeriphCLKConfig  stm32h7xx_hal_rcc_ex.o
    0x0800afdc   0x0800afdc   0x00000004   PAD
    0x0800afe0   0x0800afe0   0x00000498   Code   RO          630    .text.HAL_RCC_ClockConfig  stm32h7xx_hal_rcc.o
    0x0800b478   0x0800b478   0x00000056   Code   RO          640    .text.HAL_RCC_GetHCLKFreq  stm32h7xx_hal_rcc.o
    0x0800b4ce   0x0800b4ce   0x00000002   PAD
    0x0800b4d0   0x0800b4d0   0x00000026   Code   RO          642    .text.HAL_RCC_GetPCLK1Freq  stm32h7xx_hal_rcc.o
    0x0800b4f6   0x0800b4f6   0x00000002   PAD
    0x0800b4f8   0x0800b4f8   0x00000026   Code   RO          644    .text.HAL_RCC_GetPCLK2Freq  stm32h7xx_hal_rcc.o
    0x0800b51e   0x0800b51e   0x00000002   PAD
    0x0800b520   0x0800b520   0x000002fc   Code   RO          632    .text.HAL_RCC_GetSysClockFreq  stm32h7xx_hal_rcc.o
    0x0800b81c   0x0800b81c   0x00000004   PAD
    0x0800b820   0x0800b820   0x00000a20   Code   RO          628    .text.HAL_RCC_OscConfig  stm32h7xx_hal_rcc.o
    0x0800c240   0x0800c240   0x000000d0   Code   RO         2634    .text.HAL_RS485Ex_Init  stm32h7xx_hal_uart_ex.o
    0x0800c310   0x0800c310   0x00000008   Code   RO         2094    .text.HAL_SPI_ErrorCallback  stm32h7xx_hal_spi.o
    0x0800c318   0x0800c318   0x00000390   Code   RO         2090    .text.HAL_SPI_IRQHandler  stm32h7xx_hal_spi.o
    0x0800c6a8   0x0800c6a8   0x00000292   Code   RO         2014    .text.HAL_SPI_Init  stm32h7xx_hal_spi.o
    0x0800c93a   0x0800c93a   0x00000006   PAD
    0x0800c940   0x0800c940   0x000001da   Code   RO           96    .text.HAL_SPI_MspInit  spi.o
    0x0800cb1a   0x0800cb1a   0x00000006   PAD
    0x0800cb20   0x0800cb20   0x00000008   Code   RO         2098    .text.HAL_SPI_RxCpltCallback  stm32h7xx_hal_spi.o
    0x0800cb28   0x0800cb28   0x00000008   Code   RO         2092    .text.HAL_SPI_SuspendCallback  stm32h7xx_hal_spi.o
    0x0800cb30   0x0800cb30   0x00000008   Code   RO         2100    .text.HAL_SPI_TxCpltCallback  stm32h7xx_hal_spi.o
    0x0800cb38   0x0800cb38   0x00000008   Code   RO         2096    .text.HAL_SPI_TxRxCpltCallback  stm32h7xx_hal_spi.o
    0x0800cb40   0x0800cb40   0x00000010   Code   RO         1143    .text.HAL_SYSTICK_Config  stm32h7xx_hal_cortex.o
    0x0800cb50   0x0800cb50   0x00000008   Code   RO         2473    .text.HAL_TIMEx_Break2Callback  stm32h7xx_hal_tim_ex.o
    0x0800cb58   0x0800cb58   0x00000008   Code   RO         2471    .text.HAL_TIMEx_BreakCallback  stm32h7xx_hal_tim_ex.o
    0x0800cb60   0x0800cb60   0x00000008   Code   RO         2467    .text.HAL_TIMEx_CommutCallback  stm32h7xx_hal_tim_ex.o
    0x0800cb68   0x0800cb68   0x0000012e   Code   RO         2453    .text.HAL_TIMEx_ConfigBreakDeadTime  stm32h7xx_hal_tim_ex.o
    0x0800cc96   0x0800cc96   0x00000002   PAD
    0x0800cc98   0x0800cc98   0x0000017c   Code   RO         2451    .text.HAL_TIMEx_MasterConfigSynchronization  stm32h7xx_hal_tim_ex.o
    0x0800ce14   0x0800ce14   0x00000004   PAD
    0x0800ce18   0x0800ce18   0x000000a8   Code   RO         2134    .text.HAL_TIM_Base_Init  stm32h7xx_hal_tim.o
    0x0800cec0   0x0800cec0   0x00000094   Code   RO          124    .text.HAL_TIM_Base_MspInit  tim.o
    0x0800cf54   0x0800cf54   0x00000004   PAD
    0x0800cf58   0x0800cf58   0x000001d0   Code   RO         2330    .text.HAL_TIM_ConfigClockSource  stm32h7xx_hal_tim.o
    0x0800d128   0x0800d128   0x00000008   Code   RO         2270    .text.HAL_TIM_IC_CaptureCallback  stm32h7xx_hal_tim.o
    0x0800d130   0x0800d130   0x00000250   Code   RO         2268    .text.HAL_TIM_IRQHandler  stm32h7xx_hal_tim.o
    0x0800d380   0x0800d380   0x00000104   Code   RO          112    .text.HAL_TIM_MspPostInit  tim.o
    0x0800d484   0x0800d484   0x00000004   PAD
    0x0800d488   0x0800d488   0x00000008   Code   RO         2272    .text.HAL_TIM_OC_DelayElapsedCallback  stm32h7xx_hal_tim.o
    0x0800d490   0x0800d490   0x000001b0   Code   RO         2304    .text.HAL_TIM_PWM_ConfigChannel  stm32h7xx_hal_tim.o
    0x0800d640   0x0800d640   0x000000a8   Code   RO         2188    .text.HAL_TIM_PWM_Init  stm32h7xx_hal_tim.o
    0x0800d6e8   0x0800d6e8   0x0000009a   Code   RO          122    .text.HAL_TIM_PWM_MspInit  tim.o
    0x0800d782   0x0800d782   0x00000006   PAD
    0x0800d788   0x0800d788   0x00000008   Code   RO         2274    .text.HAL_TIM_PWM_PulseFinishedCallback  stm32h7xx_hal_tim.o
    0x0800d790   0x0800d790   0x0000003c   Code   RO         3282    .text.HAL_TIM_PeriodElapsedCallback  control_task.o
    0x0800d7cc   0x0800d7cc   0x00000004   PAD
    0x0800d7d0   0x0800d7d0   0x00000008   Code   RO         2278    .text.HAL_TIM_TriggerCallback  stm32h7xx_hal_tim.o
    0x0800d7d8   0x0800d7d8   0x0000007c   Code   RO         2656    .text.HAL_UARTEx_DisableFifoMode  stm32h7xx_hal_uart_ex.o
    0x0800d854   0x0800d854   0x00000004   PAD
    0x0800d858   0x0800d858   0x0000000c   Code   RO         2580    .text.HAL_UARTEx_RxEventCallback  stm32h7xx_hal_uart.o
    0x0800d864   0x0800d864   0x00000004   PAD
    0x0800d868   0x0800d868   0x00000008   Code   RO         2638    .text.HAL_UARTEx_RxFifoFullCallback  stm32h7xx_hal_uart_ex.o
    0x0800d870   0x0800d870   0x0000008c   Code   RO         2660    .text.HAL_UARTEx_SetRxFifoThreshold  stm32h7xx_hal_uart_ex.o
    0x0800d8fc   0x0800d8fc   0x00000004   PAD
    0x0800d900   0x0800d900   0x0000008c   Code   RO         2658    .text.HAL_UARTEx_SetTxFifoThreshold  stm32h7xx_hal_uart_ex.o
    0x0800d98c   0x0800d98c   0x00000004   PAD
    0x0800d990   0x0800d990   0x00000008   Code   RO         2640    .text.HAL_UARTEx_TxFifoEmptyCallback  stm32h7xx_hal_uart_ex.o
    0x0800d998   0x0800d998   0x00000008   Code   RO         2636    .text.HAL_UARTEx_WakeupCallback  stm32h7xx_hal_uart_ex.o
    0x0800d9a0   0x0800d9a0   0x00000008   Code   RO         2578    .text.HAL_UART_ErrorCallback  stm32h7xx_hal_uart.o
    0x0800d9a8   0x0800d9a8   0x000006c8   Code   RO         2574    .text.HAL_UART_IRQHandler  stm32h7xx_hal_uart.o
    0x0800e070   0x0800e070   0x000000aa   Code   RO         2486    .text.HAL_UART_Init  stm32h7xx_hal_uart.o
    0x0800e11a   0x0800e11a   0x00000006   PAD
    0x0800e120   0x0800e120   0x00000854   Code   RO          154    .text.HAL_UART_MspInit  usart.o
    0x0800e974   0x0800e974   0x00000004   PAD
    0x0800e978   0x0800e978   0x000000a0   Code   RO         2534    .text.HAL_UART_Receive_DMA  stm32h7xx_hal_uart.o
    0x0800ea18   0x0800ea18   0x000001de   Code   RO         2952    .text.HAL_UART_RxCpltCallback  uart.o
    0x0800ebf6   0x0800ebf6   0x00000002   PAD
    0x0800ebf8   0x0800ebf8   0x00000008   Code   RO         2590    .text.HAL_UART_RxHalfCpltCallback  stm32h7xx_hal_uart.o
    0x0800ec00   0x0800ec00   0x00000108   Code   RO         2526    .text.HAL_UART_Transmit_DMA  stm32h7xx_hal_uart.o
    0x0800ed08   0x0800ed08   0x00000008   Code   RO         2584    .text.HAL_UART_TxCpltCallback  stm32h7xx_hal_uart.o
    0x0800ed10   0x0800ed10   0x00000008   Code   RO         2586    .text.HAL_UART_TxHalfCpltCallback  stm32h7xx_hal_uart.o
    0x0800ed18   0x0800ed18   0x00000004   Code   RO          184    .text.HardFault_Handler  stm32h7xx_it.o
    0x0800ed1c   0x0800ed1c   0x00000004   PAD
    0x0800ed20   0x0800ed20   0x0000007a   Code   RO          306    .text.IntToUnicode  usbd_desc.o
    0x0800ed9a   0x0800ed9a   0x00000006   PAD
    0x0800eda0   0x0800eda0   0x00000018   Code   RO         1533    .text.LL_ADC_DisableDeepPowerDown  stm32h7xx_hal_adc.o
    0x0800edb8   0x0800edb8   0x0000001e   Code   RO         1537    .text.LL_ADC_EnableInternalRegulator  stm32h7xx_hal_adc.o
    0x0800edd6   0x0800edd6   0x00000002   PAD
    0x0800edd8   0x0800edd8   0x00000010   Code   RO         1631    .text.LL_ADC_GetCommonPathInternalCh  stm32h7xx_hal_adc.o
    0x0800ede8   0x0800ede8   0x0000001e   Code   RO         1625    .text.LL_ADC_GetOffsetChannel  stm32h7xx_hal_adc.o
    0x0800ee06   0x0800ee06   0x00000002   PAD
    0x0800ee08   0x0800ee08   0x00000010   Code   RO         1545    .text.LL_ADC_INJ_IsConversionOngoing  stm32h7xx_hal_adc.o
    0x0800ee18   0x0800ee18   0x00000010   Code   RO         1531    .text.LL_ADC_IsDeepPowerDownEnabled  stm32h7xx_hal_adc.o
    0x0800ee28   0x0800ee28   0x00000010   Code   RO         1541    .text.LL_ADC_IsEnabled  stm32h7xx_hal_adc.o
    0x0800ee38   0x0800ee38   0x00000010   Code   RO         1692    .text.LL_ADC_IsEnabled  stm32h7xx_hal_adc_ex.o
    0x0800ee48   0x0800ee48   0x00000010   Code   RO         1535    .text.LL_ADC_IsInternalRegulatorEnabled  stm32h7xx_hal_adc.o
    0x0800ee58   0x0800ee58   0x00000010   Code   RO         1539    .text.LL_ADC_REG_IsConversionOngoing  stm32h7xx_hal_adc.o
    0x0800ee68   0x0800ee68   0x00000010   Code   RO         1694    .text.LL_ADC_REG_IsConversionOngoing  stm32h7xx_hal_adc_ex.o
    0x0800ee78   0x0800ee78   0x0000003a   Code   RO         1611    .text.LL_ADC_REG_SetSequencerRanks  stm32h7xx_hal_adc.o
    0x0800eeb2   0x0800eeb2   0x00000006   PAD
    0x0800eeb8   0x0800eeb8   0x00000036   Code   RO         1613    .text.LL_ADC_SetChannelSamplingTime  stm32h7xx_hal_adc.o
    0x0800eeee   0x0800eeee   0x00000002   PAD
    0x0800eef0   0x0800eef0   0x00000070   Code   RO         1629    .text.LL_ADC_SetChannelSingleDiff  stm32h7xx_hal_adc.o
    0x0800ef60   0x0800ef60   0x0000001a   Code   RO         1543    .text.LL_ADC_SetCommonClock  stm32h7xx_hal_adc.o
    0x0800ef7a   0x0800ef7a   0x00000006   PAD
    0x0800ef80   0x0800ef80   0x0000001a   Code   RO         1633    .text.LL_ADC_SetCommonPathInternalCh  stm32h7xx_hal_adc.o
    0x0800ef9a   0x0800ef9a   0x00000006   PAD
    0x0800efa0   0x0800efa0   0x00000024   Code   RO         1623    .text.LL_ADC_SetDataRightShift  stm32h7xx_hal_adc.o
    0x0800efc4   0x0800efc4   0x00000004   PAD
    0x0800efc8   0x0800efc8   0x0000005c   Code   RO         1615    .text.LL_ADC_SetOffset  stm32h7xx_hal_adc.o
    0x0800f024   0x0800f024   0x00000004   PAD
    0x0800f028   0x0800f028   0x0000003a   Code   RO         1619    .text.LL_ADC_SetOffsetSaturation  stm32h7xx_hal_adc.o
    0x0800f062   0x0800f062   0x00000006   PAD
    0x0800f068   0x0800f068   0x0000003a   Code   RO         1617    .text.LL_ADC_SetOffsetSign  stm32h7xx_hal_adc.o
    0x0800f0a2   0x0800f0a2   0x00000006   PAD
    0x0800f0a8   0x0800f0a8   0x0000003c   Code   RO         1621    .text.LL_ADC_SetOffsetSignedSaturation  stm32h7xx_hal_adc.o
    0x0800f0e4   0x0800f0e4   0x00000004   PAD
    0x0800f0e8   0x0800f0e8   0x0000004c   Code   RO         1627    .text.LL_ADC_SetOffsetState  stm32h7xx_hal_adc.o
    0x0800f134   0x0800f134   0x00000004   PAD
    0x0800f138   0x0800f138   0x0000005a   Code   RO           13    .text.MPU_Config    main.o
    0x0800f192   0x0800f192   0x00000006   PAD
    0x0800f198   0x0800f198   0x000000e0   Code   RO           37    .text.MX_ADC1_Init  adc.o
    0x0800f278   0x0800f278   0x000000a2   Code   RO           39    .text.MX_ADC3_Init  adc.o
    0x0800f31a   0x0800f31a   0x00000006   PAD
    0x0800f320   0x0800f320   0x00000038   Code   RO           56    .text.MX_BDMA_Init  bdma.o
    0x0800f358   0x0800f358   0x0000019e   Code   RO           64    .text.MX_DMA_Init   dma.o
    0x0800f4f6   0x0800f4f6   0x00000002   PAD
    0x0800f4f8   0x0800f4f8   0x0000007e   Code   RO           73    .text.MX_FDCAN1_Init  fdcan.o
    0x0800f576   0x0800f576   0x00000002   PAD
    0x0800f578   0x0800f578   0x00000082   Code   RO           75    .text.MX_FDCAN2_Init  fdcan.o
    0x0800f5fa   0x0800f5fa   0x00000006   PAD
    0x0800f600   0x0800f600   0x00000082   Code   RO           77    .text.MX_FDCAN3_Init  fdcan.o
    0x0800f682   0x0800f682   0x00000006   PAD
    0x0800f688   0x0800f688   0x0000013e   Code   RO           29    .text.MX_GPIO_Init  gpio.o
    0x0800f7c6   0x0800f7c6   0x00000002   PAD
    0x0800f7c8   0x0800f7c8   0x0000006e   Code   RO           94    .text.MX_SPI2_Init  spi.o
    0x0800f836   0x0800f836   0x00000002   PAD
    0x0800f838   0x0800f838   0x00000106   Code   RO          110    .text.MX_TIM1_Init  tim.o
    0x0800f93e   0x0800f93e   0x00000002   PAD
    0x0800f940   0x0800f940   0x000000b4   Code   RO          114    .text.MX_TIM2_Init  tim.o
    0x0800f9f4   0x0800f9f4   0x00000004   PAD
    0x0800f9f8   0x0800f9f8   0x000000a2   Code   RO          116    .text.MX_TIM3_Init  tim.o
    0x0800fa9a   0x0800fa9a   0x00000006   PAD
    0x0800faa0   0x0800faa0   0x0000005c   Code   RO          118    .text.MX_TIM7_Init  tim.o
    0x0800fafc   0x0800fafc   0x00000004   PAD
    0x0800fb00   0x0800fb00   0x0000008c   Code   RO          120    .text.MX_TIM8_Init  tim.o
    0x0800fb8c   0x0800fb8c   0x00000004   PAD
    0x0800fb90   0x0800fb90   0x0000009c   Code   RO          142    .text.MX_UART5_Init  usart.o
    0x0800fc2c   0x0800fc2c   0x00000004   PAD
    0x0800fc30   0x0800fc30   0x0000008e   Code   RO          144    .text.MX_UART7_Init  usart.o
    0x0800fcbe   0x0800fcbe   0x00000002   PAD
    0x0800fcc0   0x0800fcc0   0x0000008e   Code   RO          152    .text.MX_USART10_UART_Init  usart.o
    0x0800fd4e   0x0800fd4e   0x00000002   PAD
    0x0800fd50   0x0800fd50   0x0000008e   Code   RO          146    .text.MX_USART1_UART_Init  usart.o
    0x0800fdde   0x0800fdde   0x00000002   PAD
    0x0800fde0   0x0800fde0   0x0000009a   Code   RO          148    .text.MX_USART2_UART_Init  usart.o
    0x0800fe7a   0x0800fe7a   0x00000006   PAD
    0x0800fe80   0x0800fe80   0x0000009a   Code   RO          150    .text.MX_USART3_UART_Init  usart.o
    0x0800ff1a   0x0800ff1a   0x00000006   PAD
    0x0800ff20   0x0800ff20   0x0000007a   Code   RO          279    .text.MX_USB_DEVICE_Init  usb_device.o
    0x0800ff9a   0x0800ff9a   0x00000006   PAD
    0x0800ffa0   0x0800ffa0   0x00000004   Code   RO          186    .text.MemManage_Handler  stm32h7xx_it.o
    0x0800ffa4   0x0800ffa4   0x00000004   PAD
    0x0800ffa8   0x0800ffa8   0x00000004   Code   RO          182    .text.NMI_Handler   stm32h7xx_it.o
    0x0800ffac   0x0800ffac   0x00000004   PAD
    0x0800ffb0   0x0800ffb0   0x0000006c   Code   RO         1129    .text.NVIC_EncodePriority  stm32h7xx_hal_cortex.o
    0x0801001c   0x0801001c   0x00000004   PAD
    0x08010020   0x08010020   0x00000010   Code   RO          252    .text.OTG_HS_IRQHandler  stm32h7xx_it.o
    0x08010030   0x08010030   0x0000008a   Code   RO          431    .text.PCD_EP_OutSetupPacket_int  stm32h7xx_hal_pcd.o
    0x080100ba   0x080100ba   0x00000006   PAD
    0x080100c0   0x080100c0   0x000001c8   Code   RO          429    .text.PCD_EP_OutXfrComplete_int  stm32h7xx_hal_pcd.o
    0x08010288   0x08010288   0x00000132   Code   RO          439    .text.PCD_WriteEmptyTxFifo  stm32h7xx_hal_pcd.o
    0x080103ba   0x080103ba   0x00000006   PAD
    0x080103c0   0x080103c0   0x00000002   Code   RO          196    .text.PendSV_Handler  stm32h7xx_it.o
    0x080103c2   0x080103c2   0x00000006   PAD
    0x080103c8   0x080103c8   0x00000032   Code   RO           17    .text.PeriphCommonClock_Config  main.o
    0x080103fa   0x080103fa   0x00000006   PAD
    0x08010400   0x08010400   0x000001ca   Code   RO          663    .text.RCCEx_PLL2_Config  stm32h7xx_hal_rcc_ex.o
    0x080105ca   0x080105ca   0x00000006   PAD
    0x080105d0   0x080105d0   0x000001ca   Code   RO          665    .text.RCCEx_PLL3_Config  stm32h7xx_hal_rcc_ex.o
    0x0801079a   0x0801079a   0x00000006   PAD
    0x080107a0   0x080107a0   0x00000010   Code   RO          222    .text.SPI2_IRQHandler  stm32h7xx_it.o
    0x080107b0   0x080107b0   0x00000116   Code   RO         2026    .text.SPI_CloseTransfer  stm32h7xx_hal_spi.o
    0x080108c6   0x080108c6   0x00000002   PAD
    0x080108c8   0x080108c8   0x0000002c   Code   RO         2102    .text.SPI_DMAAbortOnError  stm32h7xx_hal_spi.o
    0x080108f4   0x080108f4   0x00000004   PAD
    0x080108f8   0x080108f8   0x0000002a   Code   RO         2016    .text.SPI_GetPacketSize  stm32h7xx_hal_spi.o
    0x08010922   0x08010922   0x00000006   PAD
    0x08010928   0x08010928   0x00000002   Code   RO          192    .text.SVC_Handler   stm32h7xx_it.o
    0x0801092a   0x0801092a   0x00000006   PAD
    0x08010930   0x08010930   0x00000036   Code   RO         2772    .text.SWAPBYTE      usbd_ctlreq.o
    0x08010966   0x08010966   0x00000002   PAD
    0x08010968   0x08010968   0x00000052   Code   RO         1145    .text.SysTick_Config  stm32h7xx_hal_cortex.o
    0x080109ba   0x080109ba   0x00000006   PAD
    0x080109c0   0x080109c0   0x00000008   Code   RO          198    .text.SysTick_Handler  stm32h7xx_it.o
    0x080109c8   0x080109c8   0x000000d0   Code   RO           15    .text.SystemClock_Config  main.o
    0x08010a98   0x08010a98   0x0000013a   Code   RO         2679    .text.SystemInit    system_stm32h7xx.o
    0x08010bd2   0x08010bd2   0x00000006   PAD
    0x08010bd8   0x08010bd8   0x00000010   Code   RO          236    .text.TIM7_IRQHandler  stm32h7xx_it.o
    0x08010be8   0x08010be8   0x00000010   Code   RO          230    .text.TIM8_UP_TIM13_IRQHandler  stm32h7xx_it.o
    0x08010bf8   0x08010bf8   0x000001d0   Code   RO         2138    .text.TIM_Base_SetConfig  stm32h7xx_hal_tim.o
    0x08010dc8   0x08010dc8   0x00000034   Code   RO         2328    .text.TIM_ETR_SetConfig  stm32h7xx_hal_tim.o
    0x08010dfc   0x08010dfc   0x00000004   PAD
    0x08010e00   0x08010e00   0x00000030   Code   RO         2334    .text.TIM_ITRx_SetConfig  stm32h7xx_hal_tim.o
    0x08010e30   0x08010e30   0x00000150   Code   RO         2282    .text.TIM_OC1_SetConfig  stm32h7xx_hal_tim.o
    0x08010f80   0x08010f80   0x0000016c   Code   RO         2284    .text.TIM_OC2_SetConfig  stm32h7xx_hal_tim.o
    0x080110ec   0x080110ec   0x00000004   PAD
    0x080110f0   0x080110f0   0x0000016a   Code   RO         2286    .text.TIM_OC3_SetConfig  stm32h7xx_hal_tim.o
    0x0801125a   0x0801125a   0x00000006   PAD
    0x08011260   0x08011260   0x000000da   Code   RO         2288    .text.TIM_OC4_SetConfig  stm32h7xx_hal_tim.o
    0x0801133a   0x0801133a   0x00000006   PAD
    0x08011340   0x08011340   0x000000d0   Code   RO         2290    .text.TIM_OC5_SetConfig  stm32h7xx_hal_tim.o
    0x08011410   0x08011410   0x000000d2   Code   RO         2292    .text.TIM_OC6_SetConfig  stm32h7xx_hal_tim.o
    0x080114e2   0x080114e2   0x00000006   PAD
    0x080114e8   0x080114e8   0x00000050   Code   RO         2332    .text.TIM_TI1_ConfigInputStage  stm32h7xx_hal_tim.o
    0x08011538   0x08011538   0x00000052   Code   RO         2336    .text.TIM_TI2_ConfigInputStage  stm32h7xx_hal_tim.o
    0x0801158a   0x0801158a   0x00000006   PAD
    0x08011590   0x08011590   0x00000010   Code   RO          234    .text.UART5_IRQHandler  stm32h7xx_it.o
    0x080115a0   0x080115a0   0x00000010   Code   RO          254    .text.UART7_IRQHandler  stm32h7xx_it.o
    0x080115b0   0x080115b0   0x00000086   Code   RO         2654    .text.UARTEx_SetNbDataToProcess  stm32h7xx_hal_uart_ex.o
    0x08011636   0x08011636   0x00000002   PAD
    0x08011638   0x08011638   0x00000148   Code   RO         2490    .text.UART_AdvFeatureConfig  stm32h7xx_hal_uart.o
    0x08011780   0x08011780   0x00000146   Code   RO         2494    .text.UART_CheckIdleState  stm32h7xx_hal_uart.o
    0x080118c6   0x080118c6   0x00000002   PAD
    0x080118c8   0x080118c8   0x00000024   Code   RO         2576    .text.UART_DMAAbortOnError  stm32h7xx_hal_uart.o
    0x080118ec   0x080118ec   0x00000004   PAD
    0x080118f0   0x080118f0   0x00000080   Code   RO         2532    .text.UART_DMAError  stm32h7xx_hal_uart.o
    0x08011970   0x08011970   0x000000f6   Code   RO         2622    .text.UART_DMAReceiveCplt  stm32h7xx_hal_uart.o
    0x08011a66   0x08011a66   0x00000002   PAD
    0x08011a68   0x08011a68   0x00000036   Code   RO         2624    .text.UART_DMARxHalfCplt  stm32h7xx_hal_uart.o
    0x08011a9e   0x08011a9e   0x00000002   PAD
    0x08011aa0   0x08011aa0   0x0000007a   Code   RO         2528    .text.UART_DMATransmitCplt  stm32h7xx_hal_uart.o
    0x08011b1a   0x08011b1a   0x00000006   PAD
    0x08011b20   0x08011b20   0x00000016   Code   RO         2530    .text.UART_DMATxHalfCplt  stm32h7xx_hal_uart.o
    0x08011b36   0x08011b36   0x00000002   PAD
    0x08011b38   0x08011b38   0x0000009e   Code   RO         2546    .text.UART_EndRxTransfer  stm32h7xx_hal_uart.o
    0x08011bd6   0x08011bd6   0x00000002   PAD
    0x08011bd8   0x08011bd8   0x00000044   Code   RO         2582    .text.UART_EndTransmit_IT  stm32h7xx_hal_uart.o
    0x08011c1c   0x08011c1c   0x00000004   PAD
    0x08011c20   0x08011c20   0x0000005c   Code   RO         2544    .text.UART_EndTxTransfer  stm32h7xx_hal_uart.o
    0x08011c7c   0x08011c7c   0x00000004   PAD
    0x08011c80   0x08011c80   0x00000a4e   Code   RO         2492    .text.UART_SetConfig  stm32h7xx_hal_uart.o
    0x080126ce   0x080126ce   0x00000002   PAD
    0x080126d0   0x080126d0   0x0000012e   Code   RO         2536    .text.UART_Start_Receive_DMA  stm32h7xx_hal_uart.o
    0x080127fe   0x080127fe   0x00000002   PAD
    0x08012800   0x08012800   0x0000010c   Code   RO         2508    .text.UART_WaitOnFlagUntilTimeout  stm32h7xx_hal_uart.o
    0x0801290c   0x0801290c   0x00000004   PAD
    0x08012910   0x08012910   0x00000010   Code   RO          258    .text.USART10_IRQHandler  stm32h7xx_it.o
    0x08012920   0x08012920   0x00000010   Code   RO          224    .text.USART1_IRQHandler  stm32h7xx_it.o
    0x08012930   0x08012930   0x00000010   Code   RO          226    .text.USART2_IRQHandler  stm32h7xx_it.o
    0x08012940   0x08012940   0x00000010   Code   RO          228    .text.USART3_IRQHandler  stm32h7xx_it.o
    0x08012950   0x08012950   0x000000f4   Code   RO         2815    .text.USBD_CDC_DataIn  usbd_cdc.o
    0x08012a44   0x08012a44   0x00000004   PAD
    0x08012a48   0x08012a48   0x00000070   Code   RO         2817    .text.USBD_CDC_DataOut  usbd_cdc.o
    0x08012ab8   0x08012ab8   0x000000ec   Code   RO         2809    .text.USBD_CDC_DeInit  usbd_cdc.o
    0x08012ba4   0x08012ba4   0x00000004   PAD
    0x08012ba8   0x08012ba8   0x00000078   Code   RO         2813    .text.USBD_CDC_EP0_RxReady  usbd_cdc.o
    0x08012c20   0x08012c20   0x00000016   Code   RO         2825    .text.USBD_CDC_GetDeviceQualifierDescriptor  usbd_cdc.o
    0x08012c36   0x08012c36   0x00000002   PAD
    0x08012c38   0x08012c38   0x0000006c   Code   RO         2821    .text.USBD_CDC_GetFSCfgDesc  usbd_cdc.o
    0x08012ca4   0x08012ca4   0x00000004   PAD
    0x08012ca8   0x08012ca8   0x00000070   Code   RO         2819    .text.USBD_CDC_GetHSCfgDesc  usbd_cdc.o
    0x08012d18   0x08012d18   0x0000006c   Code   RO         2823    .text.USBD_CDC_GetOtherSpeedCfgDesc  usbd_cdc.o
    0x08012d84   0x08012d84   0x00000004   PAD
    0x08012d88   0x08012d88   0x0000021c   Code   RO         2807    .text.USBD_CDC_Init  usbd_cdc.o
    0x08012fa4   0x08012fa4   0x00000004   PAD
    0x08012fa8   0x08012fa8   0x0000007e   Code   RO         2835    .text.USBD_CDC_ReceivePacket  usbd_cdc.o
    0x08013026   0x08013026   0x00000002   PAD
    0x08013028   0x08013028   0x00000034   Code   RO         2827    .text.USBD_CDC_RegisterInterface  usbd_cdc.o
    0x0801305c   0x0801305c   0x00000004   PAD
    0x08013060   0x08013060   0x0000003c   Code   RO         2831    .text.USBD_CDC_SetRxBuffer  usbd_cdc.o
    0x0801309c   0x0801309c   0x00000004   PAD
    0x080130a0   0x080130a0   0x00000046   Code   RO         2829    .text.USBD_CDC_SetTxBuffer  usbd_cdc.o
    0x080130e6   0x080130e6   0x00000002   PAD
    0x080130e8   0x080130e8   0x000001cc   Code   RO         2811    .text.USBD_CDC_Setup  usbd_cdc.o
    0x080132b4   0x080132b4   0x00000004   PAD
    0x080132b8   0x080132b8   0x00000032   Code   RO         2707    .text.USBD_ClrClassConfig  usbd_core.o
    0x080132ea   0x080132ea   0x00000006   PAD
    0x080132f0   0x080132f0   0x00000040   Code   RO         2762    .text.USBD_ClrFeature  usbd_ctlreq.o
    0x08013330   0x08013330   0x0000000e   Code   RO         2715    .text.USBD_CoreFindEP  usbd_core.o
    0x0801333e   0x0801333e   0x00000002   PAD
    0x08013340   0x08013340   0x0000000e   Code   RO         2713    .text.USBD_CoreFindIF  usbd_core.o
    0x0801334e   0x0801334e   0x00000002   PAD
    0x08013350   0x08013350   0x0000001e   Code   RO         2792    .text.USBD_CtlContinueRx  usbd_ioreq.o
    0x0801336e   0x0801336e   0x00000002   PAD
    0x08013370   0x08013370   0x0000001e   Code   RO         2788    .text.USBD_CtlContinueSendData  usbd_ioreq.o
    0x0801338e   0x0801338e   0x00000002   PAD
    0x08013390   0x08013390   0x0000001c   Code   RO         2764    .text.USBD_CtlError  usbd_ctlreq.o
    0x080133ac   0x080133ac   0x00000004   PAD
    0x080133b0   0x080133b0   0x00000036   Code   RO         2790    .text.USBD_CtlPrepareRx  usbd_ioreq.o
    0x080133e6   0x080133e6   0x00000002   PAD
    0x080133e8   0x080133e8   0x00000022   Code   RO         2796    .text.USBD_CtlReceiveStatus  usbd_ioreq.o
    0x0801340a   0x0801340a   0x00000006   PAD
    0x08013410   0x08013410   0x00000032   Code   RO         2786    .text.USBD_CtlSendData  usbd_ioreq.o
    0x08013442   0x08013442   0x00000006   PAD
    0x08013448   0x08013448   0x00000022   Code   RO         2794    .text.USBD_CtlSendStatus  usbd_ioreq.o
    0x0801346a   0x0801346a   0x00000006   PAD
    0x08013470   0x08013470   0x00000064   Code   RO         2756    .text.USBD_GetConfig  usbd_ctlreq.o
    0x080134d4   0x080134d4   0x00000004   PAD
    0x080134d8   0x080134d8   0x0000031e   Code   RO         2750    .text.USBD_GetDescriptor  usbd_ctlreq.o
    0x080137f6   0x080137f6   0x00000002   PAD
    0x080137f8   0x080137f8   0x00000076   Code   RO         2737    .text.USBD_GetEpDesc  usbd_core.o
    0x0801386e   0x0801386e   0x00000002   PAD
    0x08013870   0x08013870   0x00000032   Code   RO         2776    .text.USBD_GetLen   usbd_ctlreq.o
    0x080138a2   0x080138a2   0x00000006   PAD
    0x080138a8   0x080138a8   0x00000026   Code   RO         2739    .text.USBD_GetNextDesc  usbd_core.o
    0x080138ce   0x080138ce   0x00000002   PAD
    0x080138d0   0x080138d0   0x00000062   Code   RO         2758    .text.USBD_GetStatus  usbd_ctlreq.o
    0x08013932   0x08013932   0x00000006   PAD
    0x08013938   0x08013938   0x000000bc   Code   RO         2774    .text.USBD_GetString  usbd_ctlreq.o
    0x080139f4   0x080139f4   0x00000004   PAD
    0x080139f8   0x080139f8   0x00000052   Code   RO          374    .text.USBD_Get_USB_Status  usbd_conf.o
    0x08013a4a   0x08013a4a   0x00000006   PAD
    0x08013a50   0x08013a50   0x0000004e   Code   RO          298    .text.USBD_HS_ConfigStrDescriptor  usbd_desc.o
    0x08013a9e   0x08013a9e   0x00000002   PAD
    0x08013aa0   0x08013aa0   0x0000001a   Code   RO          288    .text.USBD_HS_DeviceDescriptor  usbd_desc.o
    0x08013aba   0x08013aba   0x00000006   PAD
    0x08013ac0   0x08013ac0   0x0000004e   Code   RO          300    .text.USBD_HS_InterfaceStrDescriptor  usbd_desc.o
    0x08013b0e   0x08013b0e   0x00000002   PAD
    0x08013b10   0x08013b10   0x0000001a   Code   RO          290    .text.USBD_HS_LangIDStrDescriptor  usbd_desc.o
    0x08013b2a   0x08013b2a   0x00000006   PAD
    0x08013b30   0x08013b30   0x00000028   Code   RO          292    .text.USBD_HS_ManufacturerStrDescriptor  usbd_desc.o
    0x08013b58   0x08013b58   0x0000004e   Code   RO          294    .text.USBD_HS_ProductStrDescriptor  usbd_desc.o
    0x08013ba6   0x08013ba6   0x00000002   PAD
    0x08013ba8   0x08013ba8   0x00000020   Code   RO          296    .text.USBD_HS_SerialStrDescriptor  usbd_desc.o
    0x08013bc8   0x08013bc8   0x0000006a   Code   RO         2693    .text.USBD_Init     usbd_core.o
    0x08013c32   0x08013c32   0x00000006   PAD
    0x08013c38   0x08013c38   0x0000003a   Code   RO          388    .text.USBD_LL_ClearStallEP  usbd_conf.o
    0x08013c72   0x08013c72   0x00000006   PAD
    0x08013c78   0x08013c78   0x0000003a   Code   RO          382    .text.USBD_LL_CloseEP  usbd_conf.o
    0x08013cb2   0x08013cb2   0x00000006   PAD
    0x08013cb8   0x08013cb8   0x00000190   Code   RO         2717    .text.USBD_LL_DataInStage  usbd_core.o
    0x08013e48   0x08013e48   0x000001b2   Code   RO         2711    .text.USBD_LL_DataOutStage  usbd_core.o
    0x08013ffa   0x08013ffa   0x00000006   PAD
    0x08014000   0x08014000   0x0000000a   Code   RO         2733    .text.USBD_LL_DevConnected  usbd_core.o
    0x0801400a   0x0801400a   0x00000006   PAD
    0x08014010   0x08014010   0x00000040   Code   RO         2735    .text.USBD_LL_DevDisconnected  usbd_core.o
    0x08014050   0x08014050   0x0000001c   Code   RO          398    .text.USBD_LL_GetRxDataSize  usbd_conf.o
    0x0801406c   0x0801406c   0x00000004   PAD
    0x08014070   0x08014070   0x00000086   Code   RO          370    .text.USBD_LL_Init  usbd_conf.o
    0x080140f6   0x080140f6   0x00000002   PAD
    0x080140f8   0x080140f8   0x0000005a   Code   RO          390    .text.USBD_LL_IsStallEP  usbd_conf.o
    0x08014152   0x08014152   0x00000006   PAD
    0x08014158   0x08014158   0x0000006e   Code   RO         2729    .text.USBD_LL_IsoINIncomplete  usbd_core.o
    0x080141c6   0x080141c6   0x00000002   PAD
    0x080141c8   0x080141c8   0x0000006e   Code   RO         2731    .text.USBD_LL_IsoOUTIncomplete  usbd_core.o
    0x08014236   0x08014236   0x00000002   PAD
    0x08014238   0x08014238   0x0000004a   Code   RO          380    .text.USBD_LL_OpenEP  usbd_conf.o
    0x08014282   0x08014282   0x00000006   PAD
    0x08014288   0x08014288   0x00000042   Code   RO          396    .text.USBD_LL_PrepareReceive  usbd_conf.o
    0x080142ca   0x080142ca   0x00000006   PAD
    0x080142d0   0x080142d0   0x0000009c   Code   RO         2719    .text.USBD_LL_Reset  usbd_core.o
    0x0801436c   0x0801436c   0x00000004   PAD
    0x08014370   0x08014370   0x00000024   Code   RO         2725    .text.USBD_LL_Resume  usbd_core.o
    0x08014394   0x08014394   0x00000004   PAD
    0x08014398   0x08014398   0x0000003e   Code   RO         2727    .text.USBD_LL_SOF   usbd_core.o
    0x080143d6   0x080143d6   0x00000002   PAD
    0x080143d8   0x080143d8   0x00000016   Code   RO         2721    .text.USBD_LL_SetSpeed  usbd_core.o
    0x080143ee   0x080143ee   0x00000002   PAD
    0x080143f0   0x080143f0   0x0000003a   Code   RO          392    .text.USBD_LL_SetUSBAddress  usbd_conf.o
    0x0801442a   0x0801442a   0x00000006   PAD
    0x08014430   0x08014430   0x00000094   Code   RO         2709    .text.USBD_LL_SetupStage  usbd_core.o
    0x080144c4   0x080144c4   0x00000004   PAD
    0x080144c8   0x080144c8   0x0000003a   Code   RO          386    .text.USBD_LL_StallEP  usbd_conf.o
    0x08014502   0x08014502   0x00000006   PAD
    0x08014508   0x08014508   0x00000032   Code   RO          376    .text.USBD_LL_Start  usbd_conf.o
    0x0801453a   0x0801453a   0x00000006   PAD
    0x08014540   0x08014540   0x0000002c   Code   RO         2723    .text.USBD_LL_Suspend  usbd_core.o
    0x0801456c   0x0801456c   0x00000004   PAD
    0x08014570   0x08014570   0x00000042   Code   RO          394    .text.USBD_LL_Transmit  usbd_conf.o
    0x080145b2   0x080145b2   0x00000006   PAD
    0x080145b8   0x080145b8   0x00000062   Code   RO         2770    .text.USBD_ParseSetupRequest  usbd_ctlreq.o
    0x0801461a   0x0801461a   0x00000006   PAD
    0x08014620   0x08014620   0x00000072   Code   RO         2697    .text.USBD_RegisterClass  usbd_core.o
    0x08014692   0x08014692   0x00000006   PAD
    0x08014698   0x08014698   0x0000000a   Code   RO         2703    .text.USBD_RunTestMode  usbd_core.o
    0x080146a2   0x080146a2   0x00000006   PAD
    0x080146a8   0x080146a8   0x0000008c   Code   RO         2752    .text.USBD_SetAddress  usbd_ctlreq.o
    0x08014734   0x08014734   0x00000004   PAD
    0x08014738   0x08014738   0x00000036   Code   RO         2705    .text.USBD_SetClassConfig  usbd_core.o
    0x0801476e   0x0801476e   0x00000002   PAD
    0x08014770   0x08014770   0x0000017e   Code   RO         2754    .text.USBD_SetConfig  usbd_ctlreq.o
    0x080148ee   0x080148ee   0x00000002   PAD
    0x080148f0   0x080148f0   0x0000004e   Code   RO         2760    .text.USBD_SetFeature  usbd_ctlreq.o
    0x0801493e   0x0801493e   0x00000002   PAD
    0x08014940   0x08014940   0x00000010   Code   RO         2699    .text.USBD_Start    usbd_core.o
    0x08014950   0x08014950   0x000000cc   Code   RO         2748    .text.USBD_StdDevReq  usbd_ctlreq.o
    0x08014a1c   0x08014a1c   0x00000004   PAD
    0x08014a20   0x08014a20   0x000003ac   Code   RO         2768    .text.USBD_StdEPReq  usbd_ctlreq.o
    0x08014dcc   0x08014dcc   0x00000004   PAD
    0x08014dd0   0x08014dd0   0x000000f4   Code   RO         2766    .text.USBD_StdItfReq  usbd_ctlreq.o
    0x08014ec4   0x08014ec4   0x00000004   PAD
    0x08014ec8   0x08014ec8   0x00000008   Code   RO          402    .text.USBD_static_free  usbd_conf.o
    0x08014ed0   0x08014ed0   0x00000010   Code   RO          400    .text.USBD_static_malloc  usbd_conf.o
    0x08014ee0   0x08014ee0   0x000000de   Code   RO          545    .text.USB_ActivateEndpoint  stm32h7xx_ll_usb.o
    0x08014fbe   0x08014fbe   0x00000002   PAD
    0x08014fc0   0x08014fc0   0x0000002c   Code   RO          587    .text.USB_ActivateSetup  stm32h7xx_ll_usb.o
    0x08014fec   0x08014fec   0x00000004   PAD
    0x08014ff0   0x08014ff0   0x000000ec   Code   RO          521    .text.USB_CoreInit  stm32h7xx_ll_usb.o
    0x080150dc   0x080150dc   0x00000004   PAD
    0x080150e0   0x080150e0   0x00000078   Code   RO          523    .text.USB_CoreReset  stm32h7xx_ll_usb.o
    0x08015158   0x08015158   0x00000138   Code   RO          549    .text.USB_DeactivateEndpoint  stm32h7xx_ll_usb.o
    0x08015290   0x08015290   0x0000002a   Code   RO          569    .text.USB_DevConnect  stm32h7xx_ll_usb.o
    0x080152ba   0x080152ba   0x00000006   PAD
    0x080152c0   0x080152c0   0x0000002a   Code   RO          571    .text.USB_DevDisconnect  stm32h7xx_ll_usb.o
    0x080152ea   0x080152ea   0x00000006   PAD
    0x080152f0   0x080152f0   0x00000290   Code   RO          535    .text.USB_DevInit   stm32h7xx_ll_usb.o
    0x08015580   0x08015580   0x00000014   Code   RO          529    .text.USB_DisableGlobalInt  stm32h7xx_ll_usb.o
    0x08015594   0x08015594   0x00000004   PAD
    0x08015598   0x08015598   0x0000009e   Code   RO          589    .text.USB_EP0_OutStart  stm32h7xx_ll_usb.o
    0x08015636   0x08015636   0x00000002   PAD
    0x08015638   0x08015638   0x000000a0   Code   RO          563    .text.USB_EPClearStall  stm32h7xx_ll_usb.o
    0x080156d8   0x080156d8   0x000000a8   Code   RO          561    .text.USB_EPSetStall  stm32h7xx_ll_usb.o
    0x08015780   0x08015780   0x000003e8   Code   RO          553    .text.USB_EPStartXfer  stm32h7xx_ll_usb.o
    0x08015b68   0x08015b68   0x0000011c   Code   RO          557    .text.USB_EPStopXfer  stm32h7xx_ll_usb.o
    0x08015c84   0x08015c84   0x00000004   PAD
    0x08015c88   0x08015c88   0x00000014   Code   RO          527    .text.USB_EnableGlobalInt  stm32h7xx_ll_usb.o
    0x08015c9c   0x08015c9c   0x00000004   PAD
    0x08015ca0   0x08015ca0   0x00000074   Code   RO          541    .text.USB_FlushRxFifo  stm32h7xx_ll_usb.o
    0x08015d14   0x08015d14   0x00000004   PAD
    0x08015d18   0x08015d18   0x0000007a   Code   RO          539    .text.USB_FlushTxFifo  stm32h7xx_ll_usb.o
    0x08015d92   0x08015d92   0x00000006   PAD
    0x08015d98   0x08015d98   0x0000004c   Code   RO          543    .text.USB_GetDevSpeed  stm32h7xx_ll_usb.o
    0x08015de4   0x08015de4   0x00000004   PAD
    0x08015de8   0x08015de8   0x00000010   Code   RO          533    .text.USB_GetMode   stm32h7xx_ll_usb.o
    0x08015df8   0x08015df8   0x00000024   Code   RO          579    .text.USB_ReadDevAllInEpInterrupt  stm32h7xx_ll_usb.o
    0x08015e1c   0x08015e1c   0x00000004   PAD
    0x08015e20   0x08015e20   0x00000024   Code   RO          577    .text.USB_ReadDevAllOutEpInterrupt  stm32h7xx_ll_usb.o
    0x08015e44   0x08015e44   0x00000004   PAD
    0x08015e48   0x08015e48   0x0000004e   Code   RO          583    .text.USB_ReadDevInEPInterrupt  stm32h7xx_ll_usb.o
    0x08015e96   0x08015e96   0x00000002   PAD
    0x08015e98   0x08015e98   0x0000002e   Code   RO          581    .text.USB_ReadDevOutEPInterrupt  stm32h7xx_ll_usb.o
    0x08015ec6   0x08015ec6   0x00000002   PAD
    0x08015ec8   0x08015ec8   0x0000001a   Code   RO          573    .text.USB_ReadInterrupts  stm32h7xx_ll_usb.o
    0x08015ee2   0x08015ee2   0x00000006   PAD
    0x08015ee8   0x08015ee8   0x000000b4   Code   RO          559    .text.USB_ReadPacket  stm32h7xx_ll_usb.o
    0x08015f9c   0x08015f9c   0x00000004   PAD
    0x08015fa0   0x08015fa0   0x000000de   Code   RO          531    .text.USB_SetCurrentMode  stm32h7xx_ll_usb.o
    0x0801607e   0x0801607e   0x00000002   PAD
    0x08016080   0x08016080   0x00000036   Code   RO          567    .text.USB_SetDevAddress  stm32h7xx_ll_usb.o
    0x080160b6   0x080160b6   0x00000002   PAD
    0x080160b8   0x080160b8   0x00000022   Code   RO          537    .text.USB_SetDevSpeed  stm32h7xx_ll_usb.o
    0x080160da   0x080160da   0x00000006   PAD
    0x080160e0   0x080160e0   0x000001ba   Code   RO          525    .text.USB_SetTurnaroundTime  stm32h7xx_ll_usb.o
    0x0801629a   0x0801629a   0x00000006   PAD
    0x080162a0   0x080162a0   0x00000082   Code   RO          555    .text.USB_WritePacket  stm32h7xx_ll_usb.o
    0x08016322   0x08016322   0x00000006   PAD
    0x08016328   0x08016328   0x00000004   Code   RO          190    .text.UsageFault_Handler  stm32h7xx_it.o
    0x0801632c   0x0801632c   0x00000004   PAD
    0x08016330   0x08016330   0x00000014   Code   RO         3144    .text._GLOBAL__sub_I_motor_task.cpp  motor_task.o
    0x08016344   0x08016344   0x00000004   PAD
    0x08016348   0x08016348   0x00000130   Code   RO         2971    .text._Z10SBUS_TO_RCPVKhP19Remote_Info_Typedef  remote_control.o
    0x08016478   0x08016478   0x000001ac   Code   RO         2948    .text._Z10USART_initP20__UART_HandleTypeDefPFvS0_PhE  uart.o
    0x08016624   0x08016624   0x00000004   PAD
    0x08016628   0x08016628   0x00000052   Code   RO         2880    .text._Z13motor_max_minfff  math_support.o
    0x0801667a   0x0801667a   0x00000006   PAD
    0x08016680   0x08016680   0x0000005c   Code   RO         2876    .text._Z15float_to_uint_ffffh  math_support.o
    0x080166dc   0x080166dc   0x00000004   PAD
    0x080166e0   0x080166e0   0x00000030   Code   RO         3272    .text._Z16Task1ms_Callbackv  control_task.o
    0x08016710   0x08016710   0x0000001a   Code   RO         2969    .text._Z17SBUS_TO_RC_HandleP20__UART_HandleTypeDefPh  remote_control.o
    0x0801672a   0x0801672a   0x00000006   PAD
    0x08016730   0x08016730   0x00000190   Code   RO         3069    .text._Z17motor_DJ_can_sendv  motor_dj.o
    0x080168c0   0x080168c0   0x00000002   Code   RO         3274    .text._Z18Task500us_Callbackv  control_task.o
    0x080168c2   0x080168c2   0x00000006   PAD
    0x080168c8   0x080168c8   0x00000058   Code   RO         2950    .text._Z18UART_Transmit_DataP20__UART_HandleTypeDefPhh  uart.o
    0x08016920   0x08016920   0x00000038   Code   RO         3126    .text._Z18motor_DJ_Data_sendP14Class_Motor_DJ20Struct_send_motor_DJ  motor_task.o
    0x08016958   0x08016958   0x00000070   Code   RO         3134    .text._Z18motor_DM_Data_sendP14Class_Motor_DM20Struct_send_motor_DM  motor_task.o
    0x080169c8   0x080169c8   0x00000070   Code   RO         3122    .text._Z18motor_LZ_Data_sendP14Class_Motor_LZ20Struct_send_motor_Lz  motor_task.o
    0x08016a38   0x08016a38   0x00000074   Code   RO         3132    .text._Z18motor_YS_Data_sendP14Class_Motor_YS20Struct_send_motor_YS  motor_task.o
    0x08016aac   0x08016aac   0x00000004   PAD
    0x08016ab0   0x08016ab0   0x00000018   Code   RO         2973    .text._Z19remote_control_initv  remote_control.o
    0x08016ac8   0x08016ac8   0x0000004e   Code   RO         2931    .text._Z21fdcan_send_data_ExtenP19FDCAN_HandleTypeDefjPhj  bsp_fdcan.o
    0x08016b16   0x08016b16   0x00000002   PAD
    0x08016b18   0x08016b18   0x0000004a   Code   RO         2929    .text._Z21fdcan_send_data_standP19FDCAN_HandleTypeDefjPhj  bsp_fdcan.o
    0x08016b62   0x08016b62   0x00000006   PAD
    0x08016b68   0x08016b68   0x00000050   Code   RO         2882    .text._Z8LimitMaxff  math_support.o
    0x08016bb8   0x08016bb8   0x0000002a   Code   RO         3001    .text._ZL14crc_ccitt_byteth  motor_ys.o
    0x08016be2   0x08016be2   0x00000006   PAD
    0x08016be8   0x08016be8   0x00000038   Code   RO         2989    .text._ZL9crc_ccittPKhj  motor_ys.o
    0x08016c20   0x08016c20   0x000000e4   Code   RO         3067    .text._ZN14Class_Motor_DJ13can_send_DataEv  motor_dj.o
    0x08016d04   0x08016d04   0x00000004   PAD
    0x08016d08   0x08016d08   0x000000ea   Code   RO         3071    .text._ZN14Class_Motor_DJ18PID_Calculate_DataEv  motor_dj.o
    0x08016df2   0x08016df2   0x00000006   PAD
    0x08016df8   0x08016df8   0x00000014   Code   RO         3203    .text._ZN14Class_Motor_DJ5Set_TERKf  motor_task.o
    0x08016e0c   0x08016e0c   0x00000004   PAD
    0x08016e10   0x08016e10   0x00000014   Code   RO         3205    .text._ZN14Class_Motor_DJ5Set_WERKf  motor_task.o
    0x08016e24   0x08016e24   0x00000004   PAD
    0x08016e28   0x08016e28   0x00000014   Code   RO         3201    .text._ZN14Class_Motor_DJ7Set_PosERKf  motor_task.o
    0x08016e3c   0x08016e3c   0x00000004   PAD
    0x08016e40   0x08016e40   0x0000003c   Code   RO         3167    .text._ZN14Class_Motor_DJC2Ev  motor_task.o
    0x08016e7c   0x08016e7c   0x00000004   PAD
    0x08016e80   0x08016e80   0x00000012   Code   RO         3261    .text._ZN14Class_Motor_DM5Set_TERKf  motor_task.o
    0x08016e92   0x08016e92   0x00000006   PAD
    0x08016e98   0x08016e98   0x00000012   Code   RO         3263    .text._ZN14Class_Motor_DM5Set_WERKf  motor_task.o
    0x08016eaa   0x08016eaa   0x00000006   PAD
    0x08016eb0   0x08016eb0   0x00000012   Code   RO         3267    .text._ZN14Class_Motor_DM6Set_KdERKf  motor_task.o
    0x08016ec2   0x08016ec2   0x00000006   PAD
    0x08016ec8   0x08016ec8   0x00000012   Code   RO         3265    .text._ZN14Class_Motor_DM6Set_KpERKf  motor_task.o
    0x08016eda   0x08016eda   0x00000006   PAD
    0x08016ee0   0x08016ee0   0x00000012   Code   RO         3259    .text._ZN14Class_Motor_DM7Set_PosERKf  motor_task.o
    0x08016ef2   0x08016ef2   0x00000006   PAD
    0x08016ef8   0x08016ef8   0x0000011c   Code   RO         3049    .text._ZN14Class_Motor_DM8can_sendEv  motor_dm.o
    0x08017014   0x08017014   0x00000004   PAD
    0x08017018   0x08017018   0x00000012   Code   RO         3257    .text._ZN14Class_Motor_DM9Set_AngleERKf  motor_task.o
    0x0801702a   0x0801702a   0x00000006   PAD
    0x08017030   0x08017030   0x00000012   Code   RO         3171    .text._ZN14Class_Motor_DMC2Ev  motor_task.o
    0x08017042   0x08017042   0x00000006   PAD
    0x08017048   0x08017048   0x00000012   Code   RO         3191    .text._ZN14Class_Motor_LZ5Set_TERKf  motor_task.o
    0x0801705a   0x0801705a   0x00000006   PAD
    0x08017060   0x08017060   0x00000012   Code   RO         3193    .text._ZN14Class_Motor_LZ5Set_WERKf  motor_task.o
    0x08017072   0x08017072   0x00000006   PAD
    0x08017078   0x08017078   0x00000012   Code   RO         3197    .text._ZN14Class_Motor_LZ6Set_KdERKf  motor_task.o
    0x0801708a   0x0801708a   0x00000006   PAD
    0x08017090   0x08017090   0x00000012   Code   RO         3195    .text._ZN14Class_Motor_LZ6Set_KpERKf  motor_task.o
    0x080170a2   0x080170a2   0x00000006   PAD
    0x080170a8   0x080170a8   0x00000012   Code   RO         3189    .text._ZN14Class_Motor_LZ7Set_PosERKf  motor_task.o
    0x080170ba   0x080170ba   0x00000006   PAD
    0x080170c0   0x080170c0   0x000001cc   Code   RO         3028    .text._ZN14Class_Motor_LZ8can_sendEv  motor_lz.o
    0x0801728c   0x0801728c   0x00000004   PAD
    0x08017290   0x08017290   0x00000012   Code   RO         3187    .text._ZN14Class_Motor_LZ9Set_AngleERKf  motor_task.o
    0x080172a2   0x080172a2   0x00000006   PAD
    0x080172a8   0x080172a8   0x00000024   Code   RO         3014    .text._ZN14Class_Motor_LZ9send_dataEj  motor_lz.o
    0x080172cc   0x080172cc   0x00000004   PAD
    0x080172d0   0x080172d0   0x00000012   Code   RO         3165    .text._ZN14Class_Motor_LZC2Ev  motor_task.o
    0x080172e2   0x080172e2   0x00000006   PAD
    0x080172e8   0x080172e8   0x00000012   Code   RO         3233    .text._ZN14Class_Motor_YS5Set_TERKf  motor_task.o
    0x080172fa   0x080172fa   0x00000006   PAD
    0x08017300   0x08017300   0x00000012   Code   RO         3235    .text._ZN14Class_Motor_YS5Set_WERKf  motor_task.o
    0x08017312   0x08017312   0x00000006   PAD
    0x08017318   0x08017318   0x00000012   Code   RO         3239    .text._ZN14Class_Motor_YS6Set_KdERKf  motor_task.o
    0x0801732a   0x0801732a   0x00000006   PAD
    0x08017330   0x08017330   0x00000012   Code   RO         3237    .text._ZN14Class_Motor_YS6Set_KpERKf  motor_task.o
    0x08017342   0x08017342   0x00000006   PAD
    0x08017348   0x08017348   0x00000012   Code   RO         3231    .text._ZN14Class_Motor_YS7Set_PosERKf  motor_task.o
    0x0801735a   0x0801735a   0x00000006   PAD
    0x08017360   0x08017360   0x00000012   Code   RO         3229    .text._ZN14Class_Motor_YS9Set_AngleERKf  motor_task.o
    0x08017372   0x08017372   0x00000006   PAD
    0x08017378   0x08017378   0x00000024   Code   RO         2991    .text._ZN14Class_Motor_YS9UART_sendEv  motor_ys.o
    0x0801739c   0x0801739c   0x00000004   PAD
    0x080173a0   0x080173a0   0x00000174   Code   RO         2987    .text._ZN14Class_Motor_YS9send_dataEv  motor_ys.o
    0x08017514   0x08017514   0x00000004   PAD
    0x08017518   0x08017518   0x00000012   Code   RO         3169    .text._ZN14Class_Motor_YSC2Ev  motor_task.o
    0x0801752a   0x0801752a   0x00000006   PAD
    0x08017530   0x08017530   0x00000012   Code   RO         3085    .text._ZN9Class_PID10Set_TargetERKf  motor_dj.o
    0x08017542   0x08017542   0x00000006   PAD
    0x08017548   0x08017548   0x000000c4   Code   RO         2865    .text._ZN9Class_PID4CoutEv  alg_pid.o
    0x0801760c   0x0801760c   0x00000004   PAD
    0x08017610   0x08017610   0x00000012   Code   RO         3087    .text._ZN9Class_PID7Set_NowERKf  motor_dj.o
    0x08017622   0x08017622   0x00000006   PAD
    0x08017628   0x08017628   0x00000022   Code   RO         3269    .text._ZN9Class_PIDC2Ev  motor_task.o
    0x0801764a   0x0801764a   0x00000006   PAD
    0x08017650   0x08017650   0x0000000e   Code   RO         3089    .text._ZNK9Class_PID7Get_OutEv  motor_dj.o
    0x0801765e   0x0801765e   0x00000002   PAD
    0x08017660   0x08017660   0x00000030   Code   RO         1133    .text.__NVIC_EnableIRQ  stm32h7xx_hal_cortex.o
    0x08017690   0x08017690   0x00000010   Code   RO         1125    .text.__NVIC_GetPriorityGrouping  stm32h7xx_hal_cortex.o
    0x080176a0   0x080176a0   0x00000042   Code   RO         1127    .text.__NVIC_SetPriority  stm32h7xx_hal_cortex.o
    0x080176e2   0x080176e2   0x00000006   PAD
    0x080176e8   0x080176e8   0x0000003c   Code   RO         1121    .text.__NVIC_SetPriorityGrouping  stm32h7xx_hal_cortex.o
    0x08017724   0x08017724   0x00000004   PAD
    0x08017728   0x08017728   0x00000010   Code   RO         3092    .text.__cxx_global_var_init  motor_task.o
    0x08017738   0x08017738   0x00000010   Code   RO         3094    .text.__cxx_global_var_init.1  motor_task.o
    0x08017748   0x08017748   0x00000010   Code   RO         3096    .text.__cxx_global_var_init.2  motor_task.o
    0x08017758   0x08017758   0x00000010   Code   RO         3098    .text.__cxx_global_var_init.3  motor_task.o
    0x08017768   0x08017768   0x00000002   Code   RO         3280    .text.control_task  control_task.o
    0x0801776a   0x0801776a   0x00000006   PAD
    0x08017770   0x08017770   0x00000008   Code   RO         3278    .text.control_task_init  control_task.o
    0x08017778   0x08017778   0x00000150   Code   RO           11    .text.main          main.o
    0x080178c8   0x080178c8   0x00000052   Code   RO         3102    .text.motor_LZ_send_Init  motor_task.o
    0x0801791a   0x0801791a   0x00000006   PAD
    0x08017920   0x08017920   0x00000162   Code   RO         3140    .text.motor_task    motor_task.o
    0x08017a82   0x08017a82   0x0000001a   Code   RO         3523    x$fpl$fpinit        fz_wv.l(fpinit.o)
    0x08017a9c   0x08017a9c   0x0000004c   Data   RO         2005    .rodata..L__const.HAL_FDCAN_Init.CvtEltSize  stm32h7xx_hal_fdcan.o
    0x08017ae8   0x08017ae8   0x00000010   Data   RO         2685    .rodata.D1CorePrescTable  system_stm32h7xx.o
    0x08017af8   0x08017af8   0x00000010   Data   RO         2006    .rodata.DLCtoBytes  stm32h7xx_hal_fdcan.o
    0x08017b08   0x08017b08   0x00000008   Data   RO          913    .rodata.DMA_CalcBaseAndBitshift.flagBitshiftOffset  stm32h7xx_hal_dma.o
    0x08017b10   0x08017b10   0x00000004   Data   RO         2890    .rodata.MATH_DEG_TO_RAD  math_support.o
    0x08017b14   0x08017b14   0x00000004   Data   RO         2889    .rodata.MATH_RPM_TO_RADPS  math_support.o
    0x08017b18   0x08017b18   0x00000008   Data   RO         2671    .rodata.UARTEx_SetNbDataToProcess.denominator  stm32h7xx_hal_uart_ex.o
    0x08017b20   0x08017b20   0x00000008   Data   RO         2670    .rodata.UARTEx_SetNbDataToProcess.numerator  stm32h7xx_hal_uart_ex.o
    0x08017b28   0x08017b28   0x00000018   Data   RO         2626    .rodata.UARTPrescTable  stm32h7xx_hal_uart.o
    0x08017b40   0x08017b40   0x00000200   Data   RO         3004    .rodata._ZL15crc_ccitt_table  motor_ys.o
    0x08017d40   0x08017d40   0x00000042   Data   RO          313    .rodata.str1.1      usbd_desc.o
    0x08017d82   0x08017d82   0x00000002   PAD
    0x08017d84   0x08017d84   0x00000030   Data   RO         3624    Region$$Table       anon$$obj.o
    0x08017db4   0x08017db4   0x00000004   Data   RO         3158    .init_array         motor_task.o
    0x08017db8   0x08017db4   0x00000000   Data   RO         3409    .init_array         c_w.l(init_aeabi.o)


    Execution Region RW_IRAM1 (Exec base: 0x20000000, Load base: 0x08017db8, Size: 0x000090b8, Max: 0x00020000, ABSOLUTE)

    Exec Addr    Load Addr    Size         Type   Attr      Idx    E Section Name        Object

    0x20000000   0x08017db8   0x00000001   Data   RW         2841    .data.CDCCmdEpAdd   usbd_cdc.o
    0x20000001   0x08017db9   0x00000001   Data   RW         2839    .data.CDCInEpAdd    usbd_cdc.o
    0x20000002   0x08017dba   0x00000001   Data   RW         2840    .data.CDCOutEpAdd   usbd_cdc.o
    0x20000003   0x08017dbb   0x00000001   PAD
    0x20000004   0x08017dbc   0x00000020   Data   RW          308    .data.HS_Desc       usbd_desc.o
    0x20000024   0x08017ddc   0x00000004   Data   RW         2683    .data.SystemCoreClock  system_stm32h7xx.o
    0x20000028   0x08017de0   0x00000004   Data   RW         2684    .data.SystemD2Clock  system_stm32h7xx.o
    0x2000002c   0x08017de4   0x00000038   Data   RW         2837    .data.USBD_CDC      usbd_cdc.o
    0x20000064   0x08017e1c   0x00000043   Data   RW         2842    .data.USBD_CDC_CfgDesc  usbd_cdc.o
    0x200000a7   0x08017e5f   0x00000001   PAD
    0x200000a8   0x08017e60   0x0000000a   Data   RW         2838    .data.USBD_CDC_DeviceQualifierDesc  usbd_cdc.o
    0x200000b2   0x08017e6a   0x00000002   PAD
    0x200000b4   0x08017e6c   0x00000012   Data   RW          309    .data.USBD_HS_DeviceDesc  usbd_desc.o
    0x200000c6   0x08017e7e   0x00000002   PAD
    0x200000c8   0x08017e80   0x00000014   Data   RW          334    .data.USBD_Interface_fops_HS  usbd_cdc_if.o
    0x200000dc   0x08017e94   0x00000004   Data   RW          311    .data.USBD_LangIDDesc  usbd_desc.o
    0x200000e0   0x08017e98   0x0000001a   Data   RW          312    .data.USBD_StringSerial  usbd_desc.o
    0x200000fa   0x08017eb2   0x00000018   Data   RW         2977    .data.remote_ctrl   remote_control.o
    0x20000112   0x08017eca   0x00000001   Data   RW         1305    .data.uwTickFreq    stm32h7xx_hal.o
    0x20000113   0x08017ecb   0x00000001   PAD
    0x20000114   0x08017ecc   0x00000004   Data   RW         1304    .data.uwTickPrio    stm32h7xx_hal.o
    0x20000118        -       0x00000060   Zero   RW         3526    .bss                c_w.l(libspace.o)
    0x20000178        -       0x00000038   Zero   RW         2936    .bss.CAN1_Manage_Object  bsp_fdcan.o
    0x200001b0        -       0x00000038   Zero   RW         2937    .bss.CAN2_Manage_Object  bsp_fdcan.o
    0x200001e8        -       0x00000038   Zero   RW         2938    .bss.CAN3_Manage_Object  bsp_fdcan.o
    0x20000220        -       0x00000009   Zero   RW         3075    .bss.CAN_Send_bl    motor_dj.o
    0x20000229   0x08017ed0   0x00000003   PAD
    0x2000022c        -       0x00000004   Zero   RW           86    .bss.HAL_RCC_FDCAN_CLK_ENABLED  fdcan.o
    0x20000230        -       0x00000001   Zero   RW         2960    .bss.SBUS_RX_init_bl  uart.o
    0x20000231        -       0x00000001   Zero   RW         2778    .bss.USBD_SetConfig.cfgidx  usbd_ctlreq.o
    0x20000232   0x08017ed0   0x00000002   PAD
    0x20000234        -       0x00000200   Zero   RW          314    .bss.USBD_StrDesc   usbd_desc.o
    0x20000434        -       0x00000220   Zero   RW          407    .bss.USBD_static_malloc.mem  usbd_conf.o
    0x20000654        -       0x00000004   Zero   RW         2959    .bss.Usart10_Callback_Function  uart.o
    0x20000658        -       0x00000004   Zero   RW         2954    .bss.Usart1_Callback_Function  uart.o
    0x2000065c        -       0x00000004   Zero   RW         2955    .bss.Usart2_Callback_Function  uart.o
    0x20000660        -       0x00000004   Zero   RW         2956    .bss.Usart3_Callback_Function  uart.o
    0x20000664        -       0x00000004   Zero   RW         2957    .bss.Usart5_Callback_Function  uart.o
    0x20000668        -       0x00000004   Zero   RW         2958    .bss.Usart7_Callback_Function  uart.o
    0x2000066c        -       0x00000800   Zero   RW          335    .bss.UserRxBufferHS  usbd_cdc_if.o
    0x20000e6c        -       0x00000800   Zero   RW          336    .bss.UserTxBufferHS  usbd_cdc_if.o
    0x2000166c        -       0x00000008   Zero   RW         3077    .bss._ZL17CAN_0x1ff_Tx_Data  motor_dj.o
    0x20001674        -       0x00000008   Zero   RW         3076    .bss._ZL17CAN_0x200_Tx_Data  motor_dj.o
    0x2000167c        -       0x00000008   Zero   RW         3078    .bss._ZL17CAN_0x2ff_Tx_Data  motor_dj.o
    0x20001684        -       0x00000008   Zero   RW         3057    .bss._ZL18motor_send_DM_Data  motor_dm.o
    0x2000168c        -       0x00000008   Zero   RW         3033    .bss._ZL18motor_send_LZ_Data  motor_lz.o
    0x20001694        -       0x00000004   Zero   RW         3156    .bss._ZZ18motor_LZ_send_InitE23timer_can_init_motor_LZ  motor_task.o
    0x20001698        -       0x0000000a   Zero   RW         3056    .bss._ZZN14Class_Motor_DM8can_sendEvE5motor  motor_dm.o
    0x200016a2        -       0x00000001   Zero   RW         3284    .bss.control_system_init_bl  control_task.o
    0x200016a3   0x08017ed0   0x00000001   PAD
    0x200016a4        -       0x000002dc   Zero   RW          281    .bss.hUsbDeviceHS   usb_device.o
    0x20001980        -       0x00000070   Zero   RW           45    .bss.hadc1          adc.o
    0x200019f0        -       0x00000070   Zero   RW           46    .bss.hadc3          adc.o
    0x20001a60        -       0x00000078   Zero   RW           47    .bss.hdma_adc1      adc.o
    0x20001ad8        -       0x00000078   Zero   RW           48    .bss.hdma_adc3      adc.o
    0x20001b50        -       0x00000078   Zero   RW           66    .bss.hdma_memtomem_dma2_stream6  dma.o
    0x20001bc8        -       0x00000078   Zero   RW          101    .bss.hdma_spi2_rx   spi.o
    0x20001c40        -       0x00000078   Zero   RW          102    .bss.hdma_spi2_tx   spi.o
    0x20001cb8        -       0x00000078   Zero   RW          164    .bss.hdma_uart5_rx  usart.o
    0x20001d30        -       0x00000078   Zero   RW          165    .bss.hdma_uart7_rx  usart.o
    0x20001da8        -       0x00000078   Zero   RW          166    .bss.hdma_uart7_tx  usart.o
    0x20001e20        -       0x00000078   Zero   RW          173    .bss.hdma_usart10_rx  usart.o
    0x20001e98        -       0x00000078   Zero   RW          174    .bss.hdma_usart10_tx  usart.o
    0x20001f10        -       0x00000078   Zero   RW          167    .bss.hdma_usart1_rx  usart.o
    0x20001f88        -       0x00000078   Zero   RW          168    .bss.hdma_usart1_tx  usart.o
    0x20002000        -       0x00000078   Zero   RW          169    .bss.hdma_usart2_rx  usart.o
    0x20002078        -       0x00000078   Zero   RW          170    .bss.hdma_usart2_tx  usart.o
    0x200020f0        -       0x00000078   Zero   RW          171    .bss.hdma_usart3_rx  usart.o
    0x20002168        -       0x00000078   Zero   RW          172    .bss.hdma_usart3_tx  usart.o
    0x200021e0        -       0x000000a0   Zero   RW           83    .bss.hfdcan1        fdcan.o
    0x20002280        -       0x000000a0   Zero   RW           84    .bss.hfdcan2        fdcan.o
    0x20002320        -       0x000000a0   Zero   RW           85    .bss.hfdcan3        fdcan.o
    0x200023c0        -       0x000004e4   Zero   RW          406    .bss.hpcd_USB_OTG_HS  usbd_conf.o
    0x200028a4        -       0x00000088   Zero   RW          100    .bss.hspi2          spi.o
    0x2000292c        -       0x0000004c   Zero   RW          130    .bss.htim1          tim.o
    0x20002978        -       0x0000004c   Zero   RW          131    .bss.htim2          tim.o
    0x200029c4        -       0x0000004c   Zero   RW          132    .bss.htim3          tim.o
    0x20002a10        -       0x0000004c   Zero   RW          133    .bss.htim7          tim.o
    0x20002a5c        -       0x0000004c   Zero   RW          134    .bss.htim8          tim.o
    0x20002aa8        -       0x00000094   Zero   RW          160    .bss.huart1         usart.o
    0x20002b3c        -       0x00000094   Zero   RW          163    .bss.huart10        usart.o
    0x20002bd0        -       0x00000094   Zero   RW          161    .bss.huart2         usart.o
    0x20002c64        -       0x00000094   Zero   RW          162    .bss.huart3         usart.o
    0x20002cf8        -       0x00000094   Zero   RW          158    .bss.huart5         usart.o
    0x20002d8c        -       0x00000094   Zero   RW          159    .bss.huart7         usart.o
    0x20002e20        -       0x000000e8   Zero   RW         3149    .bss.motor_DJ       motor_task.o
    0x20002f08        -       0x0000004c   Zero   RW         3151    .bss.motor_YS       motor_task.o
    0x20002f54        -       0x00000028   Zero   RW         3150    .bss.motor_dj_data  motor_task.o
    0x20002f7c        -       0x00000050   Zero   RW         3153    .bss.motor_dm       motor_task.o
    0x20002fcc        -       0x00000034   Zero   RW         3154    .bss.motor_dm_data  motor_task.o
    0x20003000        -       0x0000004c   Zero   RW         3146    .bss.motor_lz       motor_task.o
    0x2000304c        -       0x00000030   Zero   RW         3147    .bss.motor_lz_data  motor_task.o
    0x2000307c        -       0x00000001   Zero   RW         3148    .bss.motor_lz_init  motor_task.o
    0x2000307d   0x08017ed0   0x00000003   PAD
    0x20003080        -       0x00000034   Zero   RW         3152    .bss.motor_ys_data  motor_task.o
    0x200030b4        -       0x00000004   Zero   RW         1306    .bss.uwTick         stm32h7xx_hal.o
    0x200030b8        -       0x00002000   Zero   RW            2    HEAP                startup_stm32h723xx.o
    0x200050b8        -       0x00004000   Zero   RW            1    STACK               startup_stm32h723xx.o


    Execution Region RW_IRAM2 (Exec base: 0x24000000, Load base: 0x08017ed0, Size: 0x0000007c, Max: 0x00020000, ABSOLUTE)

    Exec Addr    Load Addr    Size         Type   Attr      Idx    E Section Name        Object

    0x24000000   0x08017ed0   0x00000058   Data   RW         2961    .AXI_SRAM           uart.o
    0x24000058   0x08017f28   0x00000021   Data   RW         3003    .AXI_SRAM           motor_ys.o


    Execution Region RW_IRAM3 (Exec base: 0x30000000, Load base: 0x08017f4c, Size: 0x00000000, Max: 0x00004000, ABSOLUTE)

    **** No section assigned to this execution region ****


    Execution Region RW_IRAM4 (Exec base: 0x30004000, Load base: 0x08017f4c, Size: 0x00000000, Max: 0x00004000, ABSOLUTE)

    **** No section assigned to this execution region ****


    Execution Region RW_IRAM5 (Exec base: 0x38000000, Load base: 0x08017f4c, Size: 0x00000000, Max: 0x00004000, ABSOLUTE)

    **** No section assigned to this execution region ****


==============================================================================

Image component sizes


      Code (inc. data)   RO Data    RW Data    ZI Data      Debug   Object Name

       822          0          0          0        464       9652   adc.o
       196          0          0          0          0      16024   alg_pid.o
        56          0          0          0          0       5213   bdma.o
       426          0          0          0        168      16815   bsp_fdcan.o
       120          0          0          0          1      16688   control_task.o
       414          0          0          0        120       7268   dma.o
      1040          0          0          0        484      11896   fdcan.o
       318          0          0          0          0       3014   gpio.o
       698          0          0          0          0       6135   main.o
       254          0          8          0          0      16343   math_support.o
       912          0          0          0         33      21833   motor_dj.o
       284          8          0          0         18      18723   motor_dm.o
       496         12          0          0          8      20064   motor_lz.o
      1448          0          4          0        661      36880   motor_task.o
       506         20        512         33          0      19390   motor_ys.o
       354          0          0         24          0      15785   remote_control.o
       584          0          0          0        376      11436   spi.o
        64         26        716          0      24576        836   startup_stm32h723xx.o
       360          0          0          5          4      14605   stm32h7xx_hal.o
      5568          0          0          0          0      25047   stm32h7xx_hal_adc.o
       690          0          0          0          0      23622   stm32h7xx_hal_adc_ex.o
       688          0          0          0          0      11480   stm32h7xx_hal_cortex.o
     15540          8          8          0          0      12454   stm32h7xx_hal_dma.o
      4500          0         92          0          0      33556   stm32h7xx_hal_fdcan.o
       982          0          0          0          0       6970   stm32h7xx_hal_gpio.o
        36          0          0          0          0       2218   stm32h7xx_hal_msp.o
      5038          0          0          0          0      14327   stm32h7xx_hal_pcd.o
       246          0          0          0          0       5487   stm32h7xx_hal_pcd_ex.o
       180          0          0          0          0       9300   stm32h7xx_hal_pwr_ex.o
      4694         66          0          0          0      11371   stm32h7xx_hal_rcc.o
      9792        118          0          0          0      18611   stm32h7xx_hal_rcc_ex.o
      1974          0          0          0          0      20739   stm32h7xx_hal_spi.o
      4280         22          0          0          0      37556   stm32h7xx_hal_tim.o
       706          0          0          0          0      18122   stm32h7xx_hal_tim_ex.o
      7162        342         24          0          0      29366   stm32h7xx_hal_uart.o
       770          0         16          0          0       8880   stm32h7xx_hal_uart_ex.o
       546          0          0          0          0       4091   stm32h7xx_it.o
      5098          0          0          0          0      19879   stm32h7xx_ll_usb.o
       314          0         16          8          0       5173   system_stm32h7xx.o
      1398          0          0          0        380      12514   tim.o
       994          0          0         88         25      14613   uart.o
      3022          0          0          0       2208      14120   usart.o
       122          0          0          0        732       3128   usb_device.o
      2370         12          0        136          0      11032   usbd_cdc.o
       206         36          0         20       4096       2586   usbd_cdc_if.o
      1348          4          0          0       1796      18273   usbd_conf.o
      2130          0          0          0          0       8971   usbd_core.o
      3466         46          0          0          1       8607   usbd_ctlreq.o
       572          0         66         80        512       3470   usbd_desc.o
       232          0          0          0          0       4190   usbd_ioreq.o

    ----------------------------------------------------------------------
     95330        736       1512        404      36672     688353   Object Totals
         0          0         48          0          0          0   (incl. Generated)
      1314         16          2         10          9          0   (incl. Padding)

    ----------------------------------------------------------------------

      Code (inc. data)   RO Data    RW Data    ZI Data      Debug   Library Member Name

        58          0          0          0          0          0   __dczerorl.o
         8          0          0          0          0         68   __main.o
         0          0          0          0          0          0   __rtentry.o
        12          0          0          0          0          0   __rtentry2.o
         6          0          0          0          0          0   __rtentry4.o
        94          8          0          0          0          0   __scatter.o
        26          0          0          0          0          0   __scatter_copy.o
        28          0          0          0          0          0   __scatter_zi.o
        18          0          0          0          0         80   exit.o
         6          0          0          0          0        152   heapauxi.o
         0          0          0          0          0          0   indicate_semi.o
        44          8          0          0          0         80   init_aeabi.o
         2          0          0          0          0          0   libinit.o
        10          0          0          0          0          0   libinit2.o
         2          0          0          0          0          0   libshutdown.o
         2          0          0          0          0          0   libshutdown2.o
         8          4          0          0         96         68   libspace.o
       240          0          0          0          0        100   lludivv7m.o
        78          0          0          0          0         80   rt_memclr_w.o
       100          0          0          0          0         80   rt_memcpy_w.o
         2          0          0          0          0          0   rtexit.o
        10          0          0          0          0          0   rtexit2.o
        12          4          0          0          0         68   sys_exit.o
        74          0          0          0          0         80   sys_stackheap_outer.o
         2          0          0          0          0         68   use_no_semi.o
        26          0          0          0          0        116   fpinit.o

    ----------------------------------------------------------------------
       878         24          0          0         96       1040   Library Totals
        10          0          0          0          0          0   (incl. Padding)

    ----------------------------------------------------------------------

      Code (inc. data)   RO Data    RW Data    ZI Data      Debug   Library Name

       842         24          0          0         96        924   c_w.l
        26          0          0          0          0        116   fz_wv.l

    ----------------------------------------------------------------------
       878         24          0          0         96       1040   Library Totals

    ----------------------------------------------------------------------

==============================================================================


      Code (inc. data)   RO Data    RW Data    ZI Data      Debug   

     96208        760       1512        404      36768     688205   Grand Totals
     96208        760       1512        404      36768     688205   ELF Image Totals
     96208        760       1512        404          0          0   ROM Totals

==============================================================================

    Total RO  Size (Code + RO Data)                97720 (  95.43kB)
    Total RW  Size (RW Data + ZI Data)             37172 (  36.30kB)
    Total ROM Size (Code + RO Data + RW Data)      98124 (  95.82kB)

==============================================================================

