Component: Arm Compiler for Embedded 6.23 Tool: armlink [5f102400]

==============================================================================

Section Cross References

    startup_stm32h723xx.o(STACK) refers (Special) to heapauxi.o(.text) for __use_two_region_memory
    startup_stm32h723xx.o(HEAP) refers (Special) to heapauxi.o(.text) for __use_two_region_memory
    startup_stm32h723xx.o(RESET) refers (Special) to heapauxi.o(.text) for __use_two_region_memory
    startup_stm32h723xx.o(RESET) refers to startup_stm32h723xx.o(STACK) for __initial_sp
    startup_stm32h723xx.o(RESET) refers to startup_stm32h723xx.o(.text) for Reset_Handler
    startup_stm32h723xx.o(RESET) refers to stm32h7xx_it.o(.text.NMI_Handler) for NMI_Handler
    startup_stm32h723xx.o(RESET) refers to stm32h7xx_it.o(.text.HardFault_Handler) for HardFault_Handler
    startup_stm32h723xx.o(RESET) refers to stm32h7xx_it.o(.text.MemManage_Handler) for MemManage_Handler
    startup_stm32h723xx.o(RESET) refers to stm32h7xx_it.o(.text.BusFault_Handler) for BusFault_Handler
    startup_stm32h723xx.o(RESET) refers to stm32h7xx_it.o(.text.UsageFault_Handler) for UsageFault_Handler
    startup_stm32h723xx.o(RESET) refers to stm32h7xx_it.o(.text.SVC_Handler) for SVC_Handler
    startup_stm32h723xx.o(RESET) refers to stm32h7xx_it.o(.text.DebugMon_Handler) for DebugMon_Handler
    startup_stm32h723xx.o(RESET) refers to stm32h7xx_it.o(.text.PendSV_Handler) for PendSV_Handler
    startup_stm32h723xx.o(RESET) refers to stm32h7xx_it.o(.text.SysTick_Handler) for SysTick_Handler
    startup_stm32h723xx.o(RESET) refers to stm32h7xx_it.o(.text.DMA1_Stream0_IRQHandler) for DMA1_Stream0_IRQHandler
    startup_stm32h723xx.o(RESET) refers to stm32h7xx_it.o(.text.DMA1_Stream1_IRQHandler) for DMA1_Stream1_IRQHandler
    startup_stm32h723xx.o(RESET) refers to stm32h7xx_it.o(.text.DMA1_Stream2_IRQHandler) for DMA1_Stream2_IRQHandler
    startup_stm32h723xx.o(RESET) refers to stm32h7xx_it.o(.text.DMA1_Stream3_IRQHandler) for DMA1_Stream3_IRQHandler
    startup_stm32h723xx.o(RESET) refers to stm32h7xx_it.o(.text.DMA1_Stream4_IRQHandler) for DMA1_Stream4_IRQHandler
    startup_stm32h723xx.o(RESET) refers to stm32h7xx_it.o(.text.DMA1_Stream5_IRQHandler) for DMA1_Stream5_IRQHandler
    startup_stm32h723xx.o(RESET) refers to stm32h7xx_it.o(.text.DMA1_Stream6_IRQHandler) for DMA1_Stream6_IRQHandler
    startup_stm32h723xx.o(RESET) refers to stm32h7xx_it.o(.text.FDCAN1_IT0_IRQHandler) for FDCAN1_IT0_IRQHandler
    startup_stm32h723xx.o(RESET) refers to stm32h7xx_it.o(.text.FDCAN2_IT0_IRQHandler) for FDCAN2_IT0_IRQHandler
    startup_stm32h723xx.o(RESET) refers to stm32h7xx_it.o(.text.FDCAN1_IT1_IRQHandler) for FDCAN1_IT1_IRQHandler
    startup_stm32h723xx.o(RESET) refers to stm32h7xx_it.o(.text.FDCAN2_IT1_IRQHandler) for FDCAN2_IT1_IRQHandler
    startup_stm32h723xx.o(RESET) refers to stm32h7xx_it.o(.text.SPI2_IRQHandler) for SPI2_IRQHandler
    startup_stm32h723xx.o(RESET) refers to stm32h7xx_it.o(.text.USART1_IRQHandler) for USART1_IRQHandler
    startup_stm32h723xx.o(RESET) refers to stm32h7xx_it.o(.text.USART2_IRQHandler) for USART2_IRQHandler
    startup_stm32h723xx.o(RESET) refers to stm32h7xx_it.o(.text.USART3_IRQHandler) for USART3_IRQHandler
    startup_stm32h723xx.o(RESET) refers to stm32h7xx_it.o(.text.TIM8_UP_TIM13_IRQHandler) for TIM8_UP_TIM13_IRQHandler
    startup_stm32h723xx.o(RESET) refers to stm32h7xx_it.o(.text.DMA1_Stream7_IRQHandler) for DMA1_Stream7_IRQHandler
    startup_stm32h723xx.o(RESET) refers to stm32h7xx_it.o(.text.UART5_IRQHandler) for UART5_IRQHandler
    startup_stm32h723xx.o(RESET) refers to stm32h7xx_it.o(.text.TIM7_IRQHandler) for TIM7_IRQHandler
    startup_stm32h723xx.o(RESET) refers to stm32h7xx_it.o(.text.DMA2_Stream0_IRQHandler) for DMA2_Stream0_IRQHandler
    startup_stm32h723xx.o(RESET) refers to stm32h7xx_it.o(.text.DMA2_Stream1_IRQHandler) for DMA2_Stream1_IRQHandler
    startup_stm32h723xx.o(RESET) refers to stm32h7xx_it.o(.text.DMA2_Stream2_IRQHandler) for DMA2_Stream2_IRQHandler
    startup_stm32h723xx.o(RESET) refers to stm32h7xx_it.o(.text.DMA2_Stream3_IRQHandler) for DMA2_Stream3_IRQHandler
    startup_stm32h723xx.o(RESET) refers to stm32h7xx_it.o(.text.DMA2_Stream4_IRQHandler) for DMA2_Stream4_IRQHandler
    startup_stm32h723xx.o(RESET) refers to stm32h7xx_it.o(.text.DMA2_Stream5_IRQHandler) for DMA2_Stream5_IRQHandler
    startup_stm32h723xx.o(RESET) refers to stm32h7xx_it.o(.text.DMA2_Stream6_IRQHandler) for DMA2_Stream6_IRQHandler
    startup_stm32h723xx.o(RESET) refers to stm32h7xx_it.o(.text.OTG_HS_IRQHandler) for OTG_HS_IRQHandler
    startup_stm32h723xx.o(RESET) refers to stm32h7xx_it.o(.text.UART7_IRQHandler) for UART7_IRQHandler
    startup_stm32h723xx.o(RESET) refers to stm32h7xx_it.o(.text.BDMA_Channel0_IRQHandler) for BDMA_Channel0_IRQHandler
    startup_stm32h723xx.o(RESET) refers to stm32h7xx_it.o(.text.USART10_IRQHandler) for USART10_IRQHandler
[...]
    UserTxBufferHS                           0x20000e60   Data        2048  usbd_cdc_if.o(.bss.UserTxBufferHS)
    hUsbDeviceHS                             0x20001660   Data         732  usb_device.o(.bss.hUsbDeviceHS)
    hadc1                                    0x2000193c   Data         112  adc.o(.bss.hadc1)
    hadc3                                    0x200019ac   Data         112  adc.o(.bss.hadc3)
    hdma_adc1                                0x20001a1c   Data         120  adc.o(.bss.hdma_adc1)
    hdma_adc3                                0x20001a94   Data         120  adc.o(.bss.hdma_adc3)
    hdma_memtomem_dma2_stream6               0x20001b0c   Data         120  dma.o(.bss.hdma_memtomem_dma2_stream6)
    hdma_spi2_rx                             0x20001b84   Data         120  spi.o(.bss.hdma_spi2_rx)
    hdma_spi2_tx                             0x20001bfc   Data         120  spi.o(.bss.hdma_spi2_tx)
    hdma_uart5_rx                            0x20001c74   Data         120  usart.o(.bss.hdma_uart5_rx)
    hdma_uart7_rx                            0x20001cec   Data         120  usart.o(.bss.hdma_uart7_rx)
    hdma_uart7_tx                            0x20001d64   Data         120  usart.o(.bss.hdma_uart7_tx)
    hdma_usart10_rx                          0x20001ddc   Data         120  usart.o(.bss.hdma_usart10_rx)
    hdma_usart10_tx                          0x20001e54   Data         120  usart.o(.bss.hdma_usart10_tx)
    hdma_usart1_rx                           0x20001ecc   Data         120  usart.o(.bss.hdma_usart1_rx)
    hdma_usart1_tx                           0x20001f44   Data         120  usart.o(.bss.hdma_usart1_tx)
    hdma_usart2_rx                           0x20001fbc   Data         120  usart.o(.bss.hdma_usart2_rx)
    hdma_usart2_tx                           0x20002034   Data         120  usart.o(.bss.hdma_usart2_tx)
    hdma_usart3_rx                           0x200020ac   Data         120  usart.o(.bss.hdma_usart3_rx)
    hdma_usart3_tx                           0x20002124   Data         120  usart.o(.bss.hdma_usart3_tx)
    hfdcan1                                  0x2000219c   Data         160  fdcan.o(.bss.hfdcan1)
    hfdcan2                                  0x2000223c   Data         160  fdcan.o(.bss.hfdcan2)
    hfdcan3                                  0x200022dc   Data         160  fdcan.o(.bss.hfdcan3)
    hpcd_USB_OTG_HS                          0x2000237c   Data        1252  usbd_conf.o(.bss.hpcd_USB_OTG_HS)
    hspi2                                    0x20002860   Data         136  spi.o(.bss.hspi2)
    htim1                                    0x200028e8   Data          76  tim.o(.bss.htim1)
    htim2                                    0x20002934   Data          76  tim.o(.bss.htim2)
    htim3                                    0x20002980   Data          76  tim.o(.bss.htim3)
    htim7                                    0x200029cc   Data          76  tim.o(.bss.htim7)
    htim8                                    0x20002a18   Data          76  tim.o(.bss.htim8)
    huart1                                   0x20002a64   Data         148  usart.o(.bss.huart1)
    huart10                                  0x20002af8   Data         148  usart.o(.bss.huart10)
    huart2                                   0x20002b8c   Data         148  usart.o(.bss.huart2)
    huart3                                   0x20002c20   Data         148  usart.o(.bss.huart3)
    huart5                                   0x20002cb4   Data         148  usart.o(.bss.huart5)
    huart7                                   0x20002d48   Data         148  usart.o(.bss.huart7)
    motor_DJ                                 0x20002ddc   Data         232  motor_task.o(.bss.motor_DJ)
    motor_YS                                 0x20002ec4   Data          76  motor_task.o(.bss.motor_YS)
    motor_dm                                 0x20002f10   Data          80  motor_task.o(.bss.motor_dm)
    motor_lz                                 0x20002f60   Data          76  motor_task.o(.bss.motor_lz)
    motor_ys_data                            0x20002fac   Data          52  motor_task.o(.bss.motor_ys_data)
    uwTick                                   0x20002fe0   Data           4  stm32h7xx_hal.o(.bss.uwTick)
    motor_YS_send_Temp_buffer                0x24000058   Data          17  motor_ys.o(.AXI_SRAM)
    motor_YS_recv_Temp_buffer                0x24000069   Data          16  motor_ys.o(.AXI_SRAM)



==============================================================================

Memory Map of the image

  Image Entry point : 0x080002cd

  Load Region LR_IROM1 (Base: 0x08000000, Size: 0x00017994, Max: 0x00100000, ABSOLUTE)

    Execution Region ER_IROM1 (Exec base: 0x08000000, Load base: 0x08000000, Size: 0x00017800, Max: 0x00100000, ABSOLUTE)

    Exec Addr    Load Addr    Size         Type   Attr      Idx    E Section Name        Object

    0x08000000   0x08000000   0x000002cc   Data   RO            3    RESET               startup_stm32h723xx.o
    0x080002cc   0x080002cc   0x00000008   Code   RO         3266  * !!!main             c_w.l(__main.o)
    0x080002d4   0x080002d4   0x0000005c   Code   RO         3453    !!!scatter          c_w.l(__scatter.o)
    0x08000330   0x08000330   0x0000003a   Code   RO         3451    !!dczerorl          c_w.l(__dczerorl.o)
    0x0800036a   0x0800036a   0x00000002   PAD
    0x0800036c   0x0800036c   0x0000001a   Code   RO         3457    !!handler_copy      c_w.l(__scatter_copy.o)
    0x08000386   0x08000386   0x00000002   PAD
    0x08000388   0x08000388   0x00000002   Code   RO         3454    !!handler_null      c_w.l(__scatter.o)
    0x0800038a   0x0800038a   0x00000002   PAD
    0x0800038c   0x0800038c   0x0000001c   Code   RO         3459    !!handler_zi        c_w.l(__scatter_zi.o)
    0x080003a8   0x080003a8   0x00000002   Code   RO         3368    .ARM.Collect$$libinit$$00000000  c_w.l(libinit.o)
    0x080003aa   0x080003aa   0x00000004   Code   RO         3279    .ARM.Collect$$libinit$$00000001  c_w.l(libinit2.o)
    0x080003ae   0x080003ae   0x00000000   Code   RO         3282    .ARM.Collect$$libinit$$00000004  c_w.l(libinit2.o)
    0x080003ae   0x080003ae   0x00000000   Code   RO         3284    .ARM.Collect$$libinit$$00000006  c_w.l(libinit2.o)
    0x080003ae   0x080003ae   0x00000000   Code   RO         3287    .ARM.Collect$$libinit$$0000000C  c_w.l(libinit2.o)
    0x080003ae   0x080003ae   0x00000000   Code   RO         3289    .ARM.Collect$$libinit$$0000000E  c_w.l(libinit2.o)
    0x080003ae   0x080003ae   0x00000000   Code   RO         3291    .ARM.Collect$$libinit$$00000010  c_w.l(libinit2.o)
    0x080003ae   0x080003ae   0x00000000   Code   RO         3294    .ARM.Collect$$libinit$$00000013  c_w.l(libinit2.o)
    0x080003ae   0x080003ae   0x00000000   Code   RO         3296    .ARM.Collect$$libinit$$00000015  c_w.l(libinit2.o)
    0x080003ae   0x080003ae   0x00000000   Code   RO         3298    .ARM.Collect$$libinit$$00000017  c_w.l(libinit2.o)
    0x080003ae   0x080003ae   0x00000000   Code   RO         3300    .ARM.Collect$$libinit$$00000019  c_w.l(libinit2.o)
    0x080003ae   0x080003ae   0x00000000   Code   RO         3302    .ARM.Collect$$libinit$$0000001B  c_w.l(libinit2.o)
    0x080003ae   0x080003ae   0x00000000   Code   RO         3304    .ARM.Collect$$libinit$$0000001D  c_w.l(libinit2.o)
    0x080003ae   0x080003ae   0x00000000   Code   RO         3306    .ARM.Collect$$libinit$$0000001F  c_w.l(libinit2.o)
    0x080003ae   0x080003ae   0x00000000   Code   RO         3308    .ARM.Collect$$libinit$$00000021  c_w.l(libinit2.o)
    0x080003ae   0x080003ae   0x00000000   Code   RO         3310    .ARM.Collect$$libinit$$00000023  c_w.l(libinit2.o)
    0x080003ae   0x080003ae   0x00000000   Code   RO         3312    .ARM.Collect$$libinit$$00000025  c_w.l(libinit2.o)
    0x080003ae   0x080003ae   0x00000000   Code   RO         3314    .ARM.Collect$$libinit$$00000027  c_w.l(libinit2.o)
    0x080003ae   0x080003ae   0x00000000   Code   RO         3318    .ARM.Collect$$libinit$$0000002E  c_w.l(libinit2.o)
    0x080003ae   0x080003ae   0x00000000   Code   RO         3320    .ARM.Collect$$libinit$$00000030  c_w.l(libinit2.o)
    0x080003ae   0x080003ae   0x00000000   Code   RO         3322    .ARM.Collect$$libinit$$00000032  c_w.l(libinit2.o)
    0x080003ae   0x080003ae   0x00000004   Code   RO         3323    .ARM.Collect$$libinit$$00000033  c_w.l(libinit2.o)
    0x080003b2   0x080003b2   0x00000000   Code   RO         3324    .ARM.Collect$$libinit$$00000034  c_w.l(libinit2.o)
    0x080003b2   0x080003b2   0x00000002   Code   RO         3325    .ARM.Collect$$libinit$$00000035  c_w.l(libinit2.o)
    0x080003b4   0x080003b4   0x00000002   Code   RO         3418    .ARM.Collect$$libshutdown$$00000000  c_w.l(libshutdown.o)
    0x080003b6   0x080003b6   0x00000000   Code   RO         3434    .ARM.Collect$$libshutdown$$00000002  c_w.l(libshutdown2.o)
    0x080003b6   0x080003b6   0x00000000   Code   RO         3436    .ARM.Collect$$libshutdown$$00000004  c_w.l(libshutdown2.o)
    0x080003b6   0x080003b6   0x00000000   Code   RO         3439    .ARM.Collect$$libshutdown$$00000007  c_w.l(libshutdown2.o)
    0x080003b6   0x080003b6   0x00000000   Code   RO         3442    .ARM.Collect$$libshutdown$$0000000A  c_w.l(libshutdown2.o)
    0x080003b6   0x080003b6   0x00000000   Code   RO         3444    .ARM.Collect$$libshutdown$$0000000C  c_w.l(libshutdown2.o)
    0x080003b6   0x080003b6   0x00000000   Code   RO         3447    .ARM.Collect$$libshutdown$$0000000F  c_w.l(libshutdown2.o)
    0x080003b6   0x080003b6   0x00000002   Code   RO         3448    .ARM.Collect$$libshutdown$$00000010  c_w.l(libshutdown2.o)
    0x080003b8   0x080003b8   0x00000000   Code   RO         3274    .ARM.Collect$$rtentry$$00000000  c_w.l(__rtentry.o)
    0x080003b8   0x080003b8   0x00000000   Code   RO         3331    .ARM.Collect$$rtentry$$00000002  c_w.l(__rtentry2.o)
    0x080003b8   0x080003b8   0x00000006   Code   RO         3343    .ARM.Collect$$rtentry$$00000004  c_w.l(__rtentry4.o)
    0x080003be   0x080003be   0x00000000   Code   RO         3333    .ARM.Collect$$rtentry$$00000009  c_w.l(__rtentry2.o)
    0x080003be   0x080003be   0x00000004   Code   RO         3334    .ARM.Collect$$rtentry$$0000000A  c_w.l(__rtentry2.o)
    0x080003c2   0x080003c2   0x00000000   Code   RO         3336    .ARM.Collect$$rtentry$$0000000C  c_w.l(__rtentry2.o)
    0x080003c2   0x080003c2   0x00000008   Code   RO         3337    .ARM.Collect$$rtentry$$0000000D  c_w.l(__rtentry2.o)
    0x080003ca   0x080003ca   0x00000002   Code   RO         3376    .ARM.Collect$$rtexit$$00000000  c_w.l(rtexit.o)
    0x080003cc   0x080003cc   0x00000000   Code   RO         3398    .ARM.Collect$$rtexit$$00000002  c_w.l(rtexit2.o)
    0x080003cc   0x080003cc   0x00000004   Code   RO         3399    .ARM.Collect$$rtexit$$00000003  c_w.l(rtexit2.o)
    0x080003d0   0x080003d0   0x00000006   Code   RO         3400    .ARM.Collect$$rtexit$$00000004  c_w.l(rtexit2.o)
    0x080003d6   0x080003d6   0x00000002   PAD
    0x080003d8   0x080003d8   0x00000040   Code   RO            4    .text               startup_stm32h723xx.o
    0x08000418   0x08000418   0x000000f0   Code   RO         3258    .text               c_w.l(lludivv7m.o)
    0x08000508   0x08000508   0x00000064   Code   RO         3260    .text               c_w.l(rt_memcpy_w.o)
    0x0800056c   0x0800056c   0x0000004e   Code   RO         3262    .text               c_w.l(rt_memclr_w.o)
    0x080005ba   0x080005ba   0x00000006   Code   RO         3264    .text               c_w.l(heapauxi.o)
    0x080005c0   0x080005c0   0x0000002c   Code   RO         3271    .text               c_w.l(init_aeabi.o)
    0x080005ec   0x080005ec   0x0000004a   Code   RO         3351    .text               c_w.l(sys_stackheap_outer.o)
    0x08000636   0x08000636   0x00000012   Code   RO         3353    .text               c_w.l(exit.o)
    0x08000648   0x08000648   0x00000008   Code   RO         3373    .text               c_w.l(libspace.o)
    0x08000650   0x08000650   0x0000000c   Code   RO         3390    .text               c_w.l(sys_exit.o)
    0x0800065c   0x0800065c   0x00000002   Code   RO         3394    .text               c_w.l(use_no_semi.o)
    0x0800065e   0x0800065e   0x00000000   Code   RO         3396    .text               c_w.l(indicate_semi.o)
    0x0800065e   0x0800065e   0x00000002   PAD
    0x08000660   0x08000660   0x000001da   Code   RO         1547    .text.ADC_ConfigureBoostMode  stm32h7xx_hal_adc.o
    0x0800083a   0x0800083a   0x00000006   PAD
    0x08000840   0x08000840   0x00000010   Code   RO          256    .text.BDMA_Channel0_IRQHandler  stm32h7xx_it.o
    0x08000850   0x08000850   0x00000004   Code   RO          188    .text.BusFault_Handler  stm32h7xx_it.o
    0x08000854   0x08000854   0x00000004   PAD
    0x08000858   0x08000858   0x0000005c   Code   RO          326    .text.CDC_Control_HS  usbd_cdc_if.o
    0x080008b4   0x080008b4   0x00000004   PAD
    0x080008b8   0x080008b8   0x00000004   Code   RO          324    .text.CDC_DeInit_HS  usbd_cdc_if.o
    0x080008bc   0x080008bc   0x00000004   PAD
    0x080008c0   0x080008c0   0x00000032   Code   RO          322    .text.CDC_Init_HS   usbd_cdc_if.o
    0x080008f2   0x080008f2   0x00000006   PAD
    0x080008f8   0x080008f8   0x00000024   Code   RO          328    .text.CDC_Receive_HS  usbd_cdc_if.o
    0x0800091c   0x0800091c   0x00000004   PAD
    0x08000920   0x08000920   0x00000018   Code   RO          330    .text.CDC_TransmitCplt_HS  usbd_cdc_if.o
    0x08000938   0x08000938   0x00000010   Code   RO          200    .text.DMA1_Stream0_IRQHandler  stm32h7xx_it.o
    0x08000948   0x08000948   0x00000010   Code   RO          202    .text.DMA1_Stream1_IRQHandler  stm32h7xx_it.o
    0x08000958   0x08000958   0x00000010   Code   RO          204    .text.DMA1_Stream2_IRQHandler  stm32h7xx_it.o
    0x08000968   0x08000968   0x00000010   Code   RO          206    .text.DMA1_Stream3_IRQHandler  stm32h7xx_it.o
    0x08000978   0x08000978   0x00000010   Code   RO          208    .text.DMA1_Stream4_IRQHandler  stm32h7xx_it.o
    0x08000988   0x08000988   0x00000010   Code   RO          210    .text.DMA1_Stream5_IRQHandler  stm32h7xx_it.o
    0x08000998   0x08000998   0x00000010   Code   RO          212    .text.DMA1_Stream6_IRQHandler  stm32h7xx_it.o
    0x080009a8   0x080009a8   0x00000010   Code   RO          232    .text.DMA1_Stream7_IRQHandler  stm32h7xx_it.o
    0x080009b8   0x080009b8   0x00000010   Code   RO          238    .text.DMA2_Stream0_IRQHandler  stm32h7xx_it.o
    0x080009c8   0x080009c8   0x00000010   Code   RO          240    .text.DMA2_Stream1_IRQHandler  stm32h7xx_it.o
    0x080009d8   0x080009d8   0x00000010   Code   RO          242    .text.DMA2_Stream2_IRQHandler  stm32h7xx_it.o
    0x080009e8   0x080009e8   0x00000010   Code   RO          244    .text.DMA2_Stream3_IRQHandler  stm32h7xx_it.o
    0x080009f8   0x080009f8   0x00000010   Code   RO          246    .text.DMA2_Stream4_IRQHandler  stm32h7xx_it.o
    0x08000a08   0x08000a08   0x00000010   Code   RO          248    .text.DMA2_Stream5_IRQHandler  stm32h7xx_it.o
    0x08000a18   0x08000a18   0x00000010   Code   RO          250    .text.DMA2_Stream6_IRQHandler  stm32h7xx_it.o
    0x08000a28   0x08000a28   0x000001ca   Code   RO          883    .text.DMA_CalcBaseAndBitshift  stm32h7xx_hal_dma.o
    0x08000bf2   0x08000bf2   0x00000006   PAD
    0x08000bf8   0x08000bf8   0x00000178   Code   RO          885    .text.DMA_CalcDMAMUXChannelBaseAndMask  stm32h7xx_hal_dma.o
    0x08000d70   0x08000d70   0x0000012a   Code   RO          887    .text.DMA_CalcDMAMUXRequestGenBaseAndMask  stm32h7xx_hal_dma.o
    0x08000e9a   0x08000e9a   0x00000006   PAD
    0x08000ea0   0x08000ea0   0x000000f0   Code   RO          881    .text.DMA_CheckFifoParam  stm32h7xx_hal_dma.o
    0x08000f90   0x08000f90   0x00000514   Code   RO          893    .text.DMA_SetConfig  stm32h7xx_hal_dma.o
    0x080014a4   0x080014a4   0x00000004   PAD
    0x080014a8   0x080014a8   0x00000002   Code   RO          194    .text.DebugMon_Handler  stm32h7xx_it.o
    0x080014aa   0x080014aa   0x00000006   PAD
    0x080014b0   0x080014b0   0x0000000e   Code   RO           19    .text.Error_Handler  main.o
    0x080014be   0x080014be   0x00000002   PAD
    0x080014c0   0x080014c0   0x00000010   Code   RO          214    .text.FDCAN1_IT0_IRQHandler  stm32h7xx_it.o
    0x080014d0   0x080014d0   0x00000010   Code   RO          218    .text.FDCAN1_IT1_IRQHandler  stm32h7xx_it.o
    0x080014e0   0x080014e0   0x00000010   Code   RO          216    .text.FDCAN2_IT0_IRQHandler  stm32h7xx_it.o
    0x080014f0   0x080014f0   0x00000010   Code   RO          220    .text.FDCAN2_IT1_IRQHandler  stm32h7xx_it.o
    0x08001500   0x08001500   0x00000010   Code   RO          260    .text.FDCAN3_IT0_IRQHandler  stm32h7xx_it.o
    0x08001510   0x08001510   0x00000010   Code   RO          262    .text.FDCAN3_IT1_IRQHandler  stm32h7xx_it.o
    0x08001520   0x08001520   0x000002c2   Code   RO         1809    .text.FDCAN_CalcultateRamBlockAddresses  stm32h7xx_hal_fdcan.o
    0x080017e2   0x080017e2   0x00000006   PAD
    0x080017e8   0x080017e8   0x0000005c   Code   RO          302    .text.Get_SerialNum  usbd_desc.o
    0x08001844   0x08001844   0x00000004   PAD
    0x08001848   0x08001848   0x00000292   Code   RO         1782    .text.HAL_ADCEx_MultiModeConfigChannel  stm32h7xx_hal_adc_ex.o
    0x08001ada   0x08001ada   0x00000006   PAD
    0x08001ae0   0x08001ae0   0x00000ba0   Code   RO         1609    .text.HAL_ADC_ConfigChannel  stm32h7xx_hal_adc.o
    0x08002680   0x08002680   0x00000502   Code   RO         1527    .text.HAL_ADC_Init  stm32h7xx_hal_adc.o
    0x08002b82   0x08002b82   0x00000006   PAD
    0x08002b88   0x08002b88   0x000001b4   Code   RO           41    .text.HAL_ADC_MspInit  adc.o
    0x08002d3c   0x08002d3c   0x00000004   PAD
    0x08002d40   0x08002d40   0x00000978   Code   RO          897    .text.HAL_DMA_Abort  stm32h7xx_hal_dma.o
    0x080036b8   0x080036b8   0x000006aa   Code   RO          899    .text.HAL_DMA_Abort_IT  stm32h7xx_hal_dma.o
    0x08003d62   0x08003d62   0x00000006   PAD
    0x08003d68   0x08003d68   0x000011c0   Code   RO          903    .text.HAL_DMA_IRQHandler  stm32h7xx_hal_dma.o
    0x08004f28   0x08004f28   0x00000960   Code   RO          879    .text.HAL_DMA_Init  stm32h7xx_hal_dma.o
    0x08005888   0x08005888   0x00000702   Code   RO          895    .text.HAL_DMA_Start_IT  stm32h7xx_hal_dma.o
    0x08005f8a   0x08005f8a   0x00000006   PAD
    0x08005f90   0x08005f90   0x00000042   Code   RO         1216    .text.HAL_Delay     stm32h7xx_hal.o
    0x08005fd2   0x08005fd2   0x00000006   PAD
    0x08005fd8   0x08005fd8   0x0000000a   Code   RO         1971    .text.HAL_FDCAN_ClockCalibrationCallback  stm32h7xx_hal_fdcan.o
    0x08005fe2   0x08005fe2   0x00000006   PAD
    0x08005fe8   0x08005fe8   0x00000008   Code   RO         1999    .text.HAL_FDCAN_ErrorCallback  stm32h7xx_hal_fdcan.o
    0x08005ff0   0x08005ff0   0x0000000a   Code   RO         1989    .text.HAL_FDCAN_ErrorStatusCallback  stm32h7xx_hal_fdcan.o
    0x08005ffa   0x08005ffa   0x00000006   PAD
    0x08006000   0x08006000   0x000002f8   Code   RO         1889    .text.HAL_FDCAN_GetRxMessage  stm32h7xx_hal_fdcan.o
    0x080062f8   0x080062f8   0x00000008   Code   RO         1967    .text.HAL_FDCAN_HighPriorityMessageCallback  stm32h7xx_hal_fdcan.o
    0x08006300   0x08006300   0x000005e2   Code   RO         1965    .text.HAL_FDCAN_IRQHandler  stm32h7xx_hal_fdcan.o
    0x080068e2   0x080068e2   0x00000006   PAD
    0x080068e8   0x080068e8   0x000003e0   Code   RO         1805    .text.HAL_FDCAN_Init  stm32h7xx_hal_fdcan.o
    0x08006cc8   0x08006cc8   0x0000028e   Code   RO           79    .text.HAL_FDCAN_MspInit  fdcan.o
    0x08006f56   0x08006f56   0x00000002   PAD
    0x08006f58   0x08006f58   0x00000008   Code   RO         1983    .text.HAL_FDCAN_RxBufferNewMessageCallback  stm32h7xx_hal_fdcan.o
    0x08006f60   0x08006f60   0x00000112   Code   RO         2904    .text.HAL_FDCAN_RxFifo0Callback  bsp_fdcan.o
    0x08007072   0x08007072   0x00000006   PAD
    0x08007078   0x08007078   0x0000000a   Code   RO         1977    .text.HAL_FDCAN_RxFifo1Callback  stm32h7xx_hal_fdcan.o
    0x08007082   0x08007082   0x00000006   PAD
    0x08007088   0x08007088   0x0000000a   Code   RO         1997    .text.HAL_FDCAN_TT_GlobalTimeCallback  stm32h7xx_hal_fdcan.o
    0x08007092   0x08007092   0x00000006   PAD
    0x08007098   0x08007098   0x0000000a   Code   RO         1991    .text.HAL_FDCAN_TT_ScheduleSyncCallback  stm32h7xx_hal_fdcan.o
    0x080070a2   0x080070a2   0x00000006   PAD
    0x080070a8   0x080070a8   0x0000000c   Code   RO         1995    .text.HAL_FDCAN_TT_StopWatchCallback  stm32h7xx_hal_fdcan.o
    0x080070b4   0x080070b4   0x00000004   PAD
    0x080070b8   0x080070b8   0x0000000a   Code   RO         1993    .text.HAL_FDCAN_TT_TimeMarkCallback  stm32h7xx_hal_fdcan.o
    0x080070c2   0x080070c2   0x00000006   PAD
    0x080070c8   0x080070c8   0x00000008   Code   RO         1987    .text.HAL_FDCAN_TimeoutOccurredCallback  stm32h7xx_hal_fdcan.o
    0x080070d0   0x080070d0   0x00000008   Code   RO         1985    .text.HAL_FDCAN_TimestampWraparoundCallback  stm32h7xx_hal_fdcan.o
    0x080070d8   0x080070d8   0x0000000a   Code   RO         1969    .text.HAL_FDCAN_TxBufferAbortCallback  stm32h7xx_hal_fdcan.o
    0x080070e2   0x080070e2   0x00000006   PAD
    0x080070e8   0x080070e8   0x0000000a   Code   RO         1981    .text.HAL_FDCAN_TxBufferCompleteCallback  stm32h7xx_hal_fdcan.o
    0x080070f2   0x080070f2   0x00000006   PAD
    0x080070f8   0x080070f8   0x0000000a   Code   RO         1973    .text.HAL_FDCAN_TxEventFifoCallback  stm32h7xx_hal_fdcan.o
    0x08007102   0x08007102   0x00000006   PAD
    0x08007108   0x08007108   0x00000008   Code   RO         1979    .text.HAL_FDCAN_TxFifoEmptyCallback  stm32h7xx_hal_fdcan.o
    0x08007110   0x08007110   0x000003a8   Code   RO          827    .text.HAL_GPIO_Init  stm32h7xx_hal_gpio.o
    0x080074b8   0x080074b8   0x0000002e   Code   RO          833    .text.HAL_GPIO_WritePin  stm32h7xx_hal_gpio.o
    0x080074e6   0x080074e6   0x00000002   PAD
    0x080074e8   0x080074e8   0x0000000c   Code   RO         1208    .text.HAL_GetTick   stm32h7xx_hal.o
    0x080074f4   0x080074f4   0x00000004   PAD
    0x080074f8   0x080074f8   0x0000001a   Code   RO         1206    .text.HAL_IncTick   stm32h7xx_hal.o
    0x08007512   0x08007512   0x00000006   PAD
    0x08007518   0x08007518   0x0000007a   Code   RO         1196    .text.HAL_Init      stm32h7xx_hal.o
    0x08007592   0x08007592   0x00000006   PAD
    0x08007598   0x08007598   0x00000086   Code   RO         1198    .text.HAL_InitTick  stm32h7xx_hal.o
    0x0800761e   0x0800761e   0x00000002   PAD
    0x08007620   0x08007620   0x00000080   Code   RO         1155    .text.HAL_MPU_ConfigRegion  stm32h7xx_hal_cortex.o
    0x080076a0   0x080076a0   0x00000022   Code   RO         1147    .text.HAL_MPU_Disable  stm32h7xx_hal_cortex.o
    0x080076c2   0x080076c2   0x00000006   PAD
    0x080076c8   0x080076c8   0x00000030   Code   RO         1149    .text.HAL_MPU_Enable  stm32h7xx_hal_cortex.o
    0x080076f8   0x080076f8   0x00000024   Code   RO          271    .text.HAL_MspInit   stm32h7xx_hal_msp.o
    0x0800771c   0x0800771c   0x00000004   PAD
    0x08007720   0x08007720   0x00000014   Code   RO         1131    .text.HAL_NVIC_EnableIRQ  stm32h7xx_hal_cortex.o
    0x08007734   0x08007734   0x00000004   PAD
    0x08007738   0x08007738   0x0000002e   Code   RO         1123    .text.HAL_NVIC_SetPriority  stm32h7xx_hal_cortex.o
    0x08007766   0x08007766   0x00000002   PAD
    0x08007768   0x08007768   0x00000010   Code   RO         1119    .text.HAL_NVIC_SetPriorityGrouping  stm32h7xx_hal_cortex.o
    0x08007778   0x08007778   0x00000036   Code   RO          500    .text.HAL_PCDEx_ActivateLPM  stm32h7xx_hal_pcd_ex.o
    0x080077ae   0x080077ae   0x00000002   PAD
    0x080077b0   0x080077b0   0x0000000c   Code   RO          512    .text.HAL_PCDEx_LPM_Callback  stm32h7xx_hal_pcd_ex.o
    0x080077bc   0x080077bc   0x00000004   PAD
    0x080077c0   0x080077c0   0x00000018   Code   RO          498    .text.HAL_PCDEx_SetRxFiFo  stm32h7xx_hal_pcd_ex.o
    0x080077d8   0x080077d8   0x0000009c   Code   RO          496    .text.HAL_PCDEx_SetTxFiFo  stm32h7xx_hal_pcd_ex.o
    0x08007874   0x08007874   0x00000004   PAD
    0x08007878   0x08007878   0x00000014   Code   RO          366    .text.HAL_PCD_ConnectCallback  usbd_conf.o
    0x0800788c   0x0800788c   0x00000004   PAD
    0x08007890   0x08007890   0x00000026   Code   RO          352    .text.HAL_PCD_DataInStageCallback  usbd_conf.o
    0x080078b6   0x080078b6   0x00000002   PAD
    0x080078b8   0x080078b8   0x00000028   Code   RO          350    .text.HAL_PCD_DataOutStageCallback  usbd_conf.o
    0x080078e0   0x080078e0   0x00000014   Code   RO          368    .text.HAL_PCD_DisconnectCallback  usbd_conf.o
    0x080078f4   0x080078f4   0x00000004   PAD
    0x080078f8   0x080078f8   0x0000005e   Code   RO          449    .text.HAL_PCD_EP_Abort  stm32h7xx_hal_pcd.o
    0x08007956   0x08007956   0x00000002   PAD
    0x08007958   0x08007958   0x000000a8   Code   RO          467    .text.HAL_PCD_EP_Close  stm32h7xx_hal_pcd.o
    0x08007a00   0x08007a00   0x000000c8   Code   RO          477    .text.HAL_PCD_EP_ClrStall  stm32h7xx_hal_pcd.o
    0x08007ac8   0x08007ac8   0x00000022   Code   RO          471    .text.HAL_PCD_EP_GetRxCount  stm32h7xx_hal_pcd.o
    0x08007aea   0x08007aea   0x00000006   PAD
    0x08007af0   0x08007af0   0x000000ea   Code   RO          465    .text.HAL_PCD_EP_Open  stm32h7xx_hal_pcd.o
    0x08007bda   0x08007bda   0x00000006   PAD
    0x08007be0   0x08007be0   0x0000006c   Code   RO          469    .text.HAL_PCD_EP_Receive  stm32h7xx_hal_pcd.o
    0x08007c4c   0x08007c4c   0x00000004   PAD
    0x08007c50   0x08007c50   0x000000de   Code   RO          475    .text.HAL_PCD_EP_SetStall  stm32h7xx_hal_pcd.o
    0x08007d2e   0x08007d2e   0x00000002   PAD
    0x08007d30   0x08007d30   0x0000006c   Code   RO          473    .text.HAL_PCD_EP_Transmit  stm32h7xx_hal_pcd.o
    0x08007d9c   0x08007d9c   0x00000004   PAD
    0x08007da0   0x08007da0   0x00000888   Code   RO          427    .text.HAL_PCD_IRQHandler  stm32h7xx_hal_pcd.o
    0x08008628   0x08008628   0x0000001c   Code   RO          364    .text.HAL_PCD_ISOINIncompleteCallback  usbd_conf.o
    0x08008644   0x08008644   0x00000004   PAD
    0x08008648   0x08008648   0x0000001c   Code   RO          362    .text.HAL_PCD_ISOOUTIncompleteCallback  usbd_conf.o
    0x08008664   0x08008664   0x00000004   PAD
    0x08008668   0x08008668   0x0000023a   Code   RO          415    .text.HAL_PCD_Init  stm32h7xx_hal_pcd.o
    0x080088a2   0x080088a2   0x00000006   PAD
    0x080088a8   0x080088a8   0x00000078   Code   RO          344    .text.HAL_PCD_MspInit  usbd_conf.o
    0x08008920   0x08008920   0x00000052   Code   RO          356    .text.HAL_PCD_ResetCallback  usbd_conf.o
    0x08008972   0x08008972   0x00000006   PAD
    0x08008978   0x08008978   0x00000014   Code   RO          360    .text.HAL_PCD_ResumeCallback  usbd_conf.o
    0x0800898c   0x0800898c   0x00000004   PAD
    0x08008990   0x08008990   0x00000014   Code   RO          354    .text.HAL_PCD_SOFCallback  usbd_conf.o
    0x080089a4   0x080089a4   0x00000004   PAD
    0x080089a8   0x080089a8   0x0000005c   Code   RO          463    .text.HAL_PCD_SetAddress  stm32h7xx_hal_pcd.o
    0x08008a04   0x08008a04   0x00000004   PAD
    0x08008a08   0x08008a08   0x00000018   Code   RO          348    .text.HAL_PCD_SetupStageCallback  usbd_conf.o
    0x08008a20   0x08008a20   0x0000007c   Code   RO          423    .text.HAL_PCD_Start  stm32h7xx_hal_pcd.o
    0x08008a9c   0x08008a9c   0x00000004   PAD
    0x08008aa0   0x08008aa0   0x0000003e   Code   RO          358    .text.HAL_PCD_SuspendCallback  usbd_conf.o
    0x08008ade   0x08008ade   0x00000002   PAD
    0x08008ae0   0x08008ae0   0x000000a2   Code   RO         1036    .text.HAL_PWREx_ConfigSupply  stm32h7xx_hal_pwr_ex.o
    0x08008b82   0x08008b82   0x00000006   PAD
    0x08008b88   0x08008b88   0x00000012   Code   RO         1086    .text.HAL_PWREx_EnableUSBVoltageDetector  stm32h7xx_hal_pwr_ex.o
    0x08008b9a   0x08008b9a   0x00000006   PAD
    0x08008ba0   0x08008ba0   0x00000026   Code   RO          677    .text.HAL_RCCEx_GetD3PCLK1Freq  stm32h7xx_hal_rcc_ex.o
    0x08008bc6   0x08008bc6   0x00000002   PAD
    0x08008bc8   0x08008bc8   0x00000298   Code   RO          671    .text.HAL_RCCEx_GetPLL1ClockFreq  stm32h7xx_hal_rcc_ex.o
    0x08008e60   0x08008e60   0x00000298   Code   RO          673    .text.HAL_RCCEx_GetPLL2ClockFreq  stm32h7xx_hal_rcc_ex.o
    0x080090f8   0x080090f8   0x00000298   Code   RO          675    .text.HAL_RCCEx_GetPLL3ClockFreq  stm32h7xx_hal_rcc_ex.o
    0x08009390   0x08009390   0x00000ad2   Code   RO          669    .text.HAL_RCCEx_GetPeriphCLKFreq  stm32h7xx_hal_rcc_ex.o
    0x08009e62   0x08009e62   0x00000006   PAD
    0x08009e68   0x08009e68   0x00000fec   Code   RO          661    .text.HAL_RCCEx_PeriphCLKConfig  stm32h7xx_hal_rcc_ex.o
    0x0800ae54   0x0800ae54   0x00000004   PAD
    0x0800ae58   0x0800ae58   0x00000498   Code   RO          630    .text.HAL_RCC_ClockConfig  stm32h7xx_hal_rcc.o
    0x0800b2f0   0x0800b2f0   0x00000056   Code   RO          640    .text.HAL_RCC_GetHCLKFreq  stm32h7xx_hal_rcc.o
    0x0800b346   0x0800b346   0x00000002   PAD
    0x0800b348   0x0800b348   0x00000026   Code   RO          642    .text.HAL_RCC_GetPCLK1Freq  stm32h7xx_hal_rcc.o
    0x0800b36e   0x0800b36e   0x00000002   PAD
    0x0800b370   0x0800b370   0x00000026   Code   RO          644    .text.HAL_RCC_GetPCLK2Freq  stm32h7xx_hal_rcc.o
    0x0800b396   0x0800b396   0x00000002   PAD
    0x0800b398   0x0800b398   0x000002fc   Code   RO          632    .text.HAL_RCC_GetSysClockFreq  stm32h7xx_hal_rcc.o
    0x0800b694   0x0800b694   0x00000004   PAD
    0x0800b698   0x0800b698   0x00000a20   Code   RO          628    .text.HAL_RCC_OscConfig  stm32h7xx_hal_rcc.o
    0x0800c0b8   0x0800c0b8   0x000000d0   Code   RO         2634    .text.HAL_RS485Ex_Init  stm32h7xx_hal_uart_ex.o
    0x0800c188   0x0800c188   0x00000008   Code   RO         2094    .text.HAL_SPI_ErrorCallback  stm32h7xx_hal_spi.o
    0x0800c190   0x0800c190   0x00000390   Code   RO         2090    .text.HAL_SPI_IRQHandler  stm32h7xx_hal_spi.o
    0x0800c520   0x0800c520   0x00000292   Code   RO         2014    .text.HAL_SPI_Init  stm32h7xx_hal_spi.o
    0x0800c7b2   0x0800c7b2   0x00000006   PAD
    0x0800c7b8   0x0800c7b8   0x000001da   Code   RO           96    .text.HAL_SPI_MspInit  spi.o
    0x0800c992   0x0800c992   0x00000006   PAD
    0x0800c998   0x0800c998   0x00000008   Code   RO         2098    .text.HAL_SPI_RxCpltCallback  stm32h7xx_hal_spi.o
    0x0800c9a0   0x0800c9a0   0x00000008   Code   RO         2092    .text.HAL_SPI_SuspendCallback  stm32h7xx_hal_spi.o
    0x0800c9a8   0x0800c9a8   0x00000008   Code   RO         2100    .text.HAL_SPI_TxCpltCallback  stm32h7xx_hal_spi.o
    0x0800c9b0   0x0800c9b0   0x00000008   Code   RO         2096    .text.HAL_SPI_TxRxCpltCallback  stm32h7xx_hal_spi.o
    0x0800c9b8   0x0800c9b8   0x00000010   Code   RO         1143    .text.HAL_SYSTICK_Config  stm32h7xx_hal_cortex.o
    0x0800c9c8   0x0800c9c8   0x00000008   Code   RO         2473    .text.HAL_TIMEx_Break2Callback  stm32h7xx_hal_tim_ex.o
    0x0800c9d0   0x0800c9d0   0x00000008   Code   RO         2471    .text.HAL_TIMEx_BreakCallback  stm32h7xx_hal_tim_ex.o
    0x0800c9d8   0x0800c9d8   0x00000008   Code   RO         2467    .text.HAL_TIMEx_CommutCallback  stm32h7xx_hal_tim_ex.o
    0x0800c9e0   0x0800c9e0   0x0000012e   Code   RO         2453    .text.HAL_TIMEx_ConfigBreakDeadTime  stm32h7xx_hal_tim_ex.o
    0x0800cb0e   0x0800cb0e   0x00000002   PAD
    0x0800cb10   0x0800cb10   0x0000017c   Code   RO         2451    .text.HAL_TIMEx_MasterConfigSynchronization  stm32h7xx_hal_tim_ex.o
    0x0800cc8c   0x0800cc8c   0x00000004   PAD
    0x0800cc90   0x0800cc90   0x000000a8   Code   RO         2134    .text.HAL_TIM_Base_Init  stm32h7xx_hal_tim.o
    0x0800cd38   0x0800cd38   0x00000094   Code   RO          124    .text.HAL_TIM_Base_MspInit  tim.o
    0x0800cdcc   0x0800cdcc   0x00000004   PAD
    0x0800cdd0   0x0800cdd0   0x00000128   Code   RO         2148    .text.HAL_TIM_Base_Start_IT  stm32h7xx_hal_tim.o
    0x0800cef8   0x0800cef8   0x000001d0   Code   RO         2330    .text.HAL_TIM_ConfigClockSource  stm32h7xx_hal_tim.o
    0x0800d0c8   0x0800d0c8   0x00000008   Code   RO         2270    .text.HAL_TIM_IC_CaptureCallback  stm32h7xx_hal_tim.o
    0x0800d0d0   0x0800d0d0   0x00000250   Code   RO         2268    .text.HAL_TIM_IRQHandler  stm32h7xx_hal_tim.o
    0x0800d320   0x0800d320   0x00000104   Code   RO          112    .text.HAL_TIM_MspPostInit  tim.o
    0x0800d424   0x0800d424   0x00000004   PAD
    0x0800d428   0x0800d428   0x00000008   Code   RO         2272    .text.HAL_TIM_OC_DelayElapsedCallback  stm32h7xx_hal_tim.o
    0x0800d430   0x0800d430   0x000001b0   Code   RO         2304    .text.HAL_TIM_PWM_ConfigChannel  stm32h7xx_hal_tim.o
    0x0800d5e0   0x0800d5e0   0x000000a8   Code   RO         2188    .text.HAL_TIM_PWM_Init  stm32h7xx_hal_tim.o
    0x0800d688   0x0800d688   0x0000009a   Code   RO          122    .text.HAL_TIM_PWM_MspInit  tim.o
    0x0800d722   0x0800d722   0x00000006   PAD
    0x0800d728   0x0800d728   0x00000008   Code   RO         2274    .text.HAL_TIM_PWM_PulseFinishedCallback  stm32h7xx_hal_tim.o
    0x0800d730   0x0800d730   0x0000003c   Code   RO         3248    .text.HAL_TIM_PeriodElapsedCallback  control_task.o
    0x0800d76c   0x0800d76c   0x00000004   PAD
    0x0800d770   0x0800d770   0x00000008   Code   RO         2278    .text.HAL_TIM_TriggerCallback  stm32h7xx_hal_tim.o
    0x0800d778   0x0800d778   0x0000007c   Code   RO         2656    .text.HAL_UARTEx_DisableFifoMode  stm32h7xx_hal_uart_ex.o
    0x0800d7f4   0x0800d7f4   0x00000004   PAD
    0x0800d7f8   0x0800d7f8   0x0000000c   Code   RO         2580    .text.HAL_UARTEx_RxEventCallback  stm32h7xx_hal_uart.o
    0x0800d804   0x0800d804   0x00000004   PAD
    0x0800d808   0x0800d808   0x00000008   Code   RO         2638    .text.HAL_UARTEx_RxFifoFullCallback  stm32h7xx_hal_uart_ex.o
    0x0800d810   0x0800d810   0x0000008c   Code   RO         2660    .text.HAL_UARTEx_SetRxFifoThreshold  stm32h7xx_hal_uart_ex.o
    0x0800d89c   0x0800d89c   0x00000004   PAD
    0x0800d8a0   0x0800d8a0   0x0000008c   Code   RO         2658    .text.HAL_UARTEx_SetTxFifoThreshold  stm32h7xx_hal_uart_ex.o
    0x0800d92c   0x0800d92c   0x00000004   PAD
    0x0800d930   0x0800d930   0x00000008   Code   RO         2640    .text.HAL_UARTEx_TxFifoEmptyCallback  stm32h7xx_hal_uart_ex.o
    0x0800d938   0x0800d938   0x00000008   Code   RO         2636    .text.HAL_UARTEx_WakeupCallback  stm32h7xx_hal_uart_ex.o
    0x0800d940   0x0800d940   0x00000008   Code   RO         2578    .text.HAL_UART_ErrorCallback  stm32h7xx_hal_uart.o
    0x0800d948   0x0800d948   0x000006c8   Code   RO         2574    .text.HAL_UART_IRQHandler  stm32h7xx_hal_uart.o
    0x0800e010   0x0800e010   0x000000aa   Code   RO         2486    .text.HAL_UART_Init  stm32h7xx_hal_uart.o
    0x0800e0ba   0x0800e0ba   0x00000006   PAD
    0x0800e0c0   0x0800e0c0   0x00000854   Code   RO          154    .text.HAL_UART_MspInit  usart.o
    0x0800e914   0x0800e914   0x00000004   PAD
    0x0800e918   0x0800e918   0x000000a0   Code   RO         2534    .text.HAL_UART_Receive_DMA  stm32h7xx_hal_uart.o
    0x0800e9b8   0x0800e9b8   0x000001d4   Code   RO         2923    .text.HAL_UART_RxCpltCallback  uart.o
    0x0800eb8c   0x0800eb8c   0x00000004   PAD
    0x0800eb90   0x0800eb90   0x00000008   Code   RO         2590    .text.HAL_UART_RxHalfCpltCallback  stm32h7xx_hal_uart.o
    0x0800eb98   0x0800eb98   0x00000108   Code   RO         2526    .text.HAL_UART_Transmit_DMA  stm32h7xx_hal_uart.o
    0x0800eca0   0x0800eca0   0x00000008   Code   RO         2584    .text.HAL_UART_TxCpltCallback  stm32h7xx_hal_uart.o
    0x0800eca8   0x0800eca8   0x00000008   Code   RO         2586    .text.HAL_UART_TxHalfCpltCallback  stm32h7xx_hal_uart.o
    0x0800ecb0   0x0800ecb0   0x00000004   Code   RO          184    .text.HardFault_Handler  stm32h7xx_it.o
    0x0800ecb4   0x0800ecb4   0x00000004   PAD
    0x0800ecb8   0x0800ecb8   0x0000007a   Code   RO          306    .text.IntToUnicode  usbd_desc.o
    0x0800ed32   0x0800ed32   0x00000006   PAD
    0x0800ed38   0x0800ed38   0x00000018   Code   RO         1533    .text.LL_ADC_DisableDeepPowerDown  stm32h7xx_hal_adc.o
    0x0800ed50   0x0800ed50   0x0000001e   Code   RO         1537    .text.LL_ADC_EnableInternalRegulator  stm32h7xx_hal_adc.o
    0x0800ed6e   0x0800ed6e   0x00000002   PAD
    0x0800ed70   0x0800ed70   0x00000010   Code   RO         1631    .text.LL_ADC_GetCommonPathInternalCh  stm32h7xx_hal_adc.o
    0x0800ed80   0x0800ed80   0x0000001e   Code   RO         1625    .text.LL_ADC_GetOffsetChannel  stm32h7xx_hal_adc.o
    0x0800ed9e   0x0800ed9e   0x00000002   PAD
    0x0800eda0   0x0800eda0   0x00000010   Code   RO         1545    .text.LL_ADC_INJ_IsConversionOngoing  stm32h7xx_hal_adc.o
    0x0800edb0   0x0800edb0   0x00000010   Code   RO         1531    .text.LL_ADC_IsDeepPowerDownEnabled  stm32h7xx_hal_adc.o
    0x0800edc0   0x0800edc0   0x00000010   Code   RO         1541    .text.LL_ADC_IsEnabled  stm32h7xx_hal_adc.o
    0x0800edd0   0x0800edd0   0x00000010   Code   RO         1692    .text.LL_ADC_IsEnabled  stm32h7xx_hal_adc_ex.o
    0x0800ede0   0x0800ede0   0x00000010   Code   RO         1535    .text.LL_ADC_IsInternalRegulatorEnabled  stm32h7xx_hal_adc.o
    0x0800edf0   0x0800edf0   0x00000010   Code   RO         1539    .text.LL_ADC_REG_IsConversionOngoing  stm32h7xx_hal_adc.o
    0x0800ee00   0x0800ee00   0x00000010   Code   RO         1694    .text.LL_ADC_REG_IsConversionOngoing  stm32h7xx_hal_adc_ex.o
    0x0800ee10   0x0800ee10   0x0000003a   Code   RO         1611    .text.LL_ADC_REG_SetSequencerRanks  stm32h7xx_hal_adc.o
    0x0800ee4a   0x0800ee4a   0x00000006   PAD
    0x0800ee50   0x0800ee50   0x00000036   Code   RO         1613    .text.LL_ADC_SetChannelSamplingTime  stm32h7xx_hal_adc.o
    0x0800ee86   0x0800ee86   0x00000002   PAD
    0x0800ee88   0x0800ee88   0x00000070   Code   RO         1629    .text.LL_ADC_SetChannelSingleDiff  stm32h7xx_hal_adc.o
    0x0800eef8   0x0800eef8   0x0000001a   Code   RO         1543    .text.LL_ADC_SetCommonClock  stm32h7xx_hal_adc.o
    0x0800ef12   0x0800ef12   0x00000006   PAD
    0x0800ef18   0x0800ef18   0x0000001a   Code   RO         1633    .text.LL_ADC_SetCommonPathInternalCh  stm32h7xx_hal_adc.o
    0x0800ef32   0x0800ef32   0x00000006   PAD
    0x0800ef38   0x0800ef38   0x00000024   Code   RO         1623    .text.LL_ADC_SetDataRightShift  stm32h7xx_hal_adc.o
    0x0800ef5c   0x0800ef5c   0x00000004   PAD
    0x0800ef60   0x0800ef60   0x0000005c   Code   RO         1615    .text.LL_ADC_SetOffset  stm32h7xx_hal_adc.o
    0x0800efbc   0x0800efbc   0x00000004   PAD
    0x0800efc0   0x0800efc0   0x0000003a   Code   RO         1619    .text.LL_ADC_SetOffsetSaturation  stm32h7xx_hal_adc.o
    0x0800effa   0x0800effa   0x00000006   PAD
    0x0800f000   0x0800f000   0x0000003a   Code   RO         1617    .text.LL_ADC_SetOffsetSign  stm32h7xx_hal_adc.o
    0x0800f03a   0x0800f03a   0x00000006   PAD
    0x0800f040   0x0800f040   0x0000003c   Code   RO         1621    .text.LL_ADC_SetOffsetSignedSaturation  stm32h7xx_hal_adc.o
    0x0800f07c   0x0800f07c   0x00000004   PAD
    0x0800f080   0x0800f080   0x0000004c   Code   RO         1627    .text.LL_ADC_SetOffsetState  stm32h7xx_hal_adc.o
    0x0800f0cc   0x0800f0cc   0x00000004   PAD
    0x0800f0d0   0x0800f0d0   0x0000005a   Code   RO           13    .text.MPU_Config    main.o
    0x0800f12a   0x0800f12a   0x00000006   PAD
    0x0800f130   0x0800f130   0x000000e0   Code   RO           37    .text.MX_ADC1_Init  adc.o
    0x0800f210   0x0800f210   0x000000a2   Code   RO           39    .text.MX_ADC3_Init  adc.o
    0x0800f2b2   0x0800f2b2   0x00000006   PAD
    0x0800f2b8   0x0800f2b8   0x00000038   Code   RO           56    .text.MX_BDMA_Init  bdma.o
    0x0800f2f0   0x0800f2f0   0x0000019e   Code   RO           64    .text.MX_DMA_Init   dma.o
    0x0800f48e   0x0800f48e   0x00000002   PAD
    0x0800f490   0x0800f490   0x0000007e   Code   RO           73    .text.MX_FDCAN1_Init  fdcan.o
    0x0800f50e   0x0800f50e   0x00000002   PAD
    0x0800f510   0x0800f510   0x00000082   Code   RO           75    .text.MX_FDCAN2_Init  fdcan.o
    0x0800f592   0x0800f592   0x00000006   PAD
    0x0800f598   0x0800f598   0x00000082   Code   RO           77    .text.MX_FDCAN3_Init  fdcan.o
    0x0800f61a   0x0800f61a   0x00000006   PAD
    0x0800f620   0x0800f620   0x0000013e   Code   RO           29    .text.MX_GPIO_Init  gpio.o
    0x0800f75e   0x0800f75e   0x00000002   PAD
    0x0800f760   0x0800f760   0x0000006e   Code   RO           94    .text.MX_SPI2_Init  spi.o
    0x0800f7ce   0x0800f7ce   0x00000002   PAD
    0x0800f7d0   0x0800f7d0   0x00000106   Code   RO          110    .text.MX_TIM1_Init  tim.o
    0x0800f8d6   0x0800f8d6   0x00000002   PAD
    0x0800f8d8   0x0800f8d8   0x000000b4   Code   RO          114    .text.MX_TIM2_Init  tim.o
    0x0800f98c   0x0800f98c   0x00000004   PAD
    0x0800f990   0x0800f990   0x000000a2   Code   RO          116    .text.MX_TIM3_Init  tim.o
    0x0800fa32   0x0800fa32   0x00000006   PAD
    0x0800fa38   0x0800fa38   0x0000005c   Code   RO          118    .text.MX_TIM7_Init  tim.o
    0x0800fa94   0x0800fa94   0x00000004   PAD
    0x0800fa98   0x0800fa98   0x0000008c   Code   RO          120    .text.MX_TIM8_Init  tim.o
    0x0800fb24   0x0800fb24   0x00000004   PAD
    0x0800fb28   0x0800fb28   0x0000009c   Code   RO          142    .text.MX_UART5_Init  usart.o
    0x0800fbc4   0x0800fbc4   0x00000004   PAD
    0x0800fbc8   0x0800fbc8   0x0000008e   Code   RO          144    .text.MX_UART7_Init  usart.o
    0x0800fc56   0x0800fc56   0x00000002   PAD
    0x0800fc58   0x0800fc58   0x0000008e   Code   RO          152    .text.MX_USART10_UART_Init  usart.o
    0x0800fce6   0x0800fce6   0x00000002   PAD
    0x0800fce8   0x0800fce8   0x0000008e   Code   RO          146    .text.MX_USART1_UART_Init  usart.o
    0x0800fd76   0x0800fd76   0x00000002   PAD
    0x0800fd78   0x0800fd78   0x0000009a   Code   RO          148    .text.MX_USART2_UART_Init  usart.o
    0x0800fe12   0x0800fe12   0x00000006   PAD
    0x0800fe18   0x0800fe18   0x0000009a   Code   RO          150    .text.MX_USART3_UART_Init  usart.o
    0x0800feb2   0x0800feb2   0x00000006   PAD
    0x0800feb8   0x0800feb8   0x0000007a   Code   RO          279    .text.MX_USB_DEVICE_Init  usb_device.o
    0x0800ff32   0x0800ff32   0x00000006   PAD
    0x0800ff38   0x0800ff38   0x00000004   Code   RO          186    .text.MemManage_Handler  stm32h7xx_it.o
    0x0800ff3c   0x0800ff3c   0x00000004   PAD
    0x0800ff40   0x0800ff40   0x00000004   Code   RO          182    .text.NMI_Handler   stm32h7xx_it.o
    0x0800ff44   0x0800ff44   0x00000004   PAD
    0x0800ff48   0x0800ff48   0x0000006c   Code   RO         1129    .text.NVIC_EncodePriority  stm32h7xx_hal_cortex.o
    0x0800ffb4   0x0800ffb4   0x00000004   PAD
    0x0800ffb8   0x0800ffb8   0x00000010   Code   RO          252    .text.OTG_HS_IRQHandler  stm32h7xx_it.o
    0x0800ffc8   0x0800ffc8   0x0000008a   Code   RO          431    .text.PCD_EP_OutSetupPacket_int  stm32h7xx_hal_pcd.o
    0x08010052   0x08010052   0x00000006   PAD
    0x08010058   0x08010058   0x000001c8   Code   RO          429    .text.PCD_EP_OutXfrComplete_int  stm32h7xx_hal_pcd.o
    0x08010220   0x08010220   0x00000132   Code   RO          439    .text.PCD_WriteEmptyTxFifo  stm32h7xx_hal_pcd.o
    0x08010352   0x08010352   0x00000006   PAD
    0x08010358   0x08010358   0x00000002   Code   RO          196    .text.PendSV_Handler  stm32h7xx_it.o
    0x0801035a   0x0801035a   0x00000006   PAD
    0x08010360   0x08010360   0x00000032   Code   RO           17    .text.PeriphCommonClock_Config  main.o
    0x08010392   0x08010392   0x00000006   PAD
    0x08010398   0x08010398   0x000001ca   Code   RO          663    .text.RCCEx_PLL2_Config  stm32h7xx_hal_rcc_ex.o
    0x08010562   0x08010562   0x00000006   PAD
    0x08010568   0x08010568   0x000001ca   Code   RO          665    .text.RCCEx_PLL3_Config  stm32h7xx_hal_rcc_ex.o
    0x08010732   0x08010732   0x00000006   PAD
    0x08010738   0x08010738   0x00000010   Code   RO          222    .text.SPI2_IRQHandler  stm32h7xx_it.o
    0x08010748   0x08010748   0x00000116   Code   RO         2026    .text.SPI_CloseTransfer  stm32h7xx_hal_spi.o
    0x0801085e   0x0801085e   0x00000002   PAD
    0x08010860   0x08010860   0x0000002c   Code   RO         2102    .text.SPI_DMAAbortOnError  stm32h7xx_hal_spi.o
    0x0801088c   0x0801088c   0x00000004   PAD
    0x08010890   0x08010890   0x0000002a   Code   RO         2016    .text.SPI_GetPacketSize  stm32h7xx_hal_spi.o
    0x080108ba   0x080108ba   0x00000006   PAD
    0x080108c0   0x080108c0   0x00000002   Code   RO          192    .text.SVC_Handler   stm32h7xx_it.o
    0x080108c2   0x080108c2   0x00000006   PAD
    0x080108c8   0x080108c8   0x00000036   Code   RO         2772    .text.SWAPBYTE      usbd_ctlreq.o
    0x080108fe   0x080108fe   0x00000002   PAD
    0x08010900   0x08010900   0x00000052   Code   RO         1145    .text.SysTick_Config  stm32h7xx_hal_cortex.o
    0x08010952   0x08010952   0x00000006   PAD
    0x08010958   0x08010958   0x00000008   Code   RO          198    .text.SysTick_Handler  stm32h7xx_it.o
    0x08010960   0x08010960   0x000000d0   Code   RO           15    .text.SystemClock_Config  main.o
    0x08010a30   0x08010a30   0x0000013a   Code   RO         2679    .text.SystemInit    system_stm32h7xx.o
    0x08010b6a   0x08010b6a   0x00000006   PAD
    0x08010b70   0x08010b70   0x00000010   Code   RO          236    .text.TIM7_IRQHandler  stm32h7xx_it.o
    0x08010b80   0x08010b80   0x00000010   Code   RO          230    .text.TIM8_UP_TIM13_IRQHandler  stm32h7xx_it.o
    0x08010b90   0x08010b90   0x000001d0   Code   RO         2138    .text.TIM_Base_SetConfig  stm32h7xx_hal_tim.o
    0x08010d60   0x08010d60   0x00000034   Code   RO         2328    .text.TIM_ETR_SetConfig  stm32h7xx_hal_tim.o
    0x08010d94   0x08010d94   0x00000004   PAD
    0x08010d98   0x08010d98   0x00000030   Code   RO         2334    .text.TIM_ITRx_SetConfig  stm32h7xx_hal_tim.o
    0x08010dc8   0x08010dc8   0x00000150   Code   RO         2282    .text.TIM_OC1_SetConfig  stm32h7xx_hal_tim.o
    0x08010f18   0x08010f18   0x0000016c   Code   RO         2284    .text.TIM_OC2_SetConfig  stm32h7xx_hal_tim.o
    0x08011084   0x08011084   0x00000004   PAD
    0x08011088   0x08011088   0x0000016a   Code   RO         2286    .text.TIM_OC3_SetConfig  stm32h7xx_hal_tim.o
    0x080111f2   0x080111f2   0x00000006   PAD
    0x080111f8   0x080111f8   0x000000da   Code   RO         2288    .text.TIM_OC4_SetConfig  stm32h7xx_hal_tim.o
    0x080112d2   0x080112d2   0x00000006   PAD
    0x080112d8   0x080112d8   0x000000d0   Code   RO         2290    .text.TIM_OC5_SetConfig  stm32h7xx_hal_tim.o
    0x080113a8   0x080113a8   0x000000d2   Code   RO         2292    .text.TIM_OC6_SetConfig  stm32h7xx_hal_tim.o
    0x0801147a   0x0801147a   0x00000006   PAD
    0x08011480   0x08011480   0x00000050   Code   RO         2332    .text.TIM_TI1_ConfigInputStage  stm32h7xx_hal_tim.o
    0x080114d0   0x080114d0   0x00000052   Code   RO         2336    .text.TIM_TI2_ConfigInputStage  stm32h7xx_hal_tim.o
    0x08011522   0x08011522   0x00000006   PAD
    0x08011528   0x08011528   0x00000010   Code   RO          234    .text.UART5_IRQHandler  stm32h7xx_it.o
    0x08011538   0x08011538   0x00000010   Code   RO          254    .text.UART7_IRQHandler  stm32h7xx_it.o
    0x08011548   0x08011548   0x00000086   Code   RO         2654    .text.UARTEx_SetNbDataToProcess  stm32h7xx_hal_uart_ex.o
    0x080115ce   0x080115ce   0x00000002   PAD
    0x080115d0   0x080115d0   0x00000148   Code   RO         2490    .text.UART_AdvFeatureConfig  stm32h7xx_hal_uart.o
    0x08011718   0x08011718   0x00000146   Code   RO         2494    .text.UART_CheckIdleState  stm32h7xx_hal_uart.o
    0x0801185e   0x0801185e   0x00000002   PAD
    0x08011860   0x08011860   0x00000024   Code   RO         2576    .text.UART_DMAAbortOnError  stm32h7xx_hal_uart.o
    0x08011884   0x08011884   0x00000004   PAD
    0x08011888   0x08011888   0x00000080   Code   RO         2532    .text.UART_DMAError  stm32h7xx_hal_uart.o
    0x08011908   0x08011908   0x000000f6   Code   RO         2622    .text.UART_DMAReceiveCplt  stm32h7xx_hal_uart.o
    0x080119fe   0x080119fe   0x00000002   PAD
    0x08011a00   0x08011a00   0x00000036   Code   RO         2624    .text.UART_DMARxHalfCplt  stm32h7xx_hal_uart.o
    0x08011a36   0x08011a36   0x00000002   PAD
    0x08011a38   0x08011a38   0x0000007a   Code   RO         2528    .text.UART_DMATransmitCplt  stm32h7xx_hal_uart.o
    0x08011ab2   0x08011ab2   0x00000006   PAD
    0x08011ab8   0x08011ab8   0x00000016   Code   RO         2530    .text.UART_DMATxHalfCplt  stm32h7xx_hal_uart.o
    0x08011ace   0x08011ace   0x00000002   PAD
    0x08011ad0   0x08011ad0   0x0000009e   Code   RO         2546    .text.UART_EndRxTransfer  stm32h7xx_hal_uart.o
    0x08011b6e   0x08011b6e   0x00000002   PAD
    0x08011b70   0x08011b70   0x00000044   Code   RO         2582    .text.UART_EndTransmit_IT  stm32h7xx_hal_uart.o
    0x08011bb4   0x08011bb4   0x00000004   PAD
    0x08011bb8   0x08011bb8   0x0000005c   Code   RO         2544    .text.UART_EndTxTransfer  stm32h7xx_hal_uart.o
    0x08011c14   0x08011c14   0x00000004   PAD
    0x08011c18   0x08011c18   0x00000a4e   Code   RO         2492    .text.UART_SetConfig  stm32h7xx_hal_uart.o
    0x08012666   0x08012666   0x00000002   PAD
    0x08012668   0x08012668   0x0000012e   Code   RO         2536    .text.UART_Start_Receive_DMA  stm32h7xx_hal_uart.o
    0x08012796   0x08012796   0x00000002   PAD
    0x08012798   0x08012798   0x0000010c   Code   RO         2508    .text.UART_WaitOnFlagUntilTimeout  stm32h7xx_hal_uart.o
    0x080128a4   0x080128a4   0x00000004   PAD
    0x080128a8   0x080128a8   0x00000010   Code   RO          258    .text.USART10_IRQHandler  stm32h7xx_it.o
    0x080128b8   0x080128b8   0x00000010   Code   RO          224    .text.USART1_IRQHandler  stm32h7xx_it.o
    0x080128c8   0x080128c8   0x00000010   Code   RO          226    .text.USART2_IRQHandler  stm32h7xx_it.o
    0x080128d8   0x080128d8   0x00000010   Code   RO          228    .text.USART3_IRQHandler  stm32h7xx_it.o
    0x080128e8   0x080128e8   0x000000f4   Code   RO         2815    .text.USBD_CDC_DataIn  usbd_cdc.o
    0x080129dc   0x080129dc   0x00000004   PAD
    0x080129e0   0x080129e0   0x00000070   Code   RO         2817    .text.USBD_CDC_DataOut  usbd_cdc.o
    0x08012a50   0x08012a50   0x000000ec   Code   RO         2809    .text.USBD_CDC_DeInit  usbd_cdc.o
    0x08012b3c   0x08012b3c   0x00000004   PAD
    0x08012b40   0x08012b40   0x00000078   Code   RO         2813    .text.USBD_CDC_EP0_RxReady  usbd_cdc.o
    0x08012bb8   0x08012bb8   0x00000016   Code   RO         2825    .text.USBD_CDC_GetDeviceQualifierDescriptor  usbd_cdc.o
    0x08012bce   0x08012bce   0x00000002   PAD
    0x08012bd0   0x08012bd0   0x0000006c   Code   RO         2821    .text.USBD_CDC_GetFSCfgDesc  usbd_cdc.o
    0x08012c3c   0x08012c3c   0x00000004   PAD
    0x08012c40   0x08012c40   0x00000070   Code   RO         2819    .text.USBD_CDC_GetHSCfgDesc  usbd_cdc.o
    0x08012cb0   0x08012cb0   0x0000006c   Code   RO         2823    .text.USBD_CDC_GetOtherSpeedCfgDesc  usbd_cdc.o
    0x08012d1c   0x08012d1c   0x00000004   PAD
    0x08012d20   0x08012d20   0x0000021c   Code   RO         2807    .text.USBD_CDC_Init  usbd_cdc.o
    0x08012f3c   0x08012f3c   0x00000004   PAD
    0x08012f40   0x08012f40   0x0000007e   Code   RO         2835    .text.USBD_CDC_ReceivePacket  usbd_cdc.o
    0x08012fbe   0x08012fbe   0x00000002   PAD
    0x08012fc0   0x08012fc0   0x00000034   Code   RO         2827    .text.USBD_CDC_RegisterInterface  usbd_cdc.o
    0x08012ff4   0x08012ff4   0x00000004   PAD
    0x08012ff8   0x08012ff8   0x0000003c   Code   RO         2831    .text.USBD_CDC_SetRxBuffer  usbd_cdc.o
    0x08013034   0x08013034   0x00000004   PAD
    0x08013038   0x08013038   0x00000046   Code   RO         2829    .text.USBD_CDC_SetTxBuffer  usbd_cdc.o
    0x0801307e   0x0801307e   0x00000002   PAD
    0x08013080   0x08013080   0x000001cc   Code   RO         2811    .text.USBD_CDC_Setup  usbd_cdc.o
    0x0801324c   0x0801324c   0x00000004   PAD
    0x08013250   0x08013250   0x00000032   Code   RO         2707    .text.USBD_ClrClassConfig  usbd_core.o
    0x08013282   0x08013282   0x00000006   PAD
    0x08013288   0x08013288   0x00000040   Code   RO         2762    .text.USBD_ClrFeature  usbd_ctlreq.o
    0x080132c8   0x080132c8   0x0000000e   Code   RO         2715    .text.USBD_CoreFindEP  usbd_core.o
    0x080132d6   0x080132d6   0x00000002   PAD
    0x080132d8   0x080132d8   0x0000000e   Code   RO         2713    .text.USBD_CoreFindIF  usbd_core.o
    0x080132e6   0x080132e6   0x00000002   PAD
    0x080132e8   0x080132e8   0x0000001e   Code   RO         2792    .text.USBD_CtlContinueRx  usbd_ioreq.o
    0x08013306   0x08013306   0x00000002   PAD
    0x08013308   0x08013308   0x0000001e   Code   RO         2788    .text.USBD_CtlContinueSendData  usbd_ioreq.o
    0x08013326   0x08013326   0x00000002   PAD
    0x08013328   0x08013328   0x0000001c   Code   RO         2764    .text.USBD_CtlError  usbd_ctlreq.o
    0x08013344   0x08013344   0x00000004   PAD
    0x08013348   0x08013348   0x00000036   Code   RO         2790    .text.USBD_CtlPrepareRx  usbd_ioreq.o
    0x0801337e   0x0801337e   0x00000002   PAD
    0x08013380   0x08013380   0x00000022   Code   RO         2796    .text.USBD_CtlReceiveStatus  usbd_ioreq.o
    0x080133a2   0x080133a2   0x00000006   PAD
    0x080133a8   0x080133a8   0x00000032   Code   RO         2786    .text.USBD_CtlSendData  usbd_ioreq.o
    0x080133da   0x080133da   0x00000006   PAD
    0x080133e0   0x080133e0   0x00000022   Code   RO         2794    .text.USBD_CtlSendStatus  usbd_ioreq.o
    0x08013402   0x08013402   0x00000006   PAD
    0x08013408   0x08013408   0x00000064   Code   RO         2756    .text.USBD_GetConfig  usbd_ctlreq.o
    0x0801346c   0x0801346c   0x00000004   PAD
    0x08013470   0x08013470   0x0000031e   Code   RO         2750    .text.USBD_GetDescriptor  usbd_ctlreq.o
    0x0801378e   0x0801378e   0x00000002   PAD
    0x08013790   0x08013790   0x00000076   Code   RO         2737    .text.USBD_GetEpDesc  usbd_core.o
    0x08013806   0x08013806   0x00000002   PAD
    0x08013808   0x08013808   0x00000032   Code   RO         2776    .text.USBD_GetLen   usbd_ctlreq.o
    0x0801383a   0x0801383a   0x00000006   PAD
    0x08013840   0x08013840   0x00000026   Code   RO         2739    .text.USBD_GetNextDesc  usbd_core.o
    0x08013866   0x08013866   0x00000002   PAD
    0x08013868   0x08013868   0x00000062   Code   RO         2758    .text.USBD_GetStatus  usbd_ctlreq.o
    0x080138ca   0x080138ca   0x00000006   PAD
    0x080138d0   0x080138d0   0x000000bc   Code   RO         2774    .text.USBD_GetString  usbd_ctlreq.o
    0x0801398c   0x0801398c   0x00000004   PAD
    0x08013990   0x08013990   0x00000052   Code   RO          374    .text.USBD_Get_USB_Status  usbd_conf.o
    0x080139e2   0x080139e2   0x00000006   PAD
    0x080139e8   0x080139e8   0x0000004e   Code   RO          298    .text.USBD_HS_ConfigStrDescriptor  usbd_desc.o
    0x08013a36   0x08013a36   0x00000002   PAD
    0x08013a38   0x08013a38   0x0000001a   Code   RO          288    .text.USBD_HS_DeviceDescriptor  usbd_desc.o
    0x08013a52   0x08013a52   0x00000006   PAD
    0x08013a58   0x08013a58   0x0000004e   Code   RO          300    .text.USBD_HS_InterfaceStrDescriptor  usbd_desc.o
    0x08013aa6   0x08013aa6   0x00000002   PAD
    0x08013aa8   0x08013aa8   0x0000001a   Code   RO          290    .text.USBD_HS_LangIDStrDescriptor  usbd_desc.o
    0x08013ac2   0x08013ac2   0x00000006   PAD
    0x08013ac8   0x08013ac8   0x00000028   Code   RO          292    .text.USBD_HS_ManufacturerStrDescriptor  usbd_desc.o
    0x08013af0   0x08013af0   0x0000004e   Code   RO          294    .text.USBD_HS_ProductStrDescriptor  usbd_desc.o
    0x08013b3e   0x08013b3e   0x00000002   PAD
    0x08013b40   0x08013b40   0x00000020   Code   RO          296    .text.USBD_HS_SerialStrDescriptor  usbd_desc.o
    0x08013b60   0x08013b60   0x0000006a   Code   RO         2693    .text.USBD_Init     usbd_core.o
    0x08013bca   0x08013bca   0x00000006   PAD
    0x08013bd0   0x08013bd0   0x0000003a   Code   RO          388    .text.USBD_LL_ClearStallEP  usbd_conf.o
    0x08013c0a   0x08013c0a   0x00000006   PAD
    0x08013c10   0x08013c10   0x0000003a   Code   RO          382    .text.USBD_LL_CloseEP  usbd_conf.o
    0x08013c4a   0x08013c4a   0x00000006   PAD
    0x08013c50   0x08013c50   0x00000190   Code   RO         2717    .text.USBD_LL_DataInStage  usbd_core.o
    0x08013de0   0x08013de0   0x000001b2   Code   RO         2711    .text.USBD_LL_DataOutStage  usbd_core.o
    0x08013f92   0x08013f92   0x00000006   PAD
    0x08013f98   0x08013f98   0x0000000a   Code   RO         2733    .text.USBD_LL_DevConnected  usbd_core.o
    0x08013fa2   0x08013fa2   0x00000006   PAD
    0x08013fa8   0x08013fa8   0x00000040   Code   RO         2735    .text.USBD_LL_DevDisconnected  usbd_core.o
    0x08013fe8   0x08013fe8   0x0000001c   Code   RO          398    .text.USBD_LL_GetRxDataSize  usbd_conf.o
    0x08014004   0x08014004   0x00000004   PAD
    0x08014008   0x08014008   0x00000086   Code   RO          370    .text.USBD_LL_Init  usbd_conf.o
    0x0801408e   0x0801408e   0x00000002   PAD
    0x08014090   0x08014090   0x0000005a   Code   RO          390    .text.USBD_LL_IsStallEP  usbd_conf.o
    0x080140ea   0x080140ea   0x00000006   PAD
    0x080140f0   0x080140f0   0x0000006e   Code   RO         2729    .text.USBD_LL_IsoINIncomplete  usbd_core.o
    0x0801415e   0x0801415e   0x00000002   PAD
    0x08014160   0x08014160   0x0000006e   Code   RO         2731    .text.USBD_LL_IsoOUTIncomplete  usbd_core.o
    0x080141ce   0x080141ce   0x00000002   PAD
    0x080141d0   0x080141d0   0x0000004a   Code   RO          380    .text.USBD_LL_OpenEP  usbd_conf.o
    0x0801421a   0x0801421a   0x00000006   PAD
    0x08014220   0x08014220   0x00000042   Code   RO          396    .text.USBD_LL_PrepareReceive  usbd_conf.o
    0x08014262   0x08014262   0x00000006   PAD
    0x08014268   0x08014268   0x0000009c   Code   RO         2719    .text.USBD_LL_Reset  usbd_core.o
    0x08014304   0x08014304   0x00000004   PAD
    0x08014308   0x08014308   0x00000024   Code   RO         2725    .text.USBD_LL_Resume  usbd_core.o
    0x0801432c   0x0801432c   0x00000004   PAD
    0x08014330   0x08014330   0x0000003e   Code   RO         2727    .text.USBD_LL_SOF   usbd_core.o
    0x0801436e   0x0801436e   0x00000002   PAD
    0x08014370   0x08014370   0x00000016   Code   RO         2721    .text.USBD_LL_SetSpeed  usbd_core.o
    0x08014386   0x08014386   0x00000002   PAD
    0x08014388   0x08014388   0x0000003a   Code   RO          392    .text.USBD_LL_SetUSBAddress  usbd_conf.o
    0x080143c2   0x080143c2   0x00000006   PAD
    0x080143c8   0x080143c8   0x00000094   Code   RO         2709    .text.USBD_LL_SetupStage  usbd_core.o
    0x0801445c   0x0801445c   0x00000004   PAD
    0x08014460   0x08014460   0x0000003a   Code   RO          386    .text.USBD_LL_StallEP  usbd_conf.o
    0x0801449a   0x0801449a   0x00000006   PAD
    0x080144a0   0x080144a0   0x00000032   Code   RO          376    .text.USBD_LL_Start  usbd_conf.o
    0x080144d2   0x080144d2   0x00000006   PAD
    0x080144d8   0x080144d8   0x0000002c   Code   RO         2723    .text.USBD_LL_Suspend  usbd_core.o
    0x08014504   0x08014504   0x00000004   PAD
    0x08014508   0x08014508   0x00000042   Code   RO          394    .text.USBD_LL_Transmit  usbd_conf.o
    0x0801454a   0x0801454a   0x00000006   PAD
    0x08014550   0x08014550   0x00000062   Code   RO         2770    .text.USBD_ParseSetupRequest  usbd_ctlreq.o
    0x080145b2   0x080145b2   0x00000006   PAD
    0x080145b8   0x080145b8   0x00000072   Code   RO         2697    .text.USBD_RegisterClass  usbd_core.o
    0x0801462a   0x0801462a   0x00000006   PAD
    0x08014630   0x08014630   0x0000000a   Code   RO         2703    .text.USBD_RunTestMode  usbd_core.o
    0x0801463a   0x0801463a   0x00000006   PAD
    0x08014640   0x08014640   0x0000008c   Code   RO         2752    .text.USBD_SetAddress  usbd_ctlreq.o
    0x080146cc   0x080146cc   0x00000004   PAD
    0x080146d0   0x080146d0   0x00000036   Code   RO         2705    .text.USBD_SetClassConfig  usbd_core.o
    0x08014706   0x08014706   0x00000002   PAD
    0x08014708   0x08014708   0x0000017e   Code   RO         2754    .text.USBD_SetConfig  usbd_ctlreq.o
    0x08014886   0x08014886   0x00000002   PAD
    0x08014888   0x08014888   0x0000004e   Code   RO         2760    .text.USBD_SetFeature  usbd_ctlreq.o
    0x080148d6   0x080148d6   0x00000002   PAD
    0x080148d8   0x080148d8   0x00000010   Code   RO         2699    .text.USBD_Start    usbd_core.o
    0x080148e8   0x080148e8   0x000000cc   Code   RO         2748    .text.USBD_StdDevReq  usbd_ctlreq.o
    0x080149b4   0x080149b4   0x00000004   PAD
    0x080149b8   0x080149b8   0x000003ac   Code   RO         2768    .text.USBD_StdEPReq  usbd_ctlreq.o
    0x08014d64   0x08014d64   0x00000004   PAD
    0x08014d68   0x08014d68   0x000000f4   Code   RO         2766    .text.USBD_StdItfReq  usbd_ctlreq.o
    0x08014e5c   0x08014e5c   0x00000004   PAD
    0x08014e60   0x08014e60   0x00000008   Code   RO          402    .text.USBD_static_free  usbd_conf.o
    0x08014e68   0x08014e68   0x00000010   Code   RO          400    .text.USBD_static_malloc  usbd_conf.o
    0x08014e78   0x08014e78   0x000000de   Code   RO          545    .text.USB_ActivateEndpoint  stm32h7xx_ll_usb.o
    0x08014f56   0x08014f56   0x00000002   PAD
    0x08014f58   0x08014f58   0x0000002c   Code   RO          587    .text.USB_ActivateSetup  stm32h7xx_ll_usb.o
    0x08014f84   0x08014f84   0x00000004   PAD
    0x08014f88   0x08014f88   0x000000ec   Code   RO          521    .text.USB_CoreInit  stm32h7xx_ll_usb.o
    0x08015074   0x08015074   0x00000004   PAD
    0x08015078   0x08015078   0x00000078   Code   RO          523    .text.USB_CoreReset  stm32h7xx_ll_usb.o
    0x080150f0   0x080150f0   0x00000138   Code   RO          549    .text.USB_DeactivateEndpoint  stm32h7xx_ll_usb.o
    0x08015228   0x08015228   0x0000002a   Code   RO          569    .text.USB_DevConnect  stm32h7xx_ll_usb.o
    0x08015252   0x08015252   0x00000006   PAD
    0x08015258   0x08015258   0x0000002a   Code   RO          571    .text.USB_DevDisconnect  stm32h7xx_ll_usb.o
    0x08015282   0x08015282   0x00000006   PAD
    0x08015288   0x08015288   0x00000290   Code   RO          535    .text.USB_DevInit   stm32h7xx_ll_usb.o
    0x08015518   0x08015518   0x00000014   Code   RO          529    .text.USB_DisableGlobalInt  stm32h7xx_ll_usb.o
    0x0801552c   0x0801552c   0x00000004   PAD
    0x08015530   0x08015530   0x0000009e   Code   RO          589    .text.USB_EP0_OutStart  stm32h7xx_ll_usb.o
    0x080155ce   0x080155ce   0x00000002   PAD
    0x080155d0   0x080155d0   0x000000a0   Code   RO          563    .text.USB_EPClearStall  stm32h7xx_ll_usb.o
    0x08015670   0x08015670   0x000000a8   Code   RO          561    .text.USB_EPSetStall  stm32h7xx_ll_usb.o
    0x08015718   0x08015718   0x000003e8   Code   RO          553    .text.USB_EPStartXfer  stm32h7xx_ll_usb.o
    0x08015b00   0x08015b00   0x0000011c   Code   RO          557    .text.USB_EPStopXfer  stm32h7xx_ll_usb.o
    0x08015c1c   0x08015c1c   0x00000004   PAD
    0x08015c20   0x08015c20   0x00000014   Code   RO          527    .text.USB_EnableGlobalInt  stm32h7xx_ll_usb.o
    0x08015c34   0x08015c34   0x00000004   PAD
    0x08015c38   0x08015c38   0x00000074   Code   RO          541    .text.USB_FlushRxFifo  stm32h7xx_ll_usb.o
    0x08015cac   0x08015cac   0x00000004   PAD
    0x08015cb0   0x08015cb0   0x0000007a   Code   RO          539    .text.USB_FlushTxFifo  stm32h7xx_ll_usb.o
    0x08015d2a   0x08015d2a   0x00000006   PAD
    0x08015d30   0x08015d30   0x0000004c   Code   RO          543    .text.USB_GetDevSpeed  stm32h7xx_ll_usb.o
    0x08015d7c   0x08015d7c   0x00000004   PAD
    0x08015d80   0x08015d80   0x00000010   Code   RO          533    .text.USB_GetMode   stm32h7xx_ll_usb.o
    0x08015d90   0x08015d90   0x00000024   Code   RO          579    .text.USB_ReadDevAllInEpInterrupt  stm32h7xx_ll_usb.o
    0x08015db4   0x08015db4   0x00000004   PAD
    0x08015db8   0x08015db8   0x00000024   Code   RO          577    .text.USB_ReadDevAllOutEpInterrupt  stm32h7xx_ll_usb.o
    0x08015ddc   0x08015ddc   0x00000004   PAD
    0x08015de0   0x08015de0   0x0000004e   Code   RO          583    .text.USB_ReadDevInEPInterrupt  stm32h7xx_ll_usb.o
    0x08015e2e   0x08015e2e   0x00000002   PAD
    0x08015e30   0x08015e30   0x0000002e   Code   RO          581    .text.USB_ReadDevOutEPInterrupt  stm32h7xx_ll_usb.o
    0x08015e5e   0x08015e5e   0x00000002   PAD
    0x08015e60   0x08015e60   0x0000001a   Code   RO          573    .text.USB_ReadInterrupts  stm32h7xx_ll_usb.o
    0x08015e7a   0x08015e7a   0x00000006   PAD
    0x08015e80   0x08015e80   0x000000b4   Code   RO          559    .text.USB_ReadPacket  stm32h7xx_ll_usb.o
    0x08015f34   0x08015f34   0x00000004   PAD
    0x08015f38   0x08015f38   0x000000de   Code   RO          531    .text.USB_SetCurrentMode  stm32h7xx_ll_usb.o
    0x08016016   0x08016016   0x00000002   PAD
    0x08016018   0x08016018   0x00000036   Code   RO          567    .text.USB_SetDevAddress  stm32h7xx_ll_usb.o
    0x0801604e   0x0801604e   0x00000002   PAD
    0x08016050   0x08016050   0x00000022   Code   RO          537    .text.USB_SetDevSpeed  stm32h7xx_ll_usb.o
    0x08016072   0x08016072   0x00000006   PAD
    0x08016078   0x08016078   0x000001ba   Code   RO          525    .text.USB_SetTurnaroundTime  stm32h7xx_ll_usb.o
    0x08016232   0x08016232   0x00000006   PAD
    0x08016238   0x08016238   0x00000082   Code   RO          555    .text.USB_WritePacket  stm32h7xx_ll_usb.o
    0x080162ba   0x080162ba   0x00000006   PAD
    0x080162c0   0x080162c0   0x00000004   Code   RO          190    .text.UsageFault_Handler  stm32h7xx_it.o
    0x080162c4   0x080162c4   0x00000004   PAD
    0x080162c8   0x080162c8   0x00000014   Code   RO         3113    .text._GLOBAL__sub_I_motor_task.cpp  motor_task.o
    0x080162dc   0x080162dc   0x00000004   PAD
    0x080162e0   0x080162e0   0x00000130   Code   RO         2942    .text._Z10SBUS_TO_RCPVKhP19Remote_Info_Typedef  remote_control.o
    0x08016410   0x08016410   0x000001ac   Code   RO         2919    .text._Z10USART_initP20__UART_HandleTypeDefPFvS0_PhE  uart.o
    0x080165bc   0x080165bc   0x00000004   PAD
    0x080165c0   0x080165c0   0x00000070   Code   RO         3099    .text._Z13motor_YS_InitP20__UART_HandleTypeDefP14Class_Motor_YShP20Struct_recv_motor_YS  motor_task.o
    0x08016630   0x08016630   0x00000052   Code   RO         2880    .text._Z13motor_max_minfff  math_support.o
    0x08016682   0x08016682   0x00000006   PAD
    0x08016688   0x08016688   0x00000008   Code   RO         3238    .text._Z16Task1ms_Callbackv  control_task.o
    0x08016690   0x08016690   0x00000070   Code   RO         3083    .text._Z16USART2_RxHandlerP20__UART_HandleTypeDefPh  motor_task.o
    0x08016700   0x08016700   0x0000009c   Code   RO         2917    .text._Z16USART_RX485_initP20__UART_HandleTypeDefPFvS0_PhE  uart.o
    0x0801679c   0x0801679c   0x00000004   PAD
    0x080167a0   0x080167a0   0x0000001a   Code   RO         2940    .text._Z17SBUS_TO_RC_HandleP20__UART_HandleTypeDefPh  remote_control.o
    0x080167ba   0x080167ba   0x00000006   PAD
    0x080167c0   0x080167c0   0x00000002   Code   RO         3240    .text._Z18Task500us_Callbackv  control_task.o
    0x080167c2   0x080167c2   0x00000006   PAD
    0x080167c8   0x080167c8   0x00000058   Code   RO         2921    .text._Z18UART_Transmit_DataP20__UART_HandleTypeDefPhh  uart.o
    0x08016820   0x08016820   0x0000005c   Code   RO         3087    .text._Z18motor_YS_Data_recvP14Class_Motor_YSP20Struct_recv_motor_YS  motor_task.o
    0x0801687c   0x0801687c   0x00000004   PAD
    0x08016880   0x08016880   0x00000074   Code   RO         3101    .text._Z18motor_YS_Data_sendP14Class_Motor_YS20Struct_send_motor_YS  motor_task.o
    0x080168f4   0x080168f4   0x00000004   PAD
    0x080168f8   0x080168f8   0x00000018   Code   RO         2944    .text._Z19remote_control_initv  remote_control.o
    0x08016910   0x08016910   0x0000002a   Code   RO         2972    .text._ZL14crc_ccitt_byteth  motor_ys.o
    0x0801693a   0x0801693a   0x00000006   PAD
    0x08016940   0x08016940   0x0000002a   Code   RO         3111    .text._ZL14crc_ccitt_byteth  motor_task.o
    0x0801696a   0x0801696a   0x00000006   PAD
    0x08016970   0x08016970   0x00000038   Code   RO         2960    .text._ZL9crc_ccittPKhj  motor_ys.o
    0x080169a8   0x080169a8   0x00000038   Code   RO         3085    .text._ZL9crc_ccittPKhj  motor_task.o
    0x080169e0   0x080169e0   0x0000003c   Code   RO         3133    .text._ZN14Class_Motor_DJC2Ev  motor_task.o
    0x08016a1c   0x08016a1c   0x00000004   PAD
    0x08016a20   0x08016a20   0x00000012   Code   RO         3137    .text._ZN14Class_Motor_DMC2Ev  motor_task.o
    0x08016a32   0x08016a32   0x00000006   PAD
    0x08016a38   0x08016a38   0x00000012   Code   RO         3131    .text._ZN14Class_Motor_LZC2Ev  motor_task.o
    0x08016a4a   0x08016a4a   0x00000006   PAD
    0x08016a50   0x08016a50   0x00000034   Code   RO         2956    .text._ZN14Class_Motor_YS4InitEP20__UART_HandleTypeDeftRK18Enum_Motor_YS_Mode  motor_ys.o
    0x08016a84   0x08016a84   0x00000004   PAD
    0x08016a88   0x08016a88   0x00000024   Code   RO         2968    .text._ZN14Class_Motor_YS4zeroEv  motor_ys.o
    0x08016aac   0x08016aac   0x00000004   PAD
    0x08016ab0   0x08016ab0   0x00000012   Code   RO         3199    .text._ZN14Class_Motor_YS5Set_TERKf  motor_task.o
    0x08016ac2   0x08016ac2   0x00000006   PAD
    0x08016ac8   0x08016ac8   0x00000012   Code   RO         3201    .text._ZN14Class_Motor_YS5Set_WERKf  motor_task.o
    0x08016ada   0x08016ada   0x00000006   PAD
    0x08016ae0   0x08016ae0   0x00000012   Code   RO         3205    .text._ZN14Class_Motor_YS6Set_KdERKf  motor_task.o
    0x08016af2   0x08016af2   0x00000006   PAD
    0x08016af8   0x08016af8   0x00000012   Code   RO         3203    .text._ZN14Class_Motor_YS6Set_KpERKf  motor_task.o
    0x08016b0a   0x08016b0a   0x00000006   PAD
    0x08016b10   0x08016b10   0x00000014   Code   RO         2964    .text._ZN14Class_Motor_YS6enableEv  motor_ys.o
    0x08016b24   0x08016b24   0x00000004   PAD
    0x08016b28   0x08016b28   0x00000012   Code   RO         3197    .text._ZN14Class_Motor_YS7Set_PosERKf  motor_task.o
    0x08016b3a   0x08016b3a   0x00000006   PAD
    0x08016b40   0x08016b40   0x00000012   Code   RO         3195    .text._ZN14Class_Motor_YS9Set_AngleERKf  motor_task.o
    0x08016b52   0x08016b52   0x00000006   PAD
    0x08016b58   0x08016b58   0x0000012c   Code   RO         2970    .text._ZN14Class_Motor_YS9UART_recvEPh  motor_ys.o
    0x08016c84   0x08016c84   0x00000004   PAD
    0x08016c88   0x08016c88   0x00000024   Code   RO         2962    .text._ZN14Class_Motor_YS9UART_sendEv  motor_ys.o
    0x08016cac   0x08016cac   0x00000004   PAD
    0x08016cb0   0x08016cb0   0x00000228   Code   RO         2958    .text._ZN14Class_Motor_YS9send_dataEv  motor_ys.o
    0x08016ed8   0x08016ed8   0x00000012   Code   RO         3135    .text._ZN14Class_Motor_YSC2Ev  motor_task.o
    0x08016eea   0x08016eea   0x00000006   PAD
    0x08016ef0   0x08016ef0   0x00000022   Code   RO         3235    .text._ZN9Class_PIDC2Ev  motor_task.o
    0x08016f12   0x08016f12   0x00000006   PAD
    0x08016f18   0x08016f18   0x0000000c   Code   RO         3181    .text._ZNK14Class_Motor_YS10Get_MErrorEv  motor_task.o
    0x08016f24   0x08016f24   0x00000004   PAD
    0x08016f28   0x08016f28   0x0000000e   Code   RO         3187    .text._ZNK14Class_Motor_YS11Get_Now_PosEv  motor_task.o
    0x08016f36   0x08016f36   0x00000002   PAD
    0x08016f38   0x08016f38   0x0000000e   Code   RO         3185    .text._ZNK14Class_Motor_YS13Get_Now_AngleEv  motor_task.o
    0x08016f46   0x08016f46   0x00000002   PAD
    0x08016f48   0x08016f48   0x0000000e   Code   RO         3193    .text._ZNK14Class_Motor_YS19Get_Now_TemperatureEv  motor_task.o
    0x08016f56   0x08016f56   0x00000002   PAD
    0x08016f58   0x08016f58   0x0000000c   Code   RO         3183    .text._ZNK14Class_Motor_YS8Get_modeEv  motor_task.o
    0x08016f64   0x08016f64   0x00000004   PAD
    0x08016f68   0x08016f68   0x0000000e   Code   RO         3179    .text._ZNK14Class_Motor_YS9Get_AngleEv  motor_task.o
    0x08016f76   0x08016f76   0x00000002   PAD
    0x08016f78   0x08016f78   0x0000000e   Code   RO         3191    .text._ZNK14Class_Motor_YS9Get_Now_TEv  motor_task.o
    0x08016f86   0x08016f86   0x00000002   PAD
    0x08016f88   0x08016f88   0x0000000e   Code   RO         3189    .text._ZNK14Class_Motor_YS9Get_Now_WEv  motor_task.o
    0x08016f96   0x08016f96   0x00000002   PAD
    0x08016f98   0x08016f98   0x00000030   Code   RO         1133    .text.__NVIC_EnableIRQ  stm32h7xx_hal_cortex.o
    0x08016fc8   0x08016fc8   0x00000010   Code   RO         1125    .text.__NVIC_GetPriorityGrouping  stm32h7xx_hal_cortex.o
    0x08016fd8   0x08016fd8   0x00000042   Code   RO         1127    .text.__NVIC_SetPriority  stm32h7xx_hal_cortex.o
    0x0801701a   0x0801701a   0x00000006   PAD
    0x08017020   0x08017020   0x0000003c   Code   RO         1121    .text.__NVIC_SetPriorityGrouping  stm32h7xx_hal_cortex.o
    0x0801705c   0x0801705c   0x00000004   PAD
    0x08017060   0x08017060   0x00000010   Code   RO         3063    .text.__cxx_global_var_init  motor_task.o
    0x08017070   0x08017070   0x00000010   Code   RO         3065    .text.__cxx_global_var_init.1  motor_task.o
    0x08017080   0x08017080   0x00000010   Code   RO         3067    .text.__cxx_global_var_init.2  motor_task.o
    0x08017090   0x08017090   0x00000010   Code   RO         3069    .text.__cxx_global_var_init.3  motor_task.o
    0x080170a0   0x080170a0   0x00000002   Code   RO         3246    .text.control_task  control_task.o
    0x080170a2   0x080170a2   0x00000006   PAD
    0x080170a8   0x080170a8   0x00000024   Code   RO         3244    .text.control_task_init  control_task.o
    0x080170cc   0x080170cc   0x00000004   PAD
    0x080170d0   0x080170d0   0x00000150   Code   RO           11    .text.main          main.o
    0x08017220   0x08017220   0x0000006a   Code   RO         3109    .text.motor_task    motor_task.o
    0x0801728a   0x0801728a   0x00000006   PAD
    0x08017290   0x08017290   0x0000003a   Code   RO         3107    .text.motor_task_init  motor_task.o
    0x080172ca   0x080172ca   0x0000001a   Code   RO         3349    x$fpl$fpinit        fz_wv.l(fpinit.o)
    0x080172e4   0x080172e4   0x0000004c   Data   RO         2005    .rodata..L__const.HAL_FDCAN_Init.CvtEltSize  stm32h7xx_hal_fdcan.o
    0x08017330   0x08017330   0x00000010   Data   RO         2685    .rodata.D1CorePrescTable  system_stm32h7xx.o
    0x08017340   0x08017340   0x00000010   Data   RO         2006    .rodata.DLCtoBytes  stm32h7xx_hal_fdcan.o
    0x08017350   0x08017350   0x00000008   Data   RO          913    .rodata.DMA_CalcBaseAndBitshift.flagBitshiftOffset  stm32h7xx_hal_dma.o
    0x08017358   0x08017358   0x00000004   Data   RO         2887    .rodata.MATH_DEG_TO_RAD  math_support.o
    0x0801735c   0x0801735c   0x00000004   Data   RO         2886    .rodata.MATH_RPM_TO_RADPS  math_support.o
    0x08017360   0x08017360   0x00000008   Data   RO         2671    .rodata.UARTEx_SetNbDataToProcess.denominator  stm32h7xx_hal_uart_ex.o
    0x08017368   0x08017368   0x00000008   Data   RO         2670    .rodata.UARTEx_SetNbDataToProcess.numerator  stm32h7xx_hal_uart_ex.o
    0x08017370   0x08017370   0x00000018   Data   RO         2626    .rodata.UARTPrescTable  stm32h7xx_hal_uart.o
    0x08017388   0x08017388   0x00000200   Data   RO         2975    .rodata._ZL15crc_ccitt_table  motor_ys.o
    0x08017588   0x08017588   0x00000200   Data   RO         3123    .rodata._ZL15crc_ccitt_table  motor_task.o
    0x08017788   0x08017788   0x00000042   Data   RO          313    .rodata.str1.1      usbd_desc.o
    0x080177ca   0x080177ca   0x00000002   PAD
    0x080177cc   0x080177cc   0x00000030   Data   RO         3450    Region$$Table       anon$$obj.o
    0x080177fc   0x080177fc   0x00000004   Data   RO         3124    .init_array         motor_task.o
    0x08017800   0x080177fc   0x00000000   Data   RO         3269    .init_array         c_w.l(init_aeabi.o)


    Execution Region RW_IRAM1 (Exec base: 0x20000000, Load base: 0x08017800, Size: 0x00008fe8, Max: 0x00020000, ABSOLUTE)

    Exec Addr    Load Addr    Size         Type   Attr      Idx    E Section Name        Object

    0x20000000   0x08017800   0x00000001   Data   RW         2841    .data.CDCCmdEpAdd   usbd_cdc.o
    0x20000001   0x08017801   0x00000001   Data   RW         2839    .data.CDCInEpAdd    usbd_cdc.o
    0x20000002   0x08017802   0x00000001   Data   RW         2840    .data.CDCOutEpAdd   usbd_cdc.o
    0x20000003   0x08017803   0x00000001   PAD
    0x20000004   0x08017804   0x00000020   Data   RW          308    .data.HS_Desc       usbd_desc.o
    0x20000024   0x08017824   0x00000004   Data   RW         2683    .data.SystemCoreClock  system_stm32h7xx.o
    0x20000028   0x08017828   0x00000004   Data   RW         2684    .data.SystemD2Clock  system_stm32h7xx.o
    0x2000002c   0x0801782c   0x00000038   Data   RW         2837    .data.USBD_CDC      usbd_cdc.o
    0x20000064   0x08017864   0x00000043   Data   RW         2842    .data.USBD_CDC_CfgDesc  usbd_cdc.o
    0x200000a7   0x080178a7   0x00000001   PAD
    0x200000a8   0x080178a8   0x0000000a   Data   RW         2838    .data.USBD_CDC_DeviceQualifierDesc  usbd_cdc.o
    0x200000b2   0x080178b2   0x00000002   PAD
    0x200000b4   0x080178b4   0x00000012   Data   RW          309    .data.USBD_HS_DeviceDesc  usbd_desc.o
    0x200000c6   0x080178c6   0x00000002   PAD
    0x200000c8   0x080178c8   0x00000014   Data   RW          334    .data.USBD_Interface_fops_HS  usbd_cdc_if.o
    0x200000dc   0x080178dc   0x00000004   Data   RW          311    .data.USBD_LangIDDesc  usbd_desc.o
    0x200000e0   0x080178e0   0x0000001a   Data   RW          312    .data.USBD_StringSerial  usbd_desc.o
    0x200000fa   0x080178fa   0x00000018   Data   RW         2948    .data.remote_ctrl   remote_control.o
    0x20000112   0x08017912   0x00000001   Data   RW         1305    .data.uwTickFreq    stm32h7xx_hal.o
    0x20000113   0x08017913   0x00000001   PAD
    0x20000114   0x08017914   0x00000004   Data   RW         1304    .data.uwTickPrio    stm32h7xx_hal.o
    0x20000118        -       0x00000060   Zero   RW         3374    .bss                c_w.l(libspace.o)
    0x20000178        -       0x00000038   Zero   RW         2907    .bss.CAN1_Manage_Object  bsp_fdcan.o
    0x200001b0        -       0x00000038   Zero   RW         2908    .bss.CAN2_Manage_Object  bsp_fdcan.o
    0x200001e8        -       0x00000038   Zero   RW         2909    .bss.CAN3_Manage_Object  bsp_fdcan.o
    0x20000220        -       0x00000004   Zero   RW           86    .bss.HAL_RCC_FDCAN_CLK_ENABLED  fdcan.o
    0x20000224        -       0x00000001   Zero   RW         2931    .bss.SBUS_RX_init_bl  uart.o
    0x20000225        -       0x00000001   Zero   RW         2778    .bss.USBD_SetConfig.cfgidx  usbd_ctlreq.o
    0x20000226   0x08017918   0x00000002   PAD
    0x20000228        -       0x00000200   Zero   RW          314    .bss.USBD_StrDesc   usbd_desc.o
    0x20000428        -       0x00000220   Zero   RW          407    .bss.USBD_static_malloc.mem  usbd_conf.o
    0x20000648        -       0x00000004   Zero   RW         2930    .bss.Usart10_Callback_Function  uart.o
    0x2000064c        -       0x00000004   Zero   RW         2925    .bss.Usart1_Callback_Function  uart.o
    0x20000650        -       0x00000004   Zero   RW         2926    .bss.Usart2_Callback_Function  uart.o
    0x20000654        -       0x00000004   Zero   RW         2927    .bss.Usart3_Callback_Function  uart.o
    0x20000658        -       0x00000004   Zero   RW         2928    .bss.Usart5_Callback_Function  uart.o
    0x2000065c        -       0x00000004   Zero   RW         2929    .bss.Usart7_Callback_Function  uart.o
    0x20000660        -       0x00000800   Zero   RW          335    .bss.UserRxBufferHS  usbd_cdc_if.o
    0x20000e60        -       0x00000800   Zero   RW          336    .bss.UserTxBufferHS  usbd_cdc_if.o
    0x20001660        -       0x000002dc   Zero   RW          281    .bss.hUsbDeviceHS   usb_device.o
    0x2000193c        -       0x00000070   Zero   RW           45    .bss.hadc1          adc.o
    0x200019ac        -       0x00000070   Zero   RW           46    .bss.hadc3          adc.o
    0x20001a1c        -       0x00000078   Zero   RW           47    .bss.hdma_adc1      adc.o
    0x20001a94        -       0x00000078   Zero   RW           48    .bss.hdma_adc3      adc.o
    0x20001b0c        -       0x00000078   Zero   RW           66    .bss.hdma_memtomem_dma2_stream6  dma.o
    0x20001b84        -       0x00000078   Zero   RW          101    .bss.hdma_spi2_rx   spi.o
    0x20001bfc        -       0x00000078   Zero   RW          102    .bss.hdma_spi2_tx   spi.o
    0x20001c74        -       0x00000078   Zero   RW          164    .bss.hdma_uart5_rx  usart.o
    0x20001cec        -       0x00000078   Zero   RW          165    .bss.hdma_uart7_rx  usart.o
    0x20001d64        -       0x00000078   Zero   RW          166    .bss.hdma_uart7_tx  usart.o
    0x20001ddc        -       0x00000078   Zero   RW          173    .bss.hdma_usart10_rx  usart.o
    0x20001e54        -       0x00000078   Zero   RW          174    .bss.hdma_usart10_tx  usart.o
    0x20001ecc        -       0x00000078   Zero   RW          167    .bss.hdma_usart1_rx  usart.o
    0x20001f44        -       0x00000078   Zero   RW          168    .bss.hdma_usart1_tx  usart.o
    0x20001fbc        -       0x00000078   Zero   RW          169    .bss.hdma_usart2_rx  usart.o
    0x20002034        -       0x00000078   Zero   RW          170    .bss.hdma_usart2_tx  usart.o
    0x200020ac        -       0x00000078   Zero   RW          171    .bss.hdma_usart3_rx  usart.o
    0x20002124        -       0x00000078   Zero   RW          172    .bss.hdma_usart3_tx  usart.o
    0x2000219c        -       0x000000a0   Zero   RW           83    .bss.hfdcan1        fdcan.o
    0x2000223c        -       0x000000a0   Zero   RW           84    .bss.hfdcan2        fdcan.o
    0x200022dc        -       0x000000a0   Zero   RW           85    .bss.hfdcan3        fdcan.o
    0x2000237c        -       0x000004e4   Zero   RW          406    .bss.hpcd_USB_OTG_HS  usbd_conf.o
    0x20002860        -       0x00000088   Zero   RW          100    .bss.hspi2          spi.o
    0x200028e8        -       0x0000004c   Zero   RW          130    .bss.htim1          tim.o
    0x20002934        -       0x0000004c   Zero   RW          131    .bss.htim2          tim.o
    0x20002980        -       0x0000004c   Zero   RW          132    .bss.htim3          tim.o
    0x200029cc        -       0x0000004c   Zero   RW          133    .bss.htim7          tim.o
    0x20002a18        -       0x0000004c   Zero   RW          134    .bss.htim8          tim.o
    0x20002a64        -       0x00000094   Zero   RW          160    .bss.huart1         usart.o
    0x20002af8        -       0x00000094   Zero   RW          163    .bss.huart10        usart.o
    0x20002b8c        -       0x00000094   Zero   RW          161    .bss.huart2         usart.o
    0x20002c20        -       0x00000094   Zero   RW          162    .bss.huart3         usart.o
    0x20002cb4        -       0x00000094   Zero   RW          158    .bss.huart5         usart.o
    0x20002d48        -       0x00000094   Zero   RW          159    .bss.huart7         usart.o
    0x20002ddc        -       0x000000e8   Zero   RW         3117    .bss.motor_DJ       motor_task.o
    0x20002ec4        -       0x0000004c   Zero   RW         3119    .bss.motor_YS       motor_task.o
    0x20002f10        -       0x00000050   Zero   RW         3121    .bss.motor_dm       motor_task.o
    0x20002f60        -       0x0000004c   Zero   RW         3115    .bss.motor_lz       motor_task.o
    0x20002fac        -       0x00000034   Zero   RW         3120    .bss.motor_ys_data  motor_task.o
    0x20002fe0        -       0x00000004   Zero   RW         1306    .bss.uwTick         stm32h7xx_hal.o
    0x20002fe4   0x08017918   0x00000004   PAD
    0x20002fe8        -       0x00002000   Zero   RW            2    HEAP                startup_stm32h723xx.o
    0x20004fe8        -       0x00004000   Zero   RW            1    STACK               startup_stm32h723xx.o


    Execution Region RW_IRAM2 (Exec base: 0x24000000, Load base: 0x08017918, Size: 0x0000007c, Max: 0x00020000, ABSOLUTE)

    Exec Addr    Load Addr    Size         Type   Attr      Idx    E Section Name        Object

    0x24000000   0x08017918   0x00000058   Data   RW         2932    .AXI_SRAM           uart.o
    0x24000058   0x08017970   0x00000021   Data   RW         2974    .AXI_SRAM           motor_ys.o


    Execution Region RW_IRAM3 (Exec base: 0x30000000, Load base: 0x08017994, Size: 0x00000000, Max: 0x00004000, ABSOLUTE)

    **** No section assigned to this execution region ****


    Execution Region RW_IRAM4 (Exec base: 0x30004000, Load base: 0x08017994, Size: 0x00000000, Max: 0x00004000, ABSOLUTE)

    **** No section assigned to this execution region ****


    Execution Region RW_IRAM5 (Exec base: 0x38000000, Load base: 0x08017994, Size: 0x00000000, Max: 0x00004000, ABSOLUTE)

    **** No section assigned to this execution region ****


==============================================================================

Image component sizes


      Code (inc. data)   RO Data    RW Data    ZI Data      Debug   Object Name

       822          0          0          0        464       9652   adc.o
        56          0          0          0          0       5213   bdma.o
       274          0          0          0        168      16815   bsp_fdcan.o
       108          0          0          0          0      16628   control_task.o
       414          0          0          0        120       7268   dma.o
      1040          0          0          0        484      11896   fdcan.o
       318          0          0          0          0       3014   gpio.o
       698          0          0          0          0       6135   main.o
        82          0          8          0          0      16033   math_support.o
      1142          0        516          0        516      36477   motor_task.o
      1094         80        512         33          0      19454   motor_ys.o
       354          0          0         24          0      15785   remote_control.o
       584          0          0          0        376      11436   spi.o
        64         26        716          0      24576        836   startup_stm32h723xx.o
       360          0          0          5          4      14605   stm32h7xx_hal.o
      5568          0          0          0          0      25047   stm32h7xx_hal_adc.o
       690          0          0          0          0      23622   stm32h7xx_hal_adc_ex.o
       688          0          0          0          0      11480   stm32h7xx_hal_cortex.o
     15540          8          8          0          0      12454   stm32h7xx_hal_dma.o
      4114          0         92          0          0      33556   stm32h7xx_hal_fdcan.o
       982          0          0          0          0       6970   stm32h7xx_hal_gpio.o
        36          0          0          0          0       2218   stm32h7xx_hal_msp.o
      5038          0          0          0          0      14327   stm32h7xx_hal_pcd.o
       246          0          0          0          0       5487   stm32h7xx_hal_pcd_ex.o
       180          0          0          0          0       9300   stm32h7xx_hal_pwr_ex.o
      4694         66          0          0          0      11371   stm32h7xx_hal_rcc.o
      9792        118          0          0          0      18611   stm32h7xx_hal_rcc_ex.o
      1974          0          0          0          0      20739   stm32h7xx_hal_spi.o
      4576         22          0          0          0      37556   stm32h7xx_hal_tim.o
       706          0          0          0          0      18122   stm32h7xx_hal_tim_ex.o
      7162        342         24          0          0      29366   stm32h7xx_hal_uart.o
       770          0         16          0          0       8880   stm32h7xx_hal_uart_ex.o
       546          0          0          0          0       4091   stm32h7xx_it.o
      5098          0          0          0          0      19879   stm32h7xx_ll_usb.o
       314          0         16          8          0       5173   system_stm32h7xx.o
      1398          0          0          0        380      12514   tim.o
      1140          0          0         88         25      14633   uart.o
      3022          0          0          0       2208      14120   usart.o
       122          0          0          0        732       3128   usb_device.o
      2370         12          0        136          0      11032   usbd_cdc.o
       206         36          0         20       4096       2586   usbd_cdc_if.o
      1348          4          0          0       1796      18273   usbd_conf.o
      2130          0          0          0          0       8971   usbd_core.o
      3466         46          0          0          1       8607   usbd_ctlreq.o
       572          0         66         80        512       3470   usbd_desc.o
       232          0          0          0          0       4190   usbd_ioreq.o

    ----------------------------------------------------------------------
     93354        768       2024        404      36464     611020   Object Totals
         0          0         48          0          0          0   (incl. Generated)
      1224          8          2         10          6          0   (incl. Padding)

    ----------------------------------------------------------------------

      Code (inc. data)   RO Data    RW Data    ZI Data      Debug   Library Member Name

        58          0          0          0          0          0   __dczerorl.o
         8          0          0          0          0         68   __main.o
         0          0          0          0          0          0   __rtentry.o
        12          0          0          0          0          0   __rtentry2.o
         6          0          0          0          0          0   __rtentry4.o
        94          8          0          0          0          0   __scatter.o
        26          0          0          0          0          0   __scatter_copy.o
        28          0          0          0          0          0   __scatter_zi.o
        18          0          0          0          0         80   exit.o
         6          0          0          0          0        152   heapauxi.o
         0          0          0          0          0          0   indicate_semi.o
        44          8          0          0          0         80   init_aeabi.o
         2          0          0          0          0          0   libinit.o
        10          0          0          0          0          0   libinit2.o
         2          0          0          0          0          0   libshutdown.o
         2          0          0          0          0          0   libshutdown2.o
         8          4          0          0         96         68   libspace.o
       240          0          0          0          0        100   lludivv7m.o
        78          0          0          0          0         80   rt_memclr_w.o
       100          0          0          0          0         80   rt_memcpy_w.o
         2          0          0          0          0          0   rtexit.o
        10          0          0          0          0          0   rtexit2.o
        12          4          0          0          0         68   sys_exit.o
        74          0          0          0          0         80   sys_stackheap_outer.o
         2          0          0          0          0         68   use_no_semi.o
        26          0          0          0          0        116   fpinit.o

    ----------------------------------------------------------------------
       878         24          0          0         96       1040   Library Totals
        10          0          0          0          0          0   (incl. Padding)

    ----------------------------------------------------------------------

      Code (inc. data)   RO Data    RW Data    ZI Data      Debug   Library Name

       842         24          0          0         96        924   c_w.l
        26          0          0          0          0        116   fz_wv.l

    ----------------------------------------------------------------------
       878         24          0          0         96       1040   Library Totals

    ----------------------------------------------------------------------

==============================================================================


      Code (inc. data)   RO Data    RW Data    ZI Data      Debug   

     94232        792       2024        404      36560     610952   Grand Totals
     94232        792       2024        404      36560     610952   ELF Image Totals
     94232        792       2024        404          0          0   ROM Totals

==============================================================================

    Total RO  Size (Code + RO Data)                96256 (  94.00kB)
    Total RW  Size (RW Data + ZI Data)             36964 (  36.10kB)
    Total ROM Size (Code + RO Data + RW Data)      96660 (  94.39kB)

==============================================================================

